D:/Comrado/ESC_BMS_Project/ALL DOCS/ALL DOCS/ESC/STM_B_G431_ESC/Comarado_ESC_6Step/Drivers/STM32G4xx_HAL_Driver/Src/stm32g4xx_hal_exti.c:144:19:HAL_EXTI_SetConfigLine	16	static
D:/Comrado/ESC_BMS_Project/ALL DOCS/ALL DOCS/ESC/STM_B_G431_ESC/Comarado_ESC_6Step/Drivers/STM32G4xx_HAL_Driver/Src/stm32g4xx_hal_exti.c:268:19:HAL_EXTI_GetConfigLine	8	static
D:/Comrado/ESC_BMS_Project/ALL DOCS/ALL DOCS/ESC/STM_B_G431_ESC/Comarado_ESC_6Step/Drivers/STM32G4xx_HAL_Driver/Src/stm32g4xx_hal_exti.c:364:19:HAL_EXTI_ClearConfigLine	12	static
D:/Comrado/ESC_BMS_Project/ALL DOCS/ALL DOCS/ESC/STM_B_G431_ESC/Comarado_ESC_6Step/Drivers/STM32G4xx_HAL_Driver/Src/stm32g4xx_hal_exti.c:432:19:HAL_EXTI_RegisterCallback	0	static
D:/Comrado/ESC_BMS_Project/ALL DOCS/ALL DOCS/ESC/STM_B_G431_ESC/Comarado_ESC_6Step/Drivers/STM32G4xx_HAL_Driver/Src/stm32g4xx_hal_exti.c:463:19:HAL_EXTI_GetHandle	0	static
D:/Comrado/ESC_BMS_Project/ALL DOCS/ALL DOCS/ESC/STM_B_G431_ESC/Comarado_ESC_6Step/Drivers/STM32G4xx_HAL_Driver/Src/stm32g4xx_hal_exti.c:504:6:HAL_EXTI_IRQHandler	4	static
D:/Comrado/ESC_BMS_Project/ALL DOCS/ALL DOCS/ESC/STM_B_G431_ESC/Comarado_ESC_6Step/Drivers/STM32G4xx_HAL_Driver/Src/stm32g4xx_hal_exti.c:539:10:HAL_EXTI_GetPending	0	static
D:/Comrado/ESC_BMS_Project/ALL DOCS/ALL DOCS/ESC/STM_B_G431_ESC/Comarado_ESC_6Step/Drivers/STM32G4xx_HAL_Driver/Src/stm32g4xx_hal_exti.c:574:6:HAL_EXTI_ClearPending	4	static
D:/Comrado/ESC_BMS_Project/ALL DOCS/ALL DOCS/ESC/STM_B_G431_ESC/Comarado_ESC_6Step/Drivers/STM32G4xx_HAL_Driver/Src/stm32g4xx_hal_exti.c:603:6:HAL_EXTI_GenerateSWI	4	static
