D:/Comrado/ESC_BMS_Project/ALL DOCS/ALL DOCS/ESC/STM_B_G431_ESC/Comarado_Motor_Profiler/Src/mc_math.c:58:20:MCM_Clarke	16	static
D:/Comrado/ESC_BMS_Project/ALL DOCS/ALL DOCS/ESC/STM_B_G431_ESC/Comarado_Motor_Profiler/Src/mc_math.c:299:24:MCM_Trig_Functions	8	static
D:/Comrado/ESC_BMS_Project/ALL DOCS/ALL DOCS/ESC/STM_B_G431_ESC/Comarado_Motor_Profiler/Src/mc_math.c:130:13:MCM_Park	32	static
D:/Comrado/ESC_BMS_Project/ALL DOCS/ALL DOCS/ESC/STM_B_G431_ESC/Comarado_Motor_Profiler/Src/mc_math.c:245:20:MCM_Rev_Park	32	static
D:/Comrado/ESC_BMS_Project/ALL DOCS/ALL DOCS/ESC/STM_B_G431_ESC/Comarado_Motor_Profiler/Src/mc_math.c:343:16:MCM_Sqrt	0	static,ignoring_inline_asm
D:/Comrado/ESC_BMS_Project/ALL DOCS/ALL DOCS/ESC/STM_B_G431_ESC/Comarado_Motor_Profiler/Src/mc_math.c:378:17:MCM_floatToIntBit	8	static
