D:/Comrado/ESC_BMS_Project/ALL DOCS/ALL DOCS/ESC/STM_B_G431_ESC/Comarado_Motor_Profiler/Src/stm32_mc_common_it.c:71:6:USART2_IRQHandler	8	static,ignoring_inline_asm
D:/Comrado/ESC_BMS_Project/ALL DOCS/ALL DOCS/ESC/STM_B_G431_ESC/Comarado_Motor_Profiler/Src/stm32_mc_common_it.c:149:6:HardFault_Handler	8	static
D:/Comrado/ESC_BMS_Project/ALL DOCS/ALL DOCS/ESC/STM_B_G431_ESC/Comarado_Motor_Profiler/Src/stm32_mc_common_it.c:168:6:SysTick_Handler	8	static
D:/Comrado/ESC_BMS_Project/ALL DOCS/ALL DOCS/ESC/STM_B_G431_ESC/Comarado_Motor_Profiler/Src/stm32_mc_common_it.c:214:6:EXTI15_10_IRQHandler	0	static
