D:/Comrado/ESC_BMS_Project/ALL DOCS/ALL DOCS/ESC/STM_B_G431_ESC/Comarado_ESC_6Step/MCSDK_v6.3.2-Full/MotorControl/MCSDK/MCLib/Any/Src/revup_ctrl_sixstep.c:102:13:RUC_Init	0	static
D:/Comrado/ESC_BMS_Project/ALL DOCS/ALL DOCS/ESC/STM_B_G431_ESC/Comarado_ESC_6Step/MCSDK_v6.3.2-Full/MotorControl/MCSDK/MCLib/Any/Src/revup_ctrl_sixstep.c:146:13:RUC_Clear	24	static
D:/Comrado/ESC_BMS_Project/ALL DOCS/ALL DOCS/ESC/STM_B_G431_ESC/Comarado_ESC_6Step/MCSDK_v6.3.2-Full/MotorControl/MCSDK/MCLib/Any/Src/revup_ctrl_sixstep.c:198:13:RUC_UpdatePulse	8	static
D:/Comrado/ESC_BMS_Project/ALL DOCS/ALL DOCS/ESC/STM_B_G431_ESC/Comarado_ESC_6Step/MCSDK_v6.3.2-Full/MotorControl/MCSDK/MCLib/Any/Src/revup_ctrl_sixstep.c:217:13:RUC_Exec	8	static
D:/Comrado/ESC_BMS_Project/ALL DOCS/ALL DOCS/ESC/STM_B_G431_ESC/Comarado_ESC_6Step/MCSDK_v6.3.2-Full/MotorControl/MCSDK/MCLib/Any/Src/revup_ctrl_sixstep.c:273:9:RUC_IsAlignStageNow	0	static
D:/Comrado/ESC_BMS_Project/ALL DOCS/ALL DOCS/ESC/STM_B_G431_ESC/Comarado_ESC_6Step/MCSDK_v6.3.2-Full/MotorControl/MCSDK/MCLib/Any/Src/revup_ctrl_sixstep.c:306:13:RUC_FirstAccelerationStageReached	0	static
D:/Comrado/ESC_BMS_Project/ALL DOCS/ALL DOCS/ESC/STM_B_G431_ESC/Comarado_ESC_6Step/MCSDK_v6.3.2-Full/MotorControl/MCSDK/MCLib/Any/Src/revup_ctrl_sixstep.c:329:13:RUC_ObserverSpeedReached	8	static
D:/Comrado/ESC_BMS_Project/ALL DOCS/ALL DOCS/ESC/STM_B_G431_ESC/Comarado_ESC_6Step/MCSDK_v6.3.2-Full/MotorControl/MCSDK/MCLib/Any/Src/revup_ctrl_sixstep.c:360:13:RUC_SetPhaseDurationms	0	static
D:/Comrado/ESC_BMS_Project/ALL DOCS/ALL DOCS/ESC/STM_B_G431_ESC/Comarado_ESC_6Step/MCSDK_v6.3.2-Full/MotorControl/MCSDK/MCLib/Any/Src/revup_ctrl_sixstep.c:380:13:RUC_SetPhaseFinalMecSpeedUnit	0	static
D:/Comrado/ESC_BMS_Project/ALL DOCS/ALL DOCS/ESC/STM_B_G431_ESC/Comarado_ESC_6Step/MCSDK_v6.3.2-Full/MotorControl/MCSDK/MCLib/Any/Src/revup_ctrl_sixstep.c:399:13:RUC_SetPhaseFinalPulse	0	static
D:/Comrado/ESC_BMS_Project/ALL DOCS/ALL DOCS/ESC/STM_B_G431_ESC/Comarado_ESC_6Step/MCSDK_v6.3.2-Full/MotorControl/MCSDK/MCLib/Any/Src/revup_ctrl_sixstep.c:418:17:RUC_GetPhaseDurationms	0	static
D:/Comrado/ESC_BMS_Project/ALL DOCS/ALL DOCS/ESC/STM_B_G431_ESC/Comarado_ESC_6Step/MCSDK_v6.3.2-Full/MotorControl/MCSDK/MCLib/Any/Src/revup_ctrl_sixstep.c:430:16:RUC_GetPhaseFinalMecSpeedUnit	0	static
D:/Comrado/ESC_BMS_Project/ALL DOCS/ALL DOCS/ESC/STM_B_G431_ESC/Comarado_ESC_6Step/MCSDK_v6.3.2-Full/MotorControl/MCSDK/MCLib/Any/Src/revup_ctrl_sixstep.c:442:16:RUC_GetPhaseFinalPulse	0	static
D:/Comrado/ESC_BMS_Project/ALL DOCS/ALL DOCS/ESC/STM_B_G431_ESC/Comarado_ESC_6Step/MCSDK_v6.3.2-Full/MotorControl/MCSDK/MCLib/Any/Src/revup_ctrl_sixstep.c:452:16:RUC_GetDirection	0	static
