Archive member included to satisfy reference by file (symbol)

C:/ST/STM32CubeIDE_1.10.1/STM32CubeIDE/plugins/com.st.stm32cube.ide.mcu.externaltools.gnu-tools-for-stm32.13.3.rel1.win32_1.0.0.202411081344/tools/bin/../lib/gcc/arm-none-eabi/13.3.1/../../../../arm-none-eabi/lib/thumb/v7e-m+fp/hard\libc_nano.a(libc_a-exit.o)
                              C:/ST/STM32CubeIDE_1.10.1/STM32CubeIDE/plugins/com.st.stm32cube.ide.mcu.externaltools.gnu-tools-for-stm32.13.3.rel1.win32_1.0.0.202411081344/tools/bin/../lib/gcc/arm-none-eabi/13.3.1/../../../../arm-none-eabi/lib/thumb/v7e-m+fp/hard/crt0.o (exit)
C:/ST/STM32CubeIDE_1.10.1/STM32CubeIDE/plugins/com.st.stm32cube.ide.mcu.externaltools.gnu-tools-for-stm32.13.3.rel1.win32_1.0.0.202411081344/tools/bin/../lib/gcc/arm-none-eabi/13.3.1/../../../../arm-none-eabi/lib/thumb/v7e-m+fp/hard\libc_nano.a(libc_a-findfp.o)
                              C:/ST/STM32CubeIDE_1.10.1/STM32CubeIDE/plugins/com.st.stm32cube.ide.mcu.externaltools.gnu-tools-for-stm32.13.3.rel1.win32_1.0.0.202411081344/tools/bin/../lib/gcc/arm-none-eabi/13.3.1/../../../../arm-none-eabi/lib/thumb/v7e-m+fp/hard\libc_nano.a(libc_a-exit.o) (__stdio_exit_handler)
C:/ST/STM32CubeIDE_1.10.1/STM32CubeIDE/plugins/com.st.stm32cube.ide.mcu.externaltools.gnu-tools-for-stm32.13.3.rel1.win32_1.0.0.202411081344/tools/bin/../lib/gcc/arm-none-eabi/13.3.1/../../../../arm-none-eabi/lib/thumb/v7e-m+fp/hard\libc_nano.a(libc_a-fwalk.o)
                              C:/ST/STM32CubeIDE_1.10.1/STM32CubeIDE/plugins/com.st.stm32cube.ide.mcu.externaltools.gnu-tools-for-stm32.13.3.rel1.win32_1.0.0.202411081344/tools/bin/../lib/gcc/arm-none-eabi/13.3.1/../../../../arm-none-eabi/lib/thumb/v7e-m+fp/hard\libc_nano.a(libc_a-findfp.o) (_fwalk_sglue)
C:/ST/STM32CubeIDE_1.10.1/STM32CubeIDE/plugins/com.st.stm32cube.ide.mcu.externaltools.gnu-tools-for-stm32.13.3.rel1.win32_1.0.0.202411081344/tools/bin/../lib/gcc/arm-none-eabi/13.3.1/../../../../arm-none-eabi/lib/thumb/v7e-m+fp/hard\libc_nano.a(libc_a-stdio.o)
                              C:/ST/STM32CubeIDE_1.10.1/STM32CubeIDE/plugins/com.st.stm32cube.ide.mcu.externaltools.gnu-tools-for-stm32.13.3.rel1.win32_1.0.0.202411081344/tools/bin/../lib/gcc/arm-none-eabi/13.3.1/../../../../arm-none-eabi/lib/thumb/v7e-m+fp/hard\libc_nano.a(libc_a-findfp.o) (__sread)
C:/ST/STM32CubeIDE_1.10.1/STM32CubeIDE/plugins/com.st.stm32cube.ide.mcu.externaltools.gnu-tools-for-stm32.13.3.rel1.win32_1.0.0.202411081344/tools/bin/../lib/gcc/arm-none-eabi/13.3.1/../../../../arm-none-eabi/lib/thumb/v7e-m+fp/hard\libc_nano.a(libc_a-memset.o)
                              C:/ST/STM32CubeIDE_1.10.1/STM32CubeIDE/plugins/com.st.stm32cube.ide.mcu.externaltools.gnu-tools-for-stm32.13.3.rel1.win32_1.0.0.202411081344/tools/bin/../lib/gcc/arm-none-eabi/13.3.1/../../../../arm-none-eabi/lib/thumb/v7e-m+fp/hard/crt0.o (memset)
C:/ST/STM32CubeIDE_1.10.1/STM32CubeIDE/plugins/com.st.stm32cube.ide.mcu.externaltools.gnu-tools-for-stm32.13.3.rel1.win32_1.0.0.202411081344/tools/bin/../lib/gcc/arm-none-eabi/13.3.1/../../../../arm-none-eabi/lib/thumb/v7e-m+fp/hard\libc_nano.a(libc_a-closer.o)
                              C:/ST/STM32CubeIDE_1.10.1/STM32CubeIDE/plugins/com.st.stm32cube.ide.mcu.externaltools.gnu-tools-for-stm32.13.3.rel1.win32_1.0.0.202411081344/tools/bin/../lib/gcc/arm-none-eabi/13.3.1/../../../../arm-none-eabi/lib/thumb/v7e-m+fp/hard\libc_nano.a(libc_a-stdio.o) (_close_r)
C:/ST/STM32CubeIDE_1.10.1/STM32CubeIDE/plugins/com.st.stm32cube.ide.mcu.externaltools.gnu-tools-for-stm32.13.3.rel1.win32_1.0.0.202411081344/tools/bin/../lib/gcc/arm-none-eabi/13.3.1/../../../../arm-none-eabi/lib/thumb/v7e-m+fp/hard\libc_nano.a(libc_a-reent.o)
                              C:/ST/STM32CubeIDE_1.10.1/STM32CubeIDE/plugins/com.st.stm32cube.ide.mcu.externaltools.gnu-tools-for-stm32.13.3.rel1.win32_1.0.0.202411081344/tools/bin/../lib/gcc/arm-none-eabi/13.3.1/../../../../arm-none-eabi/lib/thumb/v7e-m+fp/hard\libc_nano.a(libc_a-closer.o) (errno)
C:/ST/STM32CubeIDE_1.10.1/STM32CubeIDE/plugins/com.st.stm32cube.ide.mcu.externaltools.gnu-tools-for-stm32.13.3.rel1.win32_1.0.0.202411081344/tools/bin/../lib/gcc/arm-none-eabi/13.3.1/../../../../arm-none-eabi/lib/thumb/v7e-m+fp/hard\libc_nano.a(libc_a-impure.o)
                              C:/ST/STM32CubeIDE_1.10.1/STM32CubeIDE/plugins/com.st.stm32cube.ide.mcu.externaltools.gnu-tools-for-stm32.13.3.rel1.win32_1.0.0.202411081344/tools/bin/../lib/gcc/arm-none-eabi/13.3.1/../../../../arm-none-eabi/lib/thumb/v7e-m+fp/hard\libc_nano.a(libc_a-reent.o) (_impure_ptr)
C:/ST/STM32CubeIDE_1.10.1/STM32CubeIDE/plugins/com.st.stm32cube.ide.mcu.externaltools.gnu-tools-for-stm32.13.3.rel1.win32_1.0.0.202411081344/tools/bin/../lib/gcc/arm-none-eabi/13.3.1/../../../../arm-none-eabi/lib/thumb/v7e-m+fp/hard\libc_nano.a(libc_a-lseekr.o)
[...]
Memory Configuration

Name             Origin             Length             Attributes
RAM              0x20000000         0x00008000         xrw
FLASH            0x08000000         0x00020000         xr
*default*        0x00000000         0xffffffff

Linker script and memory map

LOAD C:/ST/STM32CubeIDE_1.10.1/STM32CubeIDE/plugins/com.st.stm32cube.ide.mcu.externaltools.gnu-tools-for-stm32.13.3.rel1.win32_1.0.0.202411081344/tools/bin/../lib/gcc/arm-none-eabi/13.3.1/thumb/v7e-m+fp/hard/crti.o
LOAD C:/ST/STM32CubeIDE_1.10.1/STM32CubeIDE/plugins/com.st.stm32cube.ide.mcu.externaltools.gnu-tools-for-stm32.13.3.rel1.win32_1.0.0.202411081344/tools/bin/../lib/gcc/arm-none-eabi/13.3.1/thumb/v7e-m+fp/hard/crtbegin.o
LOAD C:/ST/STM32CubeIDE_1.10.1/STM32CubeIDE/plugins/com.st.stm32cube.ide.mcu.externaltools.gnu-tools-for-stm32.13.3.rel1.win32_1.0.0.202411081344/tools/bin/../lib/gcc/arm-none-eabi/13.3.1/../../../../arm-none-eabi/lib/thumb/v7e-m+fp/hard/crt0.o
LOAD ./Application/Startup/startup_stm32g431cbux.o
LOAD ./Application/User/aspep.o
LOAD ./Application/User/main.o
LOAD ./Application/User/mc_api.o
LOAD ./Application/User/mc_app_hooks.o
LOAD ./Application/User/mc_config.o
LOAD ./Application/User/mc_config_common.o
LOAD ./Application/User/mc_configuration_registers.o
LOAD ./Application/User/mc_interface.o
LOAD ./Application/User/mc_math.o
LOAD ./Application/User/mc_parameters.o
LOAD ./Application/User/mc_tasks.o
LOAD ./Application/User/mc_tasks_sixstep.o
LOAD ./Application/User/mcp.o
LOAD ./Application/User/mcp_config.o
LOAD ./Application/User/motorcontrol.o
LOAD ./Application/User/pwm_common.o
LOAD ./Application/User/register_interface.o
LOAD ./Application/User/regular_conversion_manager.o
LOAD ./Application/User/stm32_mc_common_it.o
LOAD ./Application/User/stm32g4xx_hal_msp.o
LOAD ./Application/User/stm32g4xx_it.o
LOAD ./Application/User/stm32g4xx_mc_it.o
LOAD ./Application/User/syscalls.o
LOAD ./Application/User/sysmem.o
LOAD ./Application/User/usart_aspep_driver.o
LOAD ./Drivers/CMSIS/system_stm32g4xx.o
LOAD ./Drivers/STM32G4xx_HAL_Driver/stm32g4xx_hal.o
LOAD ./Drivers/STM32G4xx_HAL_Driver/stm32g4xx_hal_adc.o
LOAD ./Drivers/STM32G4xx_HAL_Driver/stm32g4xx_hal_adc_ex.o
LOAD ./Drivers/STM32G4xx_HAL_Driver/stm32g4xx_hal_cortex.o
LOAD ./Drivers/STM32G4xx_HAL_Driver/stm32g4xx_hal_dma.o
LOAD ./Drivers/STM32G4xx_HAL_Driver/stm32g4xx_hal_dma_ex.o
LOAD ./Drivers/STM32G4xx_HAL_Driver/stm32g4xx_hal_exti.o
LOAD ./Drivers/STM32G4xx_HAL_Driver/stm32g4xx_hal_flash.o
LOAD ./Drivers/STM32G4xx_HAL_Driver/stm32g4xx_hal_flash_ex.o
LOAD ./Drivers/STM32G4xx_HAL_Driver/stm32g4xx_hal_flash_ramfunc.o
LOAD ./Drivers/STM32G4xx_HAL_Driver/stm32g4xx_hal_gpio.o
LOAD ./Drivers/STM32G4xx_HAL_Driver/stm32g4xx_hal_pwr.o
LOAD ./Drivers/STM32G4xx_HAL_Driver/stm32g4xx_hal_pwr_ex.o
LOAD ./Drivers/STM32G4xx_HAL_Driver/stm32g4xx_hal_rcc.o
LOAD ./Drivers/STM32G4xx_HAL_Driver/stm32g4xx_hal_rcc_ex.o
LOAD ./Drivers/STM32G4xx_HAL_Driver/stm32g4xx_hal_tim.o
LOAD ./Drivers/STM32G4xx_HAL_Driver/stm32g4xx_hal_tim_ex.o
LOAD ./Drivers/STM32G4xx_HAL_Driver/stm32g4xx_hal_uart.o
LOAD ./Drivers/STM32G4xx_HAL_Driver/stm32g4xx_hal_uart_ex.o
LOAD ./Drivers/STM32G4xx_HAL_Driver/stm32g4xx_ll_adc.o
LOAD ./Middlewares/MotorControl/bus_voltage_sensor.o
LOAD ./Middlewares/MotorControl/g4xx_bemf_ADC_fdbk.o
LOAD ./Middlewares/MotorControl/mcpa.o
LOAD ./Middlewares/MotorControl/ntc_temperature_sensor.o
LOAD ./Middlewares/MotorControl/pid_regulator.o
LOAD ./Middlewares/MotorControl/pwmc_sixstep.o
LOAD ./Middlewares/MotorControl/r_divider_bus_voltage_sensor.o
LOAD ./Middlewares/MotorControl/revup_ctrl_sixstep.o
LOAD ./Middlewares/MotorControl/speed_ctrl.o
LOAD ./Middlewares/MotorControl/speed_pos_fdbk.o
LOAD ./Middlewares/MotorControl/virtual_speed_sensor.o
START GROUP
LOAD C:/ST/STM32CubeIDE_1.10.1/STM32CubeIDE/plugins/com.st.stm32cube.ide.mcu.externaltools.gnu-tools-for-stm32.13.3.rel1.win32_1.0.0.202411081344/tools/bin/../lib/gcc/arm-none-eabi/13.3.1/../../../../arm-none-eabi/lib/thumb/v7e-m+fp/hard\libc_nano.a
LOAD C:/ST/STM32CubeIDE_1.10.1/STM32CubeIDE/plugins/com.st.stm32cube.ide.mcu.externaltools.gnu-tools-for-stm32.13.3.rel1.win32_1.0.0.202411081344/tools/bin/../lib/gcc/arm-none-eabi/13.3.1/../../../../arm-none-eabi/lib/thumb/v7e-m+fp/hard\libm.a
END GROUP
START GROUP
LOAD C:/ST/STM32CubeIDE_1.10.1/STM32CubeIDE/plugins/com.st.stm32cube.ide.mcu.externaltools.gnu-tools-for-stm32.13.3.rel1.win32_1.0.0.202411081344/tools/bin/../lib/gcc/arm-none-eabi/13.3.1/thumb/v7e-m+fp/hard\libgcc.a
LOAD C:/ST/STM32CubeIDE_1.10.1/STM32CubeIDE/plugins/com.st.stm32cube.ide.mcu.externaltools.gnu-tools-for-stm32.13.3.rel1.win32_1.0.0.202411081344/tools/bin/../lib/gcc/arm-none-eabi/13.3.1/../../../../arm-none-eabi/lib/thumb/v7e-m+fp/hard\libc_nano.a
END GROUP
START GROUP
LOAD C:/ST/STM32CubeIDE_1.10.1/STM32CubeIDE/plugins/com.st.stm32cube.ide.mcu.externaltools.gnu-tools-for-stm32.13.3.rel1.win32_1.0.0.202411081344/tools/bin/../lib/gcc/arm-none-eabi/13.3.1/thumb/v7e-m+fp/hard\libgcc.a
LOAD C:/ST/STM32CubeIDE_1.10.1/STM32CubeIDE/plugins/com.st.stm32cube.ide.mcu.externaltools.gnu-tools-for-stm32.13.3.rel1.win32_1.0.0.202411081344/tools/bin/../lib/gcc/arm-none-eabi/13.3.1/../../../../arm-none-eabi/lib/thumb/v7e-m+fp/hard\libc_nano.a
LOAD C:/ST/STM32CubeIDE_1.10.1/STM32CubeIDE/plugins/com.st.stm32cube.ide.mcu.externaltools.gnu-tools-for-stm32.13.3.rel1.win32_1.0.0.202411081344/tools/bin/../lib/gcc/arm-none-eabi/13.3.1/../../../../arm-none-eabi/lib/thumb/v7e-m+fp/hard\libnosys.a
END GROUP
START GROUP
LOAD C:/ST/STM32CubeIDE_1.10.1/STM32CubeIDE/plugins/com.st.stm32cube.ide.mcu.externaltools.gnu-tools-for-stm32.13.3.rel1.win32_1.0.0.202411081344/tools/bin/../lib/gcc/arm-none-eabi/13.3.1/thumb/v7e-m+fp/hard\libgcc.a
LOAD C:/ST/STM32CubeIDE_1.10.1/STM32CubeIDE/plugins/com.st.stm32cube.ide.mcu.externaltools.gnu-tools-for-stm32.13.3.rel1.win32_1.0.0.202411081344/tools/bin/../lib/gcc/arm-none-eabi/13.3.1/../../../../arm-none-eabi/lib/thumb/v7e-m+fp/hard\libc_nano.a
LOAD C:/ST/STM32CubeIDE_1.10.1/STM32CubeIDE/plugins/com.st.stm32cube.ide.mcu.externaltools.gnu-tools-for-stm32.13.3.rel1.win32_1.0.0.202411081344/tools/bin/../lib/gcc/arm-none-eabi/13.3.1/../../../../arm-none-eabi/lib/thumb/v7e-m+fp/hard\libnosys.a
END GROUP
LOAD C:/ST/STM32CubeIDE_1.10.1/STM32CubeIDE/plugins/com.st.stm32cube.ide.mcu.externaltools.gnu-tools-for-stm32.13.3.rel1.win32_1.0.0.202411081344/tools/bin/../lib/gcc/arm-none-eabi/13.3.1/thumb/v7e-m+fp/hard/crtend.o
LOAD C:/ST/STM32CubeIDE_1.10.1/STM32CubeIDE/plugins/com.st.stm32cube.ide.mcu.externaltools.gnu-tools-for-stm32.13.3.rel1.win32_1.0.0.202411081344/tools/bin/../lib/gcc/arm-none-eabi/13.3.1/thumb/v7e-m+fp/hard/crtn.o
                0x20008000                        _estack = (ORIGIN (RAM) + LENGTH (RAM))
                0x00000200                        _Min_Heap_Size = 0x200
                0x00000400                        _Min_Stack_Size = 0x400

.isr_vector     0x08000000      0x1d8
                0x08000000                        . = ALIGN (0x4)
 *(.isr_vector)
 .isr_vector    0x08000000      0x1d8 ./Application/Startup/startup_stm32g431cbux.o
                0x08000000                g_pfnVectors
                0x080001d8                        . = ALIGN (0x4)

.text           0x080001d8     0x86d4
                0x080001d8                        . = ALIGN (0x4)
 *(.text)
 .text          0x080001d8       0x40 C:/ST/STM32CubeIDE_1.10.1/STM32CubeIDE/plugins/com.st.stm32cube.ide.mcu.externaltools.gnu-tools-for-stm32.13.3.rel1.win32_1.0.0.202411081344/tools/bin/../lib/gcc/arm-none-eabi/13.3.1/thumb/v7e-m+fp/hard/crtbegin.o
 .text          0x08000218      0x254 C:/ST/STM32CubeIDE_1.10.1/STM32CubeIDE/plugins/com.st.stm32cube.ide.mcu.externaltools.gnu-tools-for-stm32.13.3.rel1.win32_1.0.0.202411081344/tools/bin/../lib/gcc/arm-none-eabi/13.3.1/thumb/v7e-m+fp/hard\libgcc.a(_arm_muldf3.o)
                0x08000218                __muldf3
                0x08000218                __aeabi_dmul
 .text          0x0800046c      0x378 C:/ST/STM32CubeIDE_1.10.1/STM32CubeIDE/plugins/com.st.stm32cube.ide.mcu.externaltools.gnu-tools-for-stm32.13.3.rel1.win32_1.0.0.202411081344/tools/bin/../lib/gcc/arm-none-eabi/13.3.1/thumb/v7e-m+fp/hard\libgcc.a(_arm_addsubdf3.o)
                0x0800046c                __aeabi_drsub
                0x08000474                __aeabi_dsub
                0x08000474                __subdf3
                0x08000478                __aeabi_dadd
                0x08000478                __adddf3
                0x080006f0                __floatunsidf
                0x080006f0                __aeabi_ui2d
                0x08000710                __floatsidf
                0x08000710                __aeabi_i2d
                0x08000734                __aeabi_f2d
                0x08000734                __extendsfdf2
                0x08000778                __floatundidf
                0x08000778                __aeabi_ul2d
                0x08000788                __floatdidf
                0x08000788                __aeabi_l2d
 .text          0x080007e4       0x40 C:/ST/STM32CubeIDE_1.10.1/STM32CubeIDE/plugins/com.st.stm32cube.ide.mcu.externaltools.gnu-tools-for-stm32.13.3.rel1.win32_1.0.0.202411081344/tools/bin/../lib/gcc/arm-none-eabi/13.3.1/thumb/v7e-m+fp/hard\libgcc.a(_arm_fixunsdfsi.o)
                0x080007e4                __aeabi_d2uiz
                0x080007e4                __fixunsdfsi
 .text          0x08000824       0x30 C:/ST/STM32CubeIDE_1.10.1/STM32CubeIDE/plugins/com.st.stm32cube.ide.mcu.externaltools.gnu-tools-for-stm32.13.3.rel1.win32_1.0.0.202411081344/tools/bin/../lib/gcc/arm-none-eabi/13.3.1/thumb/v7e-m+fp/hard\libgcc.a(_aeabi_uldivmod.o)
                0x08000824                __aeabi_uldivmod
 .text          0x08000854      0x2f8 C:/ST/STM32CubeIDE_1.10.1/STM32CubeIDE/plugins/com.st.stm32cube.ide.mcu.externaltools.gnu-tools-for-stm32.13.3.rel1.win32_1.0.0.202411081344/tools/bin/../lib/gcc/arm-none-eabi/13.3.1/thumb/v7e-m+fp/hard\libgcc.a(_udivmoddi4.o)
                0x08000854                __udivmoddi4
 .text          0x08000b4c        0x4 C:/ST/STM32CubeIDE_1.10.1/STM32CubeIDE/plugins/com.st.stm32cube.ide.mcu.externaltools.gnu-tools-for-stm32.13.3.rel1.win32_1.0.0.202411081344/tools/bin/../lib/gcc/arm-none-eabi/13.3.1/thumb/v7e-m+fp/hard\libgcc.a(_dvmd_tls.o)
                0x08000b4c                __aeabi_idiv0
                0x08000b4c                __aeabi_ldiv0
 *(.text*)
 .text.Reset_Handler
                0x08000b50       0x50 ./Application/Startup/startup_stm32g431cbux.o
                0x08000b50                Reset_Handler
 .text.Default_Handler
                0x08000ba0        0x2 ./Application/Startup/startup_stm32g431cbux.o
                0x08000ba0                RTC_Alarm_IRQHandler
                0x08000ba0                EXTI2_IRQHandler
                0x08000ba0                TIM8_TRG_COM_IRQHandler
                0x08000ba0                TIM8_CC_IRQHandler
                0x08000ba0                DebugMon_Handler
                0x08000ba0                TIM1_CC_IRQHandler
                0x08000ba0                USB_HP_IRQHandler
                0x08000ba0                CORDIC_IRQHandler
                0x08000ba0                PendSV_Handler
                0x08000ba0                NMI_Handler
                0x08000ba0                EXTI3_IRQHandler
                0x08000ba0                I2C3_ER_IRQHandler
                0x08000ba0                EXTI0_IRQHandler
                0x08000ba0                I2C2_EV_IRQHandler
                0x08000ba0                FPU_IRQHandler
                0x08000ba0                FDCAN1_IT1_IRQHandler
                0x08000ba0                UsageFault_Handler
                0x08000ba0                SPI1_IRQHandler
                0x08000ba0                TIM6_DAC_IRQHandler
                0x08000ba0                TIM8_UP_IRQHandler
                0x08000ba0                DMA2_Channel2_IRQHandler
                0x08000ba0                DMA1_Channel4_IRQHandler
                0x08000ba0                USART3_IRQHandler
                0x08000ba0                TIM4_IRQHandler
                0x08000ba0                DMA2_Channel1_IRQHandler
                0x08000ba0                I2C1_EV_IRQHandler
                0x08000ba0                DMA1_Channel6_IRQHandler
                0x08000ba0                UART4_IRQHandler
                0x08000ba0                DMA2_Channel4_IRQHandler
                0x08000ba0                TIM3_IRQHandler
                0x08000ba0                RCC_IRQHandler
                0x08000ba0                DMA1_Channel1_IRQHandler
                0x08000ba0                Default_Handler
                0x08000ba0                RTC_TAMP_LSECSS_IRQHandler
                0x08000ba0                FMAC_IRQHandler
                0x08000ba0                TIM7_IRQHandler
                0x08000ba0                UCPD1_IRQHandler
                0x08000ba0                I2C3_EV_IRQHandler
                0x08000ba0                EXTI9_5_IRQHandler
                0x08000ba0                RTC_WKUP_IRQHandler
                0x08000ba0                PVD_PVM_IRQHandler
                0x08000ba0                SPI2_IRQHandler
                0x08000ba0                MemManage_Handler
                0x08000ba0                SVC_Handler
                0x08000ba0                DMA2_Channel5_IRQHandler
                0x08000ba0                CRS_IRQHandler
                0x08000ba0                DMA1_Channel5_IRQHandler
                0x08000ba0                USB_LP_IRQHandler
                0x08000ba0                EXTI4_IRQHandler
                0x08000ba0                RNG_IRQHandler
                0x08000ba0                TIM1_TRG_COM_TIM17_IRQHandler
                0x08000ba0                DMA1_Channel3_IRQHandler
                0x08000ba0                WWDG_IRQHandler
                0x08000ba0                LPUART1_IRQHandler
                0x08000ba0                DMA2_Channel6_IRQHandler
                0x08000ba0                FDCAN1_IT0_IRQHandler
                0x08000ba0                COMP1_2_3_IRQHandler
                0x08000ba0                EXTI1_IRQHandler
                0x08000ba0                I2C2_ER_IRQHandler
                0x08000ba0                DMA1_Channel2_IRQHandler
                0x08000ba0                TIM8_BRK_IRQHandler
                0x08000ba0                FLASH_IRQHandler
                0x08000ba0                BusFault_Handler
                0x08000ba0                USART1_IRQHandler
                0x08000ba0                SPI3_IRQHandler
                0x08000ba0                I2C1_ER_IRQHandler
                0x08000ba0                LPTIM1_IRQHandler
                0x08000ba0                DMAMUX_OVR_IRQHandler
                0x08000ba0                USBWakeUp_IRQHandler
                0x08000ba0                SAI1_IRQHandler
                0x08000ba0                DMA2_Channel3_IRQHandler
                0x08000ba0                COMP4_IRQHandler
 *fill*         0x08000ba2        0x2 
 .text.ASPEP_start
                0x08000ba4       0x28 ./Application/User/aspep.o
                0x08000ba4                ASPEP_start
 .text.ASPEP_sendBeacon
                0x08000bcc       0x8c ./Application/User/aspep.o
                0x08000bcc                ASPEP_sendBeacon
 .text.ASPEP_sendPing
                0x08000c58       0x8c ./Application/User/aspep.o
                0x08000c58                ASPEP_sendPing
 .text.ASPEP_getBuffer
                0x08000ce4       0x60 ./Application/User/aspep.o
                0x08000ce4                ASPEP_getBuffer
 .text.ASPEP_sendPacket
                0x08000d44      0x118 ./Application/User/aspep.o
                0x08000d44                ASPEP_sendPacket
 .text.ASPEP_HWDataTransmittedIT
                0x08000e5c       0x98 ./Application/User/aspep.o
                0x08000e5c                ASPEP_HWDataTransmittedIT
 .text.ASPEP_RXframeProcess
                0x08000ef4      0x2b4 ./Application/User/aspep.o
                0x08000ef4                ASPEP_RXframeProcess
 .text.ASPEP_HWDataReceivedIT
                0x080011a8       0xa0 ./Application/User/aspep.o
                0x080011a8                ASPEP_HWDataReceivedIT
 .text.ASPEP_HWReset
                0x08001248       0x14 ./Application/User/aspep.o
                0x08001248                ASPEP_HWReset
 *fill*         0x0800125c        0x4 
 .text.SystemClock_Config
                0x08001260       0x78 ./Application/User/main.o
                0x08001260                SystemClock_Config
 .text.startup.main
                0x080012d8      0x500 ./Application/User/main.o
                0x080012d8                main
 .text.Error_Handler
                0x080017d8        0x4 ./Application/User/main.o
                0x080017d8                Error_Handler
 .text.MC_StartMotor1
                0x080017dc        0xc ./Application/User/mc_api.o
                0x080017dc                MC_StartMotor1
 .text.MC_StopMotor1
                0x080017e8        0xc ./Application/User/mc_api.o
                0x080017e8                MC_StopMotor1
 .text.MC_GetSTMStateMotor1
                0x080017f4        0xc ./Application/User/mc_api.o
                0x080017f4                MC_GetSTMStateMotor1
 .text.MC_APP_BootHook
                0x08001800        0x4 ./Application/User/mc_app_hooks.o
                0x08001800                MC_APP_BootHook
 .text.MC_APP_PostMediumFrequencyHook_M1
                0x08001804        0x4 ./Application/User/mc_app_hooks.o
                0x08001804                MC_APP_PostMediumFrequencyHook_M1
 .text.MCI_ExecSpeedRamp
                0x08001808       0x20 ./Application/User/mc_interface.o
                0x08001808                MCI_ExecSpeedRamp
 .text.MCI_FaultProcessing
                0x08001828       0x18 ./Application/User/mc_interface.o
                0x08001828                MCI_FaultProcessing
 .text.MCI_ExecBufferedCommands
                0x08001840       0x44 ./Application/User/mc_interface.o
                0x08001840                MCI_ExecBufferedCommands
 .text.MCI_GetSTMState
                0x08001884        0x4 ./Application/User/mc_interface.o
                0x08001884                MCI_GetSTMState
 .text.MCI_GetOccurredFaults
                0x08001888        0x4 ./Application/User/mc_interface.o
                0x08001888                MCI_GetOccurredFaults
 .text.MCI_GetCurrentFaults
                0x0800188c        0x4 ./Application/User/mc_interface.o
                0x0800188c                MCI_GetCurrentFaults
 .text.MCI_StartMotor
                0x08001890       0x2c ./Application/User/mc_interface.o
                0x08001890                MCI_StartMotor
 .text.MCI_StopMotor
                0x080018bc       0x38 ./Application/User/mc_interface.o
                0x080018bc                MCI_StopMotor
 .text.MCI_FaultAcknowledged
                0x080018f4       0x24 ./Application/User/mc_interface.o
                0x080018f4                MCI_FaultAcknowledged
 .text.MCI_GetFaultState
                0x08001918        0xc ./Application/User/mc_interface.o
                0x08001918                MCI_GetFaultState
 .text.MCI_GetControlMode
                0x08001924        0x8 ./Application/User/mc_interface.o
                0x08001924                MCI_GetControlMode
 .text.MCI_GetImposedMotorDirection
                0x0800192c       0x1c ./Application/User/mc_interface.o
                0x0800192c                MCI_GetImposedMotorDirection
 .text.MCI_GetLastRampFinalSpeed
                0x08001948        0x8 ./Application/User/mc_interface.o
                0x08001948                MCI_GetLastRampFinalSpeed
 .text.MCI_GetLastRampFinalDuration
                0x08001950        0x4 ./Application/User/mc_interface.o
                0x08001950                MCI_GetLastRampFinalDuration
 .text.MCI_StopRamp
                0x08001954        0xc ./Application/User/mc_interface.o
                0x08001954                MCI_StopRamp
 .text.MCI_GetAvrgMecSpeedUnit
                0x08001960        0xc ./Application/User/mc_interface.o
                0x08001960                MCI_GetAvrgMecSpeedUnit
 .text.MCI_GetMecSpeedRefUnit
                0x0800196c        0x8 ./Application/User/mc_interface.o
                0x0800196c                MCI_GetMecSpeedRefUnit
 .text.MCI_GetDutyCycleRef
                0x08001974        0x8 ./Application/User/mc_interface.o
                0x08001974                MCI_GetDutyCycleRef
 .text.MCboot   0x0800197c       0x6c ./Application/User/mc_tasks.o
                0x0800197c                MCboot
 .text.TSK_SetChargeBootCapDelayM1
                0x080019e8        0xc ./Application/User/mc_tasks.o
                0x080019e8                TSK_SetChargeBootCapDelayM1
 .text.TSK_ChargeBootCapDelayHasElapsedM1
                0x080019f4       0x14 ./Application/User/mc_tasks.o
                0x080019f4                TSK_ChargeBootCapDelayHasElapsedM1
 .text.TSK_SetStopPermanencyTimeM1
                0x08001a08        0xc ./Application/User/mc_tasks.o
                0x08001a08                TSK_SetStopPermanencyTimeM1
 .text.TSK_StopPermanencyTimeHasElapsedM1
                0x08001a14       0x14 ./Application/User/mc_tasks.o
                0x08001a14                TSK_StopPermanencyTimeHasElapsedM1
 .text.TSK_HighFrequencyTask
                0x08001a28       0x2c ./Application/User/mc_tasks.o
                0x08001a28                TSK_HighFrequencyTask
 .text.TSK_SafetyTask_PWMOFF
                0x08001a54       0xa8 ./Application/User/mc_tasks.o
                0x08001a54                TSK_SafetyTask_PWMOFF
 .text.TSK_SafetyTask
                0x08001afc       0x20 ./Application/User/mc_tasks.o
                0x08001afc                TSK_SafetyTask
 .text.MC_RunMotorControlTasks
                0x08001b1c       0x90 ./Application/User/mc_tasks.o
                0x08001b1c                MC_RunMotorControlTasks
 .text.TSK_HardwareFaultTask
                0x08001bac       0x1c ./Application/User/mc_tasks.o
                0x08001bac                TSK_HardwareFaultTask
 .text.UI_HandleStartStopButton_cb
                0x08001bc8       0x18 ./Application/User/mc_tasks.o
                0x08001bc8                UI_HandleStartStopButton_cb
 .text.mc_lock_pins
                0x08001be0      0x104 ./Application/User/mc_tasks.o
                0x08001be0                mc_lock_pins
 .text.SIX_STEP_Clear
                0x08001ce4       0x54 ./Application/User/mc_tasks_sixstep.o
                0x08001ce4                SIX_STEP_Clear
 .text.SIX_STEP_Init
                0x08001d38       0x6c ./Application/User/mc_tasks_sixstep.o
                0x08001d38                SIX_STEP_Init
 .text.SixStep_InitAdditionalMethods
                0x08001da4        0x4 ./Application/User/mc_tasks_sixstep.o
                0x08001da4                SixStep_InitAdditionalMethods
 .text.SixStep_CalcSpeedRef
                0x08001da8       0x28 ./Application/User/mc_tasks_sixstep.o
                0x08001da8                SixStep_CalcSpeedRef
 .text.TSK_MediumFrequencyTaskM1
                0x08001dd0      0x2b8 ./Application/User/mc_tasks_sixstep.o
                0x08001dd0                TSK_MediumFrequencyTaskM1
 .text.SIX_STEP_HighFrequencyTask
                0x08002088      0x108 ./Application/User/mc_tasks_sixstep.o
                0x08002088                SIX_STEP_HighFrequencyTask
 .text.SixStep_StepCommution
                0x08002190       0xa8 ./Application/User/mc_tasks_sixstep.o
                0x08002190                SixStep_StepCommution
 .text.RI_SetRegCommandParser
                0x08002238       0xe0 ./Application/User/mcp.o
                0x08002238                RI_SetRegCommandParser
 .text.RI_GetRegCommandParser
                0x08002318       0x8c ./Application/User/mcp.o
                0x08002318                RI_GetRegCommandParser
 .text.MCP_ReceivedPacket
                0x080023a4      0x15c ./Application/User/mcp.o
                0x080023a4                MCP_ReceivedPacket
 .text.MX_MotorControl_Init
                0x08002500       0x3c ./Application/User/motorcontrol.o
                0x08002500                MX_MotorControl_Init
 .text.RI_SetRegisterGlobal
                0x0800253c      0x100 ./Application/User/register_interface.o
                0x0800253c                RI_SetRegisterGlobal
 .text.RI_SetRegisterMotor1
                0x0800263c      0x3d8 ./Application/User/register_interface.o
                0x0800263c                RI_SetRegisterMotor1
 .text.RI_GetRegisterGlobal
                0x08002a14      0x134 ./Application/User/register_interface.o
                0x08002a14                RI_GetRegisterGlobal
 .text.RI_GetRegisterMotor1
                0x08002b48      0x564 ./Application/User/register_interface.o
                0x08002b48                RI_GetRegisterMotor1
 .text.RI_GetIDSize
                0x080030ac       0x18 ./Application/User/register_interface.o
                0x080030ac                RI_GetIDSize
 .text.RI_GetPtrReg
                0x080030c4       0x30 ./Application/User/register_interface.o
                0x080030c4                RI_GetPtrReg
 .text.RCM_RegisterRegConv
                0x080030f4      0x244 ./Application/User/regular_conversion_manager.o
                0x080030f4                RCM_RegisterRegConv
 .text.RCM_ExecRegularConv
                0x08003338      0x190 ./Application/User/regular_conversion_manager.o
                0x08003338                RCM_ExecRegularConv
 .text.RCM_ExecUserConv
                0x080034c8       0x68 ./Application/User/regular_conversion_manager.o
                0x080034c8                RCM_ExecUserConv
 .text.RCM_ExecNextConv
                0x08003530       0x88 ./Application/User/regular_conversion_manager.o
                0x08003530                RCM_ExecNextConv
 .text.RCM_ReadOngoingConv
                0x080035b8       0x58 ./Application/User/regular_conversion_manager.o
                0x080035b8                RCM_ReadOngoingConv
 .text.USART2_IRQHandler
                0x08003610      0x120 ./Application/User/stm32_mc_common_it.o
                0x08003610                USART2_IRQHandler
 .text.HardFault_Handler
                0x08003730        0x8 ./Application/User/stm32_mc_common_it.o
                0x08003730                HardFault_Handler
 .text.SysTick_Handler
                0x08003738       0x44 ./Application/User/stm32_mc_common_it.o
                0x08003738                SysTick_Handler
 .text.EXTI15_10_IRQHandler
                0x0800377c       0x18 ./Application/User/stm32_mc_common_it.o
                0x0800377c                EXTI15_10_IRQHandler
 .text.HAL_MspInit
                0x08003794       0x40 ./Application/User/stm32g4xx_hal_msp.o
                0x08003794                HAL_MspInit
 .text.HAL_ADC_MspInit
                0x080037d4      0x15c ./Application/User/stm32g4xx_hal_msp.o
                0x080037d4                HAL_ADC_MspInit
 .text.HAL_TIM_Base_MspInit
                0x08003930       0x50 ./Application/User/stm32g4xx_hal_msp.o
                0x08003930                HAL_TIM_Base_MspInit
 .text.HAL_TIM_MspPostInit
                0x08003980       0xbc ./Application/User/stm32g4xx_hal_msp.o
                0x08003980                HAL_TIM_MspPostInit
 *fill*         0x08003a3c        0x4 
 .text.HAL_UART_MspInit
                0x08003a40      0x10c ./Application/User/stm32g4xx_hal_msp.o
                0x08003a40                HAL_UART_MspInit
 .text.ADC1_2_IRQHandler
                0x08003b4c       0x50 ./Application/User/stm32g4xx_mc_it.o
                0x08003b4c                ADC1_2_IRQHandler
 .text.TIM2_IRQHandler
                0x08003b9c       0x64 ./Application/User/stm32g4xx_mc_it.o
                0x08003b9c                TIM2_IRQHandler
 .text.TIM1_UP_TIM16_IRQHandler
                0x08003c00       0x10 ./Application/User/stm32g4xx_mc_it.o
                0x08003c00                TIM1_UP_TIM16_IRQHandler
 .text.TIM1_BRK_TIM15_IRQHandler
                0x08003c10       0x3c ./Application/User/stm32g4xx_mc_it.o
                0x08003c10                TIM1_BRK_TIM15_IRQHandler
 .text.UASPEP_INIT
                0x08003c4c       0x84 ./Application/User/usart_aspep_driver.o
                0x08003c4c                UASPEP_INIT
 .text.UASPEP_CFG_TRANSMISSION
                0x08003cd0       0x38 ./Application/User/usart_aspep_driver.o
                0x08003cd0                UASPEP_CFG_TRANSMISSION
 .text.UASPEP_CFG_RECEPTION
                0x08003d08       0x3c ./Application/User/usart_aspep_driver.o
                0x08003d08                UASPEP_CFG_RECEPTION
 .text.UASPEP_IDLE_ENABLE
                0x08003d44       0x18 ./Application/User/usart_aspep_driver.o
                0x08003d44                UASPEP_IDLE_ENABLE
 .text.SystemInit
                0x08003d5c       0x14 ./Drivers/CMSIS/system_stm32g4xx.o
                0x08003d5c                SystemInit
 .text.HAL_InitTick
                0x08003d70       0x4c ./Drivers/STM32G4xx_HAL_Driver/stm32g4xx_hal.o
                0x08003d70                HAL_InitTick
 .text.HAL_Init
                0x08003dbc       0x30 ./Drivers/STM32G4xx_HAL_Driver/stm32g4xx_hal.o
                0x08003dbc                HAL_Init
 .text.HAL_IncTick
                0x08003dec       0x18 ./Drivers/STM32G4xx_HAL_Driver/stm32g4xx_hal.o
                0x08003dec                HAL_IncTick
 .text.HAL_GetTick
                0x08003e04        0xc ./Drivers/STM32G4xx_HAL_Driver/stm32g4xx_hal.o
                0x08003e04                HAL_GetTick
 .text.HAL_ADC_Init
                0x08003e10      0x1e8 ./Drivers/STM32G4xx_HAL_Driver/stm32g4xx_hal_adc.o
                0x08003e10                HAL_ADC_Init
 .text.HAL_ADC_ConfigChannel
                0x08003ff8      0x4e0 ./Drivers/STM32G4xx_HAL_Driver/stm32g4xx_hal_adc.o
                0x08003ff8                HAL_ADC_ConfigChannel
 .text.HAL_ADC_AnalogWDGConfig
                0x080044d8      0x2fc ./Drivers/STM32G4xx_HAL_Driver/stm32g4xx_hal_adc.o
                0x080044d8                HAL_ADC_AnalogWDGConfig
 .text.HAL_ADCEx_InjectedConfigChannel
                0x080047d4      0x5fc ./Drivers/STM32G4xx_HAL_Driver/stm32g4xx_hal_adc_ex.o
                0x080047d4                HAL_ADCEx_InjectedConfigChannel
 .text.HAL_ADCEx_MultiModeConfigChannel
                0x08004dd0       0xc8 ./Drivers/STM32G4xx_HAL_Driver/stm32g4xx_hal_adc_ex.o
                0x08004dd0                HAL_ADCEx_MultiModeConfigChannel
 .text.HAL_NVIC_SetPriorityGrouping
                0x08004e98       0x24 ./Drivers/STM32G4xx_HAL_Driver/stm32g4xx_hal_cortex.o
                0x08004e98                HAL_NVIC_SetPriorityGrouping
 .text.HAL_NVIC_SetPriority
                0x08004ebc       0x78 ./Drivers/STM32G4xx_HAL_Driver/stm32g4xx_hal_cortex.o
                0x08004ebc                HAL_NVIC_SetPriority
 .text.HAL_NVIC_EnableIRQ
                0x08004f34       0x1c ./Drivers/STM32G4xx_HAL_Driver/stm32g4xx_hal_cortex.o
                0x08004f34                HAL_NVIC_EnableIRQ
 .text.HAL_NVIC_SystemReset
                0x08004f50       0x24 ./Drivers/STM32G4xx_HAL_Driver/stm32g4xx_hal_cortex.o
                0x08004f50                HAL_NVIC_SystemReset
 .text.HAL_SYSTICK_Config
                0x08004f74       0x34 ./Drivers/STM32G4xx_HAL_Driver/stm32g4xx_hal_cortex.o
                0x08004f74                HAL_SYSTICK_Config
 .text.HAL_SYSTICK_Callback
                0x08004fa8        0x4 ./Drivers/STM32G4xx_HAL_Driver/stm32g4xx_hal_cortex.o
                0x08004fa8                HAL_SYSTICK_Callback
 .text.HAL_SYSTICK_IRQHandler
                0x08004fac        0x8 ./Drivers/STM32G4xx_HAL_Driver/stm32g4xx_hal_cortex.o
                0x08004fac                HAL_SYSTICK_IRQHandler
 .text.HAL_DMA_Init
                0x08004fb4      0x124 ./Drivers/STM32G4xx_HAL_Driver/stm32g4xx_hal_dma.o
                0x08004fb4                HAL_DMA_Init
 .text.HAL_GPIO_Init
                0x080050d8      0x37c ./Drivers/STM32G4xx_HAL_Driver/stm32g4xx_hal_gpio.o
                0x080050d8                HAL_GPIO_Init
 .text.HAL_GPIO_WritePin
                0x08005454        0xc ./Drivers/STM32G4xx_HAL_Driver/stm32g4xx_hal_gpio.o
                0x08005454                HAL_GPIO_WritePin
 .text.HAL_PWREx_ControlVoltageScaling
                0x08005460       0xe4 ./Drivers/STM32G4xx_HAL_Driver/stm32g4xx_hal_pwr_ex.o
                0x08005460                HAL_PWREx_ControlVoltageScaling
 .text.HAL_PWREx_DisableUCPDDeadBattery
                0x08005544       0x10 ./Drivers/STM32G4xx_HAL_Driver/stm32g4xx_hal_pwr_ex.o
                0x08005544                HAL_PWREx_DisableUCPDDeadBattery
 .text.HAL_RCC_OscConfig
                0x08005554      0x48c ./Drivers/STM32G4xx_HAL_Driver/stm32g4xx_hal_rcc.o
                0x08005554                HAL_RCC_OscConfig
 .text.HAL_RCC_GetSysClockFreq
                0x080059e0       0x70 ./Drivers/STM32G4xx_HAL_Driver/stm32g4xx_hal_rcc.o
                0x080059e0                HAL_RCC_GetSysClockFreq
 .text.HAL_RCC_ClockConfig
                0x08005a50      0x208 ./Drivers/STM32G4xx_HAL_Driver/stm32g4xx_hal_rcc.o
                0x08005a50                HAL_RCC_ClockConfig
 .text.HAL_RCC_GetHCLKFreq
                0x08005c58        0xc ./Drivers/STM32G4xx_HAL_Driver/stm32g4xx_hal_rcc.o
                0x08005c58                HAL_RCC_GetHCLKFreq
 .text.HAL_RCC_GetPCLK1Freq
                0x08005c64       0x24 ./Drivers/STM32G4xx_HAL_Driver/stm32g4xx_hal_rcc.o
                0x08005c64                HAL_RCC_GetPCLK1Freq
 .text.HAL_RCC_GetPCLK2Freq
                0x08005c88       0x24 ./Drivers/STM32G4xx_HAL_Driver/stm32g4xx_hal_rcc.o
                0x08005c88                HAL_RCC_GetPCLK2Freq
 .text.HAL_RCC_EnableCSS
                0x08005cac       0x10 ./Drivers/STM32G4xx_HAL_Driver/stm32g4xx_hal_rcc.o
                0x08005cac                HAL_RCC_EnableCSS
 .text.HAL_RCCEx_PeriphCLKConfig
                0x08005cbc      0x29c ./Drivers/STM32G4xx_HAL_Driver/stm32g4xx_hal_rcc_ex.o
                0x08005cbc                HAL_RCCEx_PeriphCLKConfig
 .text.TIM_OC1_SetConfig
                0x08005f58       0x78 ./Drivers/STM32G4xx_HAL_Driver/stm32g4xx_hal_tim.o
 .text.TIM_OC3_SetConfig
                0x08005fd0       0x80 ./Drivers/STM32G4xx_HAL_Driver/stm32g4xx_hal_tim.o
 .text.TIM_OC4_SetConfig
                0x08006050       0x84 ./Drivers/STM32G4xx_HAL_Driver/stm32g4xx_hal_tim.o
 .text.HAL_TIM_Base_Init
                0x080060d4       0xfc ./Drivers/STM32G4xx_HAL_Driver/stm32g4xx_hal_tim.o
                0x080060d4                HAL_TIM_Base_Init
 .text.HAL_TIM_PWM_MspInit
                0x080061d0        0x4 ./Drivers/STM32G4xx_HAL_Driver/stm32g4xx_hal_tim.o
                0x080061d0                HAL_TIM_PWM_MspInit
 .text.HAL_TIM_PWM_Init
                0x080061d4       0xfc ./Drivers/STM32G4xx_HAL_Driver/stm32g4xx_hal_tim.o
                0x080061d4                HAL_TIM_PWM_Init
 .text.HAL_TIM_ConfigClockSource
                0x080062d0      0x1a0 ./Drivers/STM32G4xx_HAL_Driver/stm32g4xx_hal_tim.o
                0x080062d0                HAL_TIM_ConfigClockSource
 .text.TIM_OC2_SetConfig
                0x08006470       0x84 ./Drivers/STM32G4xx_HAL_Driver/stm32g4xx_hal_tim.o
                0x08006470                TIM_OC2_SetConfig
 .text.HAL_TIM_PWM_ConfigChannel
                0x080064f4      0x1cc ./Drivers/STM32G4xx_HAL_Driver/stm32g4xx_hal_tim.o
                0x080064f4                HAL_TIM_PWM_ConfigChannel
 .text.HAL_TIMEx_MasterConfigSynchronization
                0x080066c0       0xa4 ./Drivers/STM32G4xx_HAL_Driver/stm32g4xx_hal_tim_ex.o
                0x080066c0                HAL_TIMEx_MasterConfigSynchronization
 .text.HAL_TIMEx_ConfigBreakDeadTime
                0x08006764       0x9c ./Drivers/STM32G4xx_HAL_Driver/stm32g4xx_hal_tim_ex.o
                0x08006764                HAL_TIMEx_ConfigBreakDeadTime
 .text.UART_SetConfig
                0x08006800      0x278 ./Drivers/STM32G4xx_HAL_Driver/stm32g4xx_hal_uart.o
                0x08006800                UART_SetConfig
 .text.UART_AdvFeatureConfig
                0x08006a78       0xb0 ./Drivers/STM32G4xx_HAL_Driver/stm32g4xx_hal_uart.o
                0x08006a78                UART_AdvFeatureConfig
 .text.UART_CheckIdleState
                0x08006b28      0x258 ./Drivers/STM32G4xx_HAL_Driver/stm32g4xx_hal_uart.o
                0x08006b28                UART_CheckIdleState
 .text.HAL_UART_Init
                0x08006d80       0x68 ./Drivers/STM32G4xx_HAL_Driver/stm32g4xx_hal_uart.o
                0x08006d80                HAL_UART_Init
 .text.HAL_UARTEx_DisableFifoMode
                0x08006de8       0x3c ./Drivers/STM32G4xx_HAL_Driver/stm32g4xx_hal_uart_ex.o
                0x08006de8                HAL_UARTEx_DisableFifoMode
 .text.HAL_UARTEx_SetTxFifoThreshold
                0x08006e24       0x84 ./Drivers/STM32G4xx_HAL_Driver/stm32g4xx_hal_uart_ex.o
                0x08006e24                HAL_UARTEx_SetTxFifoThreshold
 .text.HAL_UARTEx_SetRxFifoThreshold
                0x08006ea8       0x84 ./Drivers/STM32G4xx_HAL_Driver/stm32g4xx_hal_uart_ex.o
                0x08006ea8                HAL_UARTEx_SetRxFifoThreshold
 .text.VBS_GetAvBusVoltage_V
                0x08006f2c        0xc ./Middlewares/MotorControl/bus_voltage_sensor.o
                0x08006f2c                VBS_GetAvBusVoltage_V
 .text.BADC_Init
                0x08006f38      0x274 ./Middlewares/MotorControl/g4xx_bemf_ADC_fdbk.o
                0x08006f38                BADC_Init
 .text.BADC_Clear
                0x080071ac       0x20 ./Middlewares/MotorControl/g4xx_bemf_ADC_fdbk.o
                0x080071ac                BADC_Clear
 .text.BADC_Start
                0x080071cc      0x124 ./Middlewares/MotorControl/g4xx_bemf_ADC_fdbk.o
                0x080071cc                BADC_Start
 .text.BADC_Stop
                0x080072f0       0x60 ./Middlewares/MotorControl/g4xx_bemf_ADC_fdbk.o
                0x080072f0                BADC_Stop
 .text.BADC_SpeedMeasureOff
                0x08007350       0x10 ./Middlewares/MotorControl/g4xx_bemf_ADC_fdbk.o
                0x08007350                BADC_SpeedMeasureOff
 .text.BADC_SetSamplingPoint
                0x08007360       0x88 ./Middlewares/MotorControl/g4xx_bemf_ADC_fdbk.o
                0x08007360                BADC_SetSamplingPoint
 .text.BADC_IsZcDetected
                0x080073e8      0x100 ./Middlewares/MotorControl/g4xx_bemf_ADC_fdbk.o
                0x080073e8                BADC_IsZcDetected
 .text.BADC_CalcAvrgMecSpeedUnit
                0x080074e8      0x194 ./Middlewares/MotorControl/g4xx_bemf_ADC_fdbk.o
                0x080074e8                BADC_CalcAvrgMecSpeedUnit
 .text.BADC_SetDirection
                0x0800767c        0x8 ./Middlewares/MotorControl/g4xx_bemf_ADC_fdbk.o
                0x0800767c                BADC_SetDirection
 .text.BADC_IsObserverConverged
                0x08007684        0x8 ./Middlewares/MotorControl/g4xx_bemf_ADC_fdbk.o
                0x08007684                BADC_IsObserverConverged
 .text.BADC_CalcElAngle
                0x0800768c       0x44 ./Middlewares/MotorControl/g4xx_bemf_ADC_fdbk.o
                0x0800768c                BADC_CalcElAngle
 .text.BADC_StepChangeEvent
                0x080076d0       0x88 ./Middlewares/MotorControl/g4xx_bemf_ADC_fdbk.o
                0x080076d0                BADC_StepChangeEvent
 .text.BADC_CalcRevUpDemagTime
                0x08007758       0x3c ./Middlewares/MotorControl/g4xx_bemf_ADC_fdbk.o
                0x08007758                BADC_CalcRevUpDemagTime
 .text.BADC_CalcRunDemagTime
                0x08007794       0x2c ./Middlewares/MotorControl/g4xx_bemf_ADC_fdbk.o
                0x08007794                BADC_CalcRunDemagTime
 .text.BADC_SetLoopClosed
                0x080077c0       0x30 ./Middlewares/MotorControl/g4xx_bemf_ADC_fdbk.o
                0x080077c0                BADC_SetLoopClosed
 .text.BADC_SetBemfSensorlessParam
                0x080077f0       0x4c ./Middlewares/MotorControl/g4xx_bemf_ADC_fdbk.o
                0x080077f0                BADC_SetBemfSensorlessParam
 .text.BADC_GetBemfSensorlessParam
                0x0800783c       0x54 ./Middlewares/MotorControl/g4xx_bemf_ADC_fdbk.o
                0x0800783c                BADC_GetBemfSensorlessParam
 .text.MCPA_dataLog
                0x08007890      0x17c ./Middlewares/MotorControl/mcpa.o
                0x08007890                MCPA_dataLog
 .text.MCPA_flushDataLog
                0x08007a0c       0x5c ./Middlewares/MotorControl/mcpa.o
                0x08007a0c                MCPA_flushDataLog
 .text.MCPA_cfgLog
                0x08007a68       0xf4 ./Middlewares/MotorControl/mcpa.o
                0x08007a68                MCPA_cfgLog
 .text.NTC_SetFaultState
                0x08007b5c       0x2c ./Middlewares/MotorControl/ntc_temperature_sensor.o
                0x08007b5c                NTC_SetFaultState
 .text.NTC_Init
                0x08007b88       0x24 ./Middlewares/MotorControl/ntc_temperature_sensor.o
                0x08007b88                NTC_Init
 .text.NTC_CalcAvTemp
                0x08007bac       0x30 ./Middlewares/MotorControl/ntc_temperature_sensor.o
                0x08007bac                NTC_CalcAvTemp
 .text.NTC_GetAvTemp_C
                0x08007bdc       0x24 ./Middlewares/MotorControl/ntc_temperature_sensor.o
                0x08007bdc                NTC_GetAvTemp_C
 .text.PID_HandleInit
                0x08007c00       0x10 ./Middlewares/MotorControl/pid_regulator.o
                0x08007c00                PID_HandleInit
 .text.PID_SetKP
                0x08007c10        0x4 ./Middlewares/MotorControl/pid_regulator.o
                0x08007c10                PID_SetKP
 .text.PID_SetKI
                0x08007c14        0x4 ./Middlewares/MotorControl/pid_regulator.o
                0x08007c14                PID_SetKI
 .text.PID_GetKP
                0x08007c18        0x8 ./Middlewares/MotorControl/pid_regulator.o
                0x08007c18                PID_GetKP
 .text.PID_GetKI
                0x08007c20        0x8 ./Middlewares/MotorControl/pid_regulator.o
                0x08007c20                PID_GetKI
 .text.PID_SetIntegralTerm
                0x08007c28        0x4 ./Middlewares/MotorControl/pid_regulator.o
                0x08007c28                PID_SetIntegralTerm
 .text.PID_GetKPDivisorPOW2
                0x08007c2c        0x4 ./Middlewares/MotorControl/pid_regulator.o
                0x08007c2c                PID_GetKPDivisorPOW2
 .text.PID_SetKPDivisorPOW2
                0x08007c30        0xc ./Middlewares/MotorControl/pid_regulator.o
                0x08007c30                PID_SetKPDivisorPOW2
 .text.PID_GetKIDivisor
                0x08007c3c        0x4 ./Middlewares/MotorControl/pid_regulator.o
                0x08007c3c                PID_GetKIDivisor
 .text.PID_GetKIDivisorPOW2
                0x08007c40        0x4 ./Middlewares/MotorControl/pid_regulator.o
                0x08007c40                PID_GetKIDivisorPOW2
 .text.PID_SetLowerIntegralTermLimit
                0x08007c44        0x4 ./Middlewares/MotorControl/pid_regulator.o
                0x08007c44                PID_SetLowerIntegralTermLimit
 .text.PID_SetUpperIntegralTermLimit
                0x08007c48        0x4 ./Middlewares/MotorControl/pid_regulator.o
                0x08007c48                PID_SetUpperIntegralTermLimit
 .text.PID_SetKIDivisorPOW2
                0x08007c4c       0x28 ./Middlewares/MotorControl/pid_regulator.o
                0x08007c4c                PID_SetKIDivisorPOW2
 .text.PID_SetKD
                0x08007c74        0x4 ./Middlewares/MotorControl/pid_regulator.o
                0x08007c74                PID_SetKD
 .text.PID_GetKD
                0x08007c78        0x8 ./Middlewares/MotorControl/pid_regulator.o
                0x08007c78                PID_GetKD
 .text.PID_GetKDDivisorPOW2
                0x08007c80        0x4 ./Middlewares/MotorControl/pid_regulator.o
                0x08007c80                PID_GetKDDivisorPOW2
 .text.PID_SetKDDivisorPOW2
                0x08007c84        0xc ./Middlewares/MotorControl/pid_regulator.o
                0x08007c84                PID_SetKDDivisorPOW2
 .text.PI_Controller
                0x08007c90       0x80 ./Middlewares/MotorControl/pid_regulator.o
                0x08007c90                PI_Controller
 .text.PWMC_Init
                0x08007d10       0x58 ./Middlewares/MotorControl/pwmc_sixstep.o
                0x08007d10                PWMC_Init
 .text.PWMC_SetPhaseVoltage
                0x08007d68       0x10 ./Middlewares/MotorControl/pwmc_sixstep.o
                0x08007d68                PWMC_SetPhaseVoltage
 .text.PWMC_LoadNextStep
                0x08007d78      0x148 ./Middlewares/MotorControl/pwmc_sixstep.o
                0x08007d78                PWMC_LoadNextStep
 .text.PWMC_TurnOnLowSides
                0x08007ec0       0x60 ./Middlewares/MotorControl/pwmc_sixstep.o
                0x08007ec0                PWMC_TurnOnLowSides
 .text.PWMC_SwitchOnPWM
                0x08007f20       0x54 ./Middlewares/MotorControl/pwmc_sixstep.o
                0x08007f20                PWMC_SwitchOnPWM
 .text.PWMC_SetADCTriggerChannel
                0x08007f74        0xc ./Middlewares/MotorControl/pwmc_sixstep.o
                0x08007f74                PWMC_SetADCTriggerChannel
 .text.PWMC_SwitchOffPWM
                0x08007f80       0x54 ./Middlewares/MotorControl/pwmc_sixstep.o
                0x08007f80                PWMC_SwitchOffPWM
 .text.PWMC_BRK_IRQHandler
                0x08007fd4       0x18 ./Middlewares/MotorControl/pwmc_sixstep.o
                0x08007fd4                PWMC_BRK_IRQHandler
 .text.PWMC_DisableHighFreqTask
                0x08007fec       0x10 ./Middlewares/MotorControl/pwmc_sixstep.o
                0x08007fec                PWMC_DisableHighFreqTask
 .text.PWMC_SetAlignFlag
                0x08007ffc        0x4 ./Middlewares/MotorControl/pwmc_sixstep.o
                0x08007ffc                PWMC_SetAlignFlag
 .text.PWMC_ElAngleToStep
                0x08008000       0x70 ./Middlewares/MotorControl/pwmc_sixstep.o
                0x08008000                PWMC_ElAngleToStep
 .text.PWMC_ForceNextStep
                0x08008070       0x24 ./Middlewares/MotorControl/pwmc_sixstep.o
                0x08008070                PWMC_ForceNextStep
 .text.PWMC_IsFaultOccurred
                0x08008094       0x2c ./Middlewares/MotorControl/pwmc_sixstep.o
                0x08008094                PWMC_IsFaultOccurred
 .text.PWMC_GetLSModConfig
                0x080080c0       0x28 ./Middlewares/MotorControl/pwmc_sixstep.o
                0x080080c0                PWMC_GetLSModConfig
 .text.PWMC_SetLSModConfig
                0x080080e8       0x2c ./Middlewares/MotorControl/pwmc_sixstep.o
                0x080080e8                PWMC_SetLSModConfig
 .text.PWMC_GetQuasiSynchState
                0x08008114        0x4 ./Middlewares/MotorControl/pwmc_sixstep.o
                0x08008114                PWMC_GetQuasiSynchState
 .text.PWMC_SetQuasiSynchState
                0x08008118       0x10 ./Middlewares/MotorControl/pwmc_sixstep.o
                0x08008118                PWMC_SetQuasiSynchState
 .text.RVBS_Clear
                0x08008128       0x3c ./Middlewares/MotorControl/r_divider_bus_voltage_sensor.o
                0x08008128                RVBS_Clear
 .text.RVBS_Init
                0x08008164        0x8 ./Middlewares/MotorControl/r_divider_bus_voltage_sensor.o
                0x08008164                RVBS_Init
 .text.RVBS_CheckFaultState
                0x0800816c       0x50 ./Middlewares/MotorControl/r_divider_bus_voltage_sensor.o
                0x0800816c                RVBS_CheckFaultState
 .text.RVBS_CalcAvVbus
                0x080081bc       0x5c ./Middlewares/MotorControl/r_divider_bus_voltage_sensor.o
                0x080081bc                RVBS_CalcAvVbus
 .text.RUC_Init
                0x08008218       0x44 ./Middlewares/MotorControl/revup_ctrl_sixstep.o
                0x08008218                RUC_Init
 .text.RUC_Clear
                0x0800825c       0x98 ./Middlewares/MotorControl/revup_ctrl_sixstep.o
                0x0800825c                RUC_Clear
 .text.RUC_UpdatePulse
                0x080082f4       0x18 ./Middlewares/MotorControl/revup_ctrl_sixstep.o
                0x080082f4                RUC_UpdatePulse
 .text.RUC_Exec
                0x0800830c       0x84 ./Middlewares/MotorControl/revup_ctrl_sixstep.o
                0x0800830c                RUC_Exec
 .text.RUC_IsAlignStageNow
                0x08008390       0x1c ./Middlewares/MotorControl/revup_ctrl_sixstep.o
                0x08008390                RUC_IsAlignStageNow
 .text.RUC_FirstAccelerationStageReached
                0x080083ac       0x14 ./Middlewares/MotorControl/revup_ctrl_sixstep.o
                0x080083ac                RUC_FirstAccelerationStageReached
 .text.RUC_GetDirection
                0x080083c0        0x8 ./Middlewares/MotorControl/revup_ctrl_sixstep.o
                0x080083c0                RUC_GetDirection
 .text.STC_Init
                0x080083c8       0x2c ./Middlewares/MotorControl/speed_ctrl.o
                0x080083c8                STC_Init
 .text.STC_SetSpeedSensor
                0x080083f4        0x8 ./Middlewares/MotorControl/speed_ctrl.o
                0x080083f4                STC_SetSpeedSensor
 .text.STC_Clear
                0x080083fc       0x28 ./Middlewares/MotorControl/speed_ctrl.o
                0x080083fc                STC_Clear
 .text.STC_GetMecSpeedRefUnit
                0x08008424       0x14 ./Middlewares/MotorControl/speed_ctrl.o
                0x08008424                STC_GetMecSpeedRefUnit
 .text.STC_GetDutyCycleRef
                0x08008438        0x8 ./Middlewares/MotorControl/speed_ctrl.o
                0x08008438                STC_GetDutyCycleRef
 .text.STC_SetControlMode
                0x08008440        0xc ./Middlewares/MotorControl/speed_ctrl.o
                0x08008440                STC_SetControlMode
 .text.STC_ExecRamp
                0x0800844c       0x90 ./Middlewares/MotorControl/speed_ctrl.o
                0x0800844c                STC_ExecRamp
 .text.STC_CalcSpeedReference
                0x080084dc       0xa4 ./Middlewares/MotorControl/speed_ctrl.o
                0x080084dc                STC_CalcSpeedReference
 .text.STC_GetMecSpeedRefUnitDefault
                0x08008580        0x8 ./Middlewares/MotorControl/speed_ctrl.o
                0x08008580                STC_GetMecSpeedRefUnitDefault
 .text.STC_ForceSpeedReferenceToCurrentSpeed
                0x08008588       0x14 ./Middlewares/MotorControl/speed_ctrl.o
                0x08008588                STC_ForceSpeedReferenceToCurrentSpeed
 .text.SPD_GetAvrgMecSpeedUnit
                0x0800859c        0x8 ./Middlewares/MotorControl/speed_pos_fdbk.o
                0x0800859c                SPD_GetAvrgMecSpeedUnit
 .text.SPD_GetElSpeedDpp
                0x080085a4        0x8 ./Middlewares/MotorControl/speed_pos_fdbk.o
                0x080085a4                SPD_GetElSpeedDpp
 .text.SPD_IsMecSpeedReliable
                0x080085ac       0x6c ./Middlewares/MotorControl/speed_pos_fdbk.o
                0x080085ac                SPD_IsMecSpeedReliable
 .text.VSS_Clear
                0x08008618       0x1c ./Middlewares/MotorControl/virtual_speed_sensor.o
                0x08008618                VSS_Clear
 .text.VSS_Init
                0x08008634        0x8 ./Middlewares/MotorControl/virtual_speed_sensor.o
                0x08008634                VSS_Init
 .text.VSS_CalcElAngle
                0x0800863c       0xa4 ./Middlewares/MotorControl/virtual_speed_sensor.o
                0x0800863c                VSS_CalcElAngle
 .text.VSS_CalcAvrgMecSpeedUnit
                0x080086e0       0xa4 ./Middlewares/MotorControl/virtual_speed_sensor.o
                0x080086e0                VSS_CalcAvrgMecSpeedUnit
 .text.VSS_SetMecAcceleration
                0x08008784       0x78 ./Middlewares/MotorControl/virtual_speed_sensor.o
                0x08008784                VSS_SetMecAcceleration
 .text.VSS_SetStartTransition
                0x080087fc       0x1c ./Middlewares/MotorControl/virtual_speed_sensor.o
                0x080087fc                VSS_SetStartTransition
 .text.VSS_TransitionEnded
                0x08008818        0x8 ./Middlewares/MotorControl/virtual_speed_sensor.o
                0x08008818                VSS_TransitionEnded
 .text.memset   0x08008820       0x10 C:/ST/STM32CubeIDE_1.10.1/STM32CubeIDE/plugins/com.st.stm32cube.ide.mcu.externaltools.gnu-tools-for-stm32.13.3.rel1.win32_1.0.0.202411081344/tools/bin/../lib/gcc/arm-none-eabi/13.3.1/../../../../arm-none-eabi/lib/thumb/v7e-m+fp/hard\libc_nano.a(libc_a-memset.o)
                0x08008820                memset
 .text.__libc_init_array
                0x08008830       0x48 C:/ST/STM32CubeIDE_1.10.1/STM32CubeIDE/plugins/com.st.stm32cube.ide.mcu.externaltools.gnu-tools-for-stm32.13.3.rel1.win32_1.0.0.202411081344/tools/bin/../lib/gcc/arm-none-eabi/13.3.1/../../../../arm-none-eabi/lib/thumb/v7e-m+fp/hard\libc_nano.a(libc_a-init.o)
                0x08008830                __libc_init_array
 .text.memcpy   0x08008878       0x1c C:/ST/STM32CubeIDE_1.10.1/STM32CubeIDE/plugins/com.st.stm32cube.ide.mcu.externaltools.gnu-tools-for-stm32.13.3.rel1.win32_1.0.0.202411081344/tools/bin/../lib/gcc/arm-none-eabi/13.3.1/../../../../arm-none-eabi/lib/thumb/v7e-m+fp/hard\libc_nano.a(libc_a-memcpy-stub.o)
                0x08008878                memcpy
 *(.glue_7)
 .glue_7        0x08008894        0x0 linker stubs
 *(.glue_7t)
 .glue_7t       0x08008894        0x0 linker stubs
 *(.eh_frame)
 .eh_frame      0x08008894        0x0 C:/ST/STM32CubeIDE_1.10.1/STM32CubeIDE/plugins/com.st.stm32cube.ide.mcu.externaltools.gnu-tools-for-stm32.13.3.rel1.win32_1.0.0.202411081344/tools/bin/../lib/gcc/arm-none-eabi/13.3.1/thumb/v7e-m+fp/hard/crtbegin.o
 *(.init)
 .init          0x08008894        0x4 C:/ST/STM32CubeIDE_1.10.1/STM32CubeIDE/plugins/com.st.stm32cube.ide.mcu.externaltools.gnu-tools-for-stm32.13.3.rel1.win32_1.0.0.202411081344/tools/bin/../lib/gcc/arm-none-eabi/13.3.1/thumb/v7e-m+fp/hard/crti.o
                0x08008894                _init
 .init          0x08008898        0x8 C:/ST/STM32CubeIDE_1.10.1/STM32CubeIDE/plugins/com.st.stm32cube.ide.mcu.externaltools.gnu-tools-for-stm32.13.3.rel1.win32_1.0.0.202411081344/tools/bin/../lib/gcc/arm-none-eabi/13.3.1/thumb/v7e-m+fp/hard/crtn.o
 *(.fini)
 .fini          0x080088a0        0x4 C:/ST/STM32CubeIDE_1.10.1/STM32CubeIDE/plugins/com.st.stm32cube.ide.mcu.externaltools.gnu-tools-for-stm32.13.3.rel1.win32_1.0.0.202411081344/tools/bin/../lib/gcc/arm-none-eabi/13.3.1/thumb/v7e-m+fp/hard/crti.o
                0x080088a0                _fini
 .fini          0x080088a4        0x8 C:/ST/STM32CubeIDE_1.10.1/STM32CubeIDE/plugins/com.st.stm32cube.ide.mcu.externaltools.gnu-tools-for-stm32.13.3.rel1.win32_1.0.0.202411081344/tools/bin/../lib/gcc/arm-none-eabi/13.3.1/thumb/v7e-m+fp/hard/crtn.o
                0x080088ac                        . = ALIGN (0x4)
                0x080088ac                        _etext = .

.vfp11_veneer   0x080088ac        0x0
 .vfp11_veneer  0x080088ac        0x0 linker stubs

.v4_bx          0x080088ac        0x0
 .v4_bx         0x080088ac        0x0 linker stubs

.iplt           0x080088ac        0x0
 .iplt          0x080088ac        0x0 C:/ST/STM32CubeIDE_1.10.1/STM32CubeIDE/plugins/com.st.stm32cube.ide.mcu.externaltools.gnu-tools-for-stm32.13.3.rel1.win32_1.0.0.202411081344/tools/bin/../lib/gcc/arm-none-eabi/13.3.1/thumb/v7e-m+fp/hard/crtbegin.o

.rodata         0x080088ac      0x264
                0x080088ac                        . = ALIGN (0x4)
 *(.rodata)
 *(.rodata*)
 .rodata.CRC4_Lookup4
                0x080088ac       0x10 ./Application/User/aspep.o
 .rodata.CRC4_Lookup8
                0x080088bc      0x100 ./Application/User/aspep.o
 .rodata.M1_SixStepConfig_reg
                0x080089bc        0xb ./Application/User/mc_configuration_registers.o
 *fill*         0x080089c7        0x1 
 .rodata.M1_MotorConfig_reg
                0x080089c8       0x3c ./Application/User/mc_configuration_registers.o
 .rodata.M1_ApplicationConfig_reg
                0x08008a04       0x10 ./Application/User/mc_configuration_registers.o
 .rodata.globalConfig_reg
                0x08008a14        0xa ./Application/User/mc_configuration_registers.o
                0x08008a14                globalConfig_reg
 *fill*         0x08008a1e        0x2 
 .rodata.FIRMWARE_NAME
                0x08008a20       0x14 ./Application/User/mc_configuration_registers.o
                0x08008a20                FIRMWARE_NAME
 .rodata.M1_PWR_BOARD
                0x08008a34        0xd ./Application/User/mc_configuration_registers.o
 *fill*         0x08008a41        0x3 
 .rodata.CTL_BOARD
                0x08008a44        0xd ./Application/User/mc_configuration_registers.o
                0x08008a44                CTL_BOARD
 *fill*         0x08008a51        0x3 
 .rodata.Bemf_ADC_ParamsM1
                0x08008a54       0x44 ./Application/User/mc_parameters.o
                0x08008a54                Bemf_ADC_ParamsM1
 .rodata.PWMC_ParamsM1
                0x08008a98       0x1c ./Application/User/mc_parameters.o
                0x08008a98                PWMC_ParamsM1
 .rodata.CSWTCH.39
                0x08008ab4       0x11 ./Application/User/register_interface.o
 *fill*         0x08008ac5        0x3 
 .rodata.CHANNEL_OFFSET_TAB
                0x08008ac8        0x6 ./Application/User/usart_aspep_driver.o
 *fill*         0x08008ace        0x2 
 .rodata.APBPrescTable
                0x08008ad0        0x8 ./Drivers/CMSIS/system_stm32g4xx.o
                0x08008ad0                APBPrescTable
 .rodata.AHBPrescTable
                0x08008ad8       0x10 ./Drivers/CMSIS/system_stm32g4xx.o
                0x08008ad8                AHBPrescTable
 .rodata.UARTPrescTable
                0x08008ae8       0x18 ./Drivers/STM32G4xx_HAL_Driver/stm32g4xx_hal_uart.o
                0x08008ae8                UARTPrescTable
 .rodata.denominator.0
                0x08008b00        0x8 ./Drivers/STM32G4xx_HAL_Driver/stm32g4xx_hal_uart_ex.o
 .rodata.numerator.1
                0x08008b08        0x8 ./Drivers/STM32G4xx_HAL_Driver/stm32g4xx_hal_uart_ex.o
                0x08008b10                        . = ALIGN (0x4)

.ARM.extab      0x08008b10        0x0
                0x08008b10                        . = ALIGN (0x4)
 *(.ARM.extab* .gnu.linkonce.armextab.*)
                0x08008b10                        . = ALIGN (0x4)

.ARM            0x08008b10        0x8
                0x08008b10                        . = ALIGN (0x4)
                0x08008b10                        __exidx_start = .
 *(.ARM.exidx*)
 .ARM.exidx     0x08008b10        0x8 C:/ST/STM32CubeIDE_1.10.1/STM32CubeIDE/plugins/com.st.stm32cube.ide.mcu.externaltools.gnu-tools-for-stm32.13.3.rel1.win32_1.0.0.202411081344/tools/bin/../lib/gcc/arm-none-eabi/13.3.1/thumb/v7e-m+fp/hard\libgcc.a(_udivmoddi4.o)
                0x08008b18                        __exidx_end = .
                0x08008b18                        . = ALIGN (0x4)

.rel.dyn        0x08008b18        0x0
 .rel.iplt      0x08008b18        0x0 C:/ST/STM32CubeIDE_1.10.1/STM32CubeIDE/plugins/com.st.stm32cube.ide.mcu.externaltools.gnu-tools-for-stm32.13.3.rel1.win32_1.0.0.202411081344/tools/bin/../lib/gcc/arm-none-eabi/13.3.1/thumb/v7e-m+fp/hard/crtbegin.o

.preinit_array  0x08008b18        0x0
                0x08008b18                        . = ALIGN (0x4)
                0x08008b18                        PROVIDE (__preinit_array_start = .)
 *(.preinit_array*)
                0x08008b18                        PROVIDE (__preinit_array_end = .)
                0x08008b18                        . = ALIGN (0x4)

.init_array     0x08008b18        0x4
                0x08008b18                        . = ALIGN (0x4)
                0x08008b18                        PROVIDE (__init_array_start = .)
 *(SORT_BY_NAME(.init_array.*))
 *(.init_array*)
 .init_array    0x08008b18        0x4 C:/ST/STM32CubeIDE_1.10.1/STM32CubeIDE/plugins/com.st.stm32cube.ide.mcu.externaltools.gnu-tools-for-stm32.13.3.rel1.win32_1.0.0.202411081344/tools/bin/../lib/gcc/arm-none-eabi/13.3.1/thumb/v7e-m+fp/hard/crtbegin.o
                0x08008b1c                        PROVIDE (__init_array_end = .)
                0x08008b1c                        . = ALIGN (0x4)

.fini_array     0x08008b1c        0x4
                0x08008b1c                        . = ALIGN (0x4)
                [!provide]                        PROVIDE (__fini_array_start = .)
 *(SORT_BY_NAME(.fini_array.*))
 *(.fini_array*)
 .fini_array    0x08008b1c        0x4 C:/ST/STM32CubeIDE_1.10.1/STM32CubeIDE/plugins/com.st.stm32cube.ide.mcu.externaltools.gnu-tools-for-stm32.13.3.rel1.win32_1.0.0.202411081344/tools/bin/../lib/gcc/arm-none-eabi/13.3.1/thumb/v7e-m+fp/hard/crtbegin.o
                [!provide]                        PROVIDE (__fini_array_end = .)
                0x08008b20                        . = ALIGN (0x4)
                0x08008b20                        _sidata = LOADADDR (.data)

.data           0x20000000      0x488 load address 0x08008b20
                0x20000000                        . = ALIGN (0x4)
                0x20000000                        _sdata = .
 *(.data)
 *(.data*)
 .data.Mci      0x20000000       0x24 ./Application/User/mc_config.o
                0x20000000                Mci
 .data.pSTC     0x20000024        0x4 ./Application/User/mc_config.o
                0x20000024                pSTC
 .data.PWM_Handle_M1
                0x20000028       0x34 ./Application/User/mc_config.o
                0x20000028                PWM_Handle_M1
 .data.Bemf_ADC_M1
                0x2000005c      0x100 ./Application/User/mc_config.o
                0x2000005c                Bemf_ADC_M1
 .data.RevUpControlM1
                0x2000015c       0x58 ./Application/User/mc_config.o
                0x2000015c                RevUpControlM1
 .data.SpeednTorqCtrlM1
                0x200001b4       0x30 ./Application/User/mc_config.o
                0x200001b4                SpeednTorqCtrlM1
 .data.PIDSpeedHandle_M1
                0x200001e4       0x2c ./Application/User/mc_config.o
                0x200001e4                PIDSpeedHandle_M1
 .data.BusVoltageSensor_M1
                0x20000210       0x1c ./Application/User/mc_config_common.o
                0x20000210                BusVoltageSensor_M1
 .data.VbusRegConv_M1
                0x2000022c       0x10 ./Application/User/mc_config_common.o
                0x2000022c                VbusRegConv_M1
 .data.TempSensor_M1
                0x2000023c       0x1c ./Application/User/mc_config_common.o
                0x2000023c                TempSensor_M1
 .data.TempRegConv_M1
                0x20000258       0x10 ./Application/User/mc_config_common.o
                0x20000258                TempRegConv_M1
 .data.VirtualSpeedSensorM1
                0x20000268       0x38 ./Application/User/mc_config_common.o
                0x20000268                VirtualSpeedSensorM1
 .data.ApplicationConfig_reg
                0x200002a0        0x4 ./Application/User/mc_configuration_registers.o
                0x200002a0                ApplicationConfig_reg
 .data.MotorConfig_reg
                0x200002a4        0x4 ./Application/User/mc_configuration_registers.o
                0x200002a4                MotorConfig_reg
 .data.SixStepConfig_reg
                0x200002a8        0x4 ./Application/User/mc_configuration_registers.o
                0x200002a8                SixStepConfig_reg
 .data.PWR_BOARD_NAME
                0x200002ac        0x4 ./Application/User/mc_configuration_registers.o
                0x200002ac                PWR_BOARD_NAME
 .data.scaleParams_M1
                0x200002b0       0x10 ./Application/User/mc_parameters.o
                0x200002b0                scaleParams_M1
 .data.SixPwm_TimerCfgM1
                0x200002c0       0xf4 ./Application/User/mc_parameters.o
                0x200002c0                SixPwm_TimerCfgM1
 .data.MCPA_UART_A
                0x200003b4       0x2c ./Application/User/mcp_config.o
                0x200003b4                MCPA_UART_A
 .data.MCP_Over_UartA
                0x200003e0       0x10 ./Application/User/mcp_config.o
                0x200003e0                MCP_Over_UartA
 .data.aspepOverUartA
                0x200003f0       0x74 ./Application/User/mcp_config.o
                0x200003f0                aspepOverUartA
 .data.UASPEP_A
                0x20000464       0x14 ./Application/User/mcp_config.o
 .data.SystickDividerCounter.0
                0x20000478        0x1 ./Application/User/stm32_mc_common_it.o
 *fill*         0x20000479        0x3 
 .data.SystemCoreClock
                0x2000047c        0x4 ./Drivers/CMSIS/system_stm32g4xx.o
                0x2000047c                SystemCoreClock
 .data.uwTickFreq
                0x20000480        0x4 ./Drivers/STM32G4xx_HAL_Driver/stm32g4xx_hal.o
                0x20000480                uwTickFreq
 .data.uwTickPrio
                0x20000484        0x4 ./Drivers/STM32G4xx_HAL_Driver/stm32g4xx_hal.o
                0x20000484                uwTickPrio
 *(.RamFunc)
 *(.RamFunc*)
                0x20000488                        . = ALIGN (0x4)
                0x20000488                        _edata = .

.igot.plt       0x20000488        0x0 load address 0x08008fa8
 .igot.plt      0x20000488        0x0 C:/ST/STM32CubeIDE_1.10.1/STM32CubeIDE/plugins/com.st.stm32cube.ide.mcu.externaltools.gnu-tools-for-stm32.13.3.rel1.win32_1.0.0.202411081344/tools/bin/../lib/gcc/arm-none-eabi/13.3.1/thumb/v7e-m+fp/hard/crtbegin.o
                0x20000488                        . = ALIGN (0x4)

.bss            0x20000488     0x15f4 load address 0x08008fa8
                0x20000488                        _sbss = .
                0x20000488                        __bss_start__ = _sbss
 *(.bss)
 .bss           0x20000488       0x1c C:/ST/STM32CubeIDE_1.10.1/STM32CubeIDE/plugins/com.st.stm32cube.ide.mcu.externaltools.gnu-tools-for-stm32.13.3.rel1.win32_1.0.0.202411081344/tools/bin/../lib/gcc/arm-none-eabi/13.3.1/thumb/v7e-m+fp/hard/crtbegin.o
 *(.bss*)
 .bss.hdma_usart2_tx
                0x200004a4       0x60 ./Application/User/main.o
                0x200004a4                hdma_usart2_tx
 .bss.hdma_usart2_rx
                0x20000504       0x60 ./Application/User/main.o
                0x20000504                hdma_usart2_rx
 .bss.huart2    0x20000564       0x94 ./Application/User/main.o
                0x20000564                huart2
 .bss.htim2     0x200005f8       0x4c ./Application/User/main.o
                0x200005f8                htim2
 .bss.htim1     0x20000644       0x4c ./Application/User/main.o
                0x20000644                htim1
 .bss.hadc2     0x20000690       0x6c ./Application/User/main.o
                0x20000690                hadc2
 .bss.hadc1     0x200006fc       0x6c ./Application/User/main.o
                0x200006fc                hadc1
 .bss.SixStepVars
                0x20000768        0x8 ./Application/User/mc_config.o
                0x20000768                SixStepVars
 .bss.pwmcHandle
                0x20000770        0x4 ./Application/User/mc_config_common.o
                0x20000770                pwmcHandle
 .bss.RealBusVoltageSensorFilterBufferM1
                0x20000774        0xc ./Application/User/mc_config_common.o
 .bss.bMCBootCompleted
                0x20000780        0x1 ./Application/User/mc_tasks.o
 *fill*         0x20000781        0x1 
 .bss.hStopPermanencyCounterM1
                0x20000782        0x2 ./Application/User/mc_tasks.o
 .bss.hBootCapDelayCounterM1
                0x20000784        0x2 ./Application/User/mc_tasks.o
 .bss.hMFTaskCounterM1
                0x20000786        0x2 ./Application/User/mc_tasks.o
 .bss.MCP_UserCallBack
                0x20000788        0x8 ./Application/User/mcp_config.o
                0x20000788                MCP_UserCallBack
 .bss.dataSizeTableBuffA
                0x20000790        0xa ./Application/User/mcp_config.o
 *fill*         0x2000079a        0x2 
 .bss.dataSizeTableA
                0x2000079c        0xa ./Application/User/mcp_config.o
 *fill*         0x200007a6        0x2 
 .bss.dataPtrTableBuffA
                0x200007a8       0x28 ./Application/User/mcp_config.o
 .bss.dataPtrTableA
                0x200007d0       0x28 ./Application/User/mcp_config.o
 .bss.MCPAsyncBuffUARTA_B
                0x200007f8      0x806 ./Application/User/mcp_config.o
 *fill*         0x20000ffe        0x2 
 .bss.MCPAsyncBuffUARTA_A
                0x20001000      0x806 ./Application/User/mcp_config.o
 *fill*         0x20001806        0x2 
 .bss.MCPSyncRXBuff
                0x20001808      0x102 ./Application/User/mcp_config.o
 *fill*         0x2000190a        0x2 
 .bss.MCPSyncTxBuff
                0x2000190c      0x106 ./Application/User/mcp_config.o
 *fill*         0x20001a12        0x2 
 .bss.pMCI      0x20001a14        0x4 ./Application/User/motorcontrol.o
                0x20001a14                pMCI
 .bss.nullData16.0
                0x20001a18        0x2 ./Application/User/register_interface.o
 *fill*         0x20001a1a        0x2 
 .bss.RCM_UserConvHandle
                0x20001a1c        0x4 ./Application/User/regular_conversion_manager.o
 .bss.RCM_UserConvState
                0x20001a20        0x1 ./Application/User/regular_conversion_manager.o
 *fill*         0x20001a21        0x1 
 .bss.RCM_UserConvValue
                0x20001a22        0x2 ./Application/User/regular_conversion_manager.o
 .bss.RCM_currentHandle
                0x20001a24        0x1 ./Application/User/regular_conversion_manager.o
 *fill*         0x20001a25        0x3 
 .bss.RCM_NoInj_array
                0x20001a28       0x18 ./Application/User/regular_conversion_manager.o
 .bss.RCM_CB_array
                0x20001a40       0x20 ./Application/User/regular_conversion_manager.o
 .bss.RCM_handle_array
                0x20001a60       0x10 ./Application/User/regular_conversion_manager.o
 .bss.HAL_RCC_ADC12_CLK_ENABLED
                0x20001a70        0x4 ./Application/User/stm32g4xx_hal_msp.o
 .bss.uwTick    0x20001a74        0x4 ./Drivers/STM32G4xx_HAL_Driver/stm32g4xx_hal.o
                0x20001a74                uwTick
 .bss.GLOBAL_TIMESTAMP
                0x20001a78        0x4 ./Middlewares/MotorControl/mcpa.o
                0x20001a78                GLOBAL_TIMESTAMP
 *(COMMON)
                0x20001a7c                        . = ALIGN (0x4)
                0x20001a7c                        _ebss = .
                0x20001a7c                        __bss_end__ = _ebss

._user_heap_stack
                0x20001a7c      0x604 load address 0x08008fa8
                0x20001a80                        . = ALIGN (0x8)
 *fill*         0x20001a7c        0x4 
                [!provide]                        PROVIDE (end = .)
                0x20001a80                        PROVIDE (_end = .)
                0x20001c80                        . = (. + _Min_Heap_Size)
 *fill*         0x20001a80      0x200 
                0x20002080                        . = (. + _Min_Stack_Size)
 *fill*         0x20001c80      0x400 
                0x20002080                        . = ALIGN (0x8)

/DISCARD/
 libc.a(*)
 libm.a(*)
 libgcc.a(*)

.ARM.attributes
                0x00000000       0x30
 *(.ARM.attributes)
 .ARM.attributes
                0x00000000       0x22 C:/ST/STM32CubeIDE_1.10.1/STM32CubeIDE/plugins/com.st.stm32cube.ide.mcu.externaltools.gnu-tools-for-stm32.13.3.rel1.win32_1.0.0.202411081344/tools/bin/../lib/gcc/arm-none-eabi/13.3.1/thumb/v7e-m+fp/hard/crti.o
 .ARM.attributes
                0x00000022       0x34 C:/ST/STM32CubeIDE_1.10.1/STM32CubeIDE/plugins/com.st.stm32cube.ide.mcu.externaltools.gnu-tools-for-stm32.13.3.rel1.win32_1.0.0.202411081344/tools/bin/../lib/gcc/arm-none-eabi/13.3.1/thumb/v7e-m+fp/hard/crtbegin.o
 .ARM.attributes
                0x00000056       0x21 ./Application/Startup/startup_stm32g431cbux.o
 .ARM.attributes
                0x00000077       0x30 ./Application/User/aspep.o
 .ARM.attributes
                0x000000a7       0x30 ./Application/User/main.o
 .ARM.attributes
                0x000000d7       0x30 ./Application/User/mc_api.o
 .ARM.attributes
                0x00000107       0x30 ./Application/User/mc_app_hooks.o
 .ARM.attributes
                0x00000137       0x30 ./Application/User/mc_config.o
 .ARM.attributes
                0x00000167       0x30 ./Application/User/mc_config_common.o
 .ARM.attributes
                0x00000197       0x30 ./Application/User/mc_configuration_registers.o
 .ARM.attributes
                0x000001c7       0x30 ./Application/User/mc_interface.o
 .ARM.attributes
                0x000001f7       0x30 ./Application/User/mc_parameters.o
 .ARM.attributes
                0x00000227       0x30 ./Application/User/mc_tasks.o
 .ARM.attributes
                0x00000257       0x30 ./Application/User/mc_tasks_sixstep.o
 .ARM.attributes
                0x00000287       0x30 ./Application/User/mcp.o
 .ARM.attributes
                0x000002b7       0x30 ./Application/User/mcp_config.o
 .ARM.attributes
                0x000002e7       0x30 ./Application/User/motorcontrol.o
 .ARM.attributes
                0x00000317       0x30 ./Application/User/register_interface.o
 .ARM.attributes
                0x00000347       0x30 ./Application/User/regular_conversion_manager.o
 .ARM.attributes
                0x00000377       0x30 ./Application/User/stm32_mc_common_it.o
 .ARM.attributes
                0x000003a7       0x30 ./Application/User/stm32g4xx_hal_msp.o
 .ARM.attributes
                0x000003d7       0x30 ./Application/User/stm32g4xx_mc_it.o
 .ARM.attributes
                0x00000407       0x30 ./Application/User/usart_aspep_driver.o
 .ARM.attributes
                0x00000437       0x30 ./Drivers/CMSIS/system_stm32g4xx.o
 .ARM.attributes
                0x00000467       0x30 ./Drivers/STM32G4xx_HAL_Driver/stm32g4xx_hal.o
 .ARM.attributes
                0x00000497       0x30 ./Drivers/STM32G4xx_HAL_Driver/stm32g4xx_hal_adc.o
 .ARM.attributes
                0x000004c7       0x30 ./Drivers/STM32G4xx_HAL_Driver/stm32g4xx_hal_adc_ex.o
 .ARM.attributes
                0x000004f7       0x30 ./Drivers/STM32G4xx_HAL_Driver/stm32g4xx_hal_cortex.o
 .ARM.attributes
                0x00000527       0x30 ./Drivers/STM32G4xx_HAL_Driver/stm32g4xx_hal_dma.o
 .ARM.attributes
                0x00000557       0x30 ./Drivers/STM32G4xx_HAL_Driver/stm32g4xx_hal_gpio.o
 .ARM.attributes
                0x00000587       0x30 ./Drivers/STM32G4xx_HAL_Driver/stm32g4xx_hal_pwr_ex.o
 .ARM.attributes
                0x000005b7       0x30 ./Drivers/STM32G4xx_HAL_Driver/stm32g4xx_hal_rcc.o
 .ARM.attributes
                0x000005e7       0x30 ./Drivers/STM32G4xx_HAL_Driver/stm32g4xx_hal_rcc_ex.o
 .ARM.attributes
                0x00000617       0x30 ./Drivers/STM32G4xx_HAL_Driver/stm32g4xx_hal_tim.o
 .ARM.attributes
                0x00000647       0x30 ./Drivers/STM32G4xx_HAL_Driver/stm32g4xx_hal_tim_ex.o
 .ARM.attributes
                0x00000677       0x30 ./Drivers/STM32G4xx_HAL_Driver/stm32g4xx_hal_uart.o
 .ARM.attributes
                0x000006a7       0x30 ./Drivers/STM32G4xx_HAL_Driver/stm32g4xx_hal_uart_ex.o
 .ARM.attributes
                0x000006d7       0x30 ./Middlewares/MotorControl/bus_voltage_sensor.o
 .ARM.attributes
                0x00000707       0x30 ./Middlewares/MotorControl/g4xx_bemf_ADC_fdbk.o
 .ARM.attributes
                0x00000737       0x30 ./Middlewares/MotorControl/mcpa.o
 .ARM.attributes
                0x00000767       0x30 ./Middlewares/MotorControl/ntc_temperature_sensor.o
 .ARM.attributes
                0x00000797       0x30 ./Middlewares/MotorControl/pid_regulator.o
 .ARM.attributes
                0x000007c7       0x30 ./Middlewares/MotorControl/pwmc_sixstep.o
 .ARM.attributes
                0x000007f7       0x30 ./Middlewares/MotorControl/r_divider_bus_voltage_sensor.o
 .ARM.attributes
                0x00000827       0x30 ./Middlewares/MotorControl/revup_ctrl_sixstep.o
 .ARM.attributes
                0x00000857       0x30 ./Middlewares/MotorControl/speed_ctrl.o
 .ARM.attributes
                0x00000887       0x30 ./Middlewares/MotorControl/speed_pos_fdbk.o
 .ARM.attributes
                0x000008b7       0x30 ./Middlewares/MotorControl/virtual_speed_sensor.o
 .ARM.attributes
                0x000008e7       0x34 C:/ST/STM32CubeIDE_1.10.1/STM32CubeIDE/plugins/com.st.stm32cube.ide.mcu.externaltools.gnu-tools-for-stm32.13.3.rel1.win32_1.0.0.202411081344/tools/bin/../lib/gcc/arm-none-eabi/13.3.1/../../../../arm-none-eabi/lib/thumb/v7e-m+fp/hard\libc_nano.a(libc_a-memset.o)
 .ARM.attributes
                0x0000091b       0x34 C:/ST/STM32CubeIDE_1.10.1/STM32CubeIDE/plugins/com.st.stm32cube.ide.mcu.externaltools.gnu-tools-for-stm32.13.3.rel1.win32_1.0.0.202411081344/tools/bin/../lib/gcc/arm-none-eabi/13.3.1/../../../../arm-none-eabi/lib/thumb/v7e-m+fp/hard\libc_nano.a(libc_a-init.o)
 .ARM.attributes
                0x0000094f       0x34 C:/ST/STM32CubeIDE_1.10.1/STM32CubeIDE/plugins/com.st.stm32cube.ide.mcu.externaltools.gnu-tools-for-stm32.13.3.rel1.win32_1.0.0.202411081344/tools/bin/../lib/gcc/arm-none-eabi/13.3.1/../../../../arm-none-eabi/lib/thumb/v7e-m+fp/hard\libc_nano.a(libc_a-memcpy-stub.o)
 .ARM.attributes
                0x00000983       0x22 C:/ST/STM32CubeIDE_1.10.1/STM32CubeIDE/plugins/com.st.stm32cube.ide.mcu.externaltools.gnu-tools-for-stm32.13.3.rel1.win32_1.0.0.202411081344/tools/bin/../lib/gcc/arm-none-eabi/13.3.1/thumb/v7e-m+fp/hard\libgcc.a(_arm_muldf3.o)
 .ARM.attributes
                0x000009a5       0x22 C:/ST/STM32CubeIDE_1.10.1/STM32CubeIDE/plugins/com.st.stm32cube.ide.mcu.externaltools.gnu-tools-for-stm32.13.3.rel1.win32_1.0.0.202411081344/tools/bin/../lib/gcc/arm-none-eabi/13.3.1/thumb/v7e-m+fp/hard\libgcc.a(_arm_addsubdf3.o)
 .ARM.attributes
                0x000009c7       0x22 C:/ST/STM32CubeIDE_1.10.1/STM32CubeIDE/plugins/com.st.stm32cube.ide.mcu.externaltools.gnu-tools-for-stm32.13.3.rel1.win32_1.0.0.202411081344/tools/bin/../lib/gcc/arm-none-eabi/13.3.1/thumb/v7e-m+fp/hard\libgcc.a(_arm_fixunsdfsi.o)
 .ARM.attributes
                0x000009e9       0x22 C:/ST/STM32CubeIDE_1.10.1/STM32CubeIDE/plugins/com.st.stm32cube.ide.mcu.externaltools.gnu-tools-for-stm32.13.3.rel1.win32_1.0.0.202411081344/tools/bin/../lib/gcc/arm-none-eabi/13.3.1/thumb/v7e-m+fp/hard\libgcc.a(_aeabi_uldivmod.o)
 .ARM.attributes
                0x00000a0b       0x34 C:/ST/STM32CubeIDE_1.10.1/STM32CubeIDE/plugins/com.st.stm32cube.ide.mcu.externaltools.gnu-tools-for-stm32.13.3.rel1.win32_1.0.0.202411081344/tools/bin/../lib/gcc/arm-none-eabi/13.3.1/thumb/v7e-m+fp/hard\libgcc.a(_udivmoddi4.o)
 .ARM.attributes
                0x00000a3f       0x22 C:/ST/STM32CubeIDE_1.10.1/STM32CubeIDE/plugins/com.st.stm32cube.ide.mcu.externaltools.gnu-tools-for-stm32.13.3.rel1.win32_1.0.0.202411081344/tools/bin/../lib/gcc/arm-none-eabi/13.3.1/thumb/v7e-m+fp/hard\libgcc.a(_dvmd_tls.o)
 .ARM.attributes
                0x00000a61       0x22 C:/ST/STM32CubeIDE_1.10.1/STM32CubeIDE/plugins/com.st.stm32cube.ide.mcu.externaltools.gnu-tools-for-stm32.13.3.rel1.win32_1.0.0.202411081344/tools/bin/../lib/gcc/arm-none-eabi/13.3.1/thumb/v7e-m+fp/hard/crtn.o
OUTPUT(Comarado_ESC_6Step.elf elf32-littlearm)
LOAD linker stubs
LOAD C:/ST/STM32CubeIDE_1.10.1/STM32CubeIDE/plugins/com.st.stm32cube.ide.mcu.externaltools.gnu-tools-for-stm32.13.3.rel1.win32_1.0.0.202411081344/tools/bin/../lib/gcc/arm-none-eabi/13.3.1/../../../../arm-none-eabi/lib/thumb/v7e-m+fp/hard\libc.a
LOAD C:/ST/STM32CubeIDE_1.10.1/STM32CubeIDE/plugins/com.st.stm32cube.ide.mcu.externaltools.gnu-tools-for-stm32.13.3.rel1.win32_1.0.0.202411081344/tools/bin/../lib/gcc/arm-none-eabi/13.3.1/../../../../arm-none-eabi/lib/thumb/v7e-m+fp/hard\libm.a
LOAD C:/ST/STM32CubeIDE_1.10.1/STM32CubeIDE/plugins/com.st.stm32cube.ide.mcu.externaltools.gnu-tools-for-stm32.13.3.rel1.win32_1.0.0.202411081344/tools/bin/../lib/gcc/arm-none-eabi/13.3.1/thumb/v7e-m+fp/hard\libgcc.a

.debug_line     0x00000000    0x3dc29
 .debug_line    0x00000000       0x7b ./Application/Startup/startup_stm32g431cbux.o
 .debug_line    0x0000007b     0x1636 ./Application/User/aspep.o
 .debug_line    0x000016b1     0x1723 ./Application/User/main.o
 .debug_line    0x00002dd4      0xd7c ./Application/User/mc_api.o
 .debug_line    0x00003b50      0x951 ./Application/User/mc_app_hooks.o
 .debug_line    0x000044a1      0xbd9 ./Application/User/mc_config.o
 .debug_line    0x0000507a      0xbe0 ./Application/User/mc_config_common.o
 .debug_line    0x00005c5a      0xb19 ./Application/User/mc_configuration_registers.o
 .debug_line    0x00006773     0x123e ./Application/User/mc_interface.o
 .debug_line    0x000079b1      0xbca ./Application/User/mc_parameters.o
 .debug_line    0x0000857b     0x1188 ./Application/User/mc_tasks.o
 .debug_line    0x00009703     0x123d ./Application/User/mc_tasks_sixstep.o
 .debug_line    0x0000a940     0x10b3 ./Application/User/mcp.o
 .debug_line    0x0000b9f3      0xa36 ./Application/User/mcp_config.o
 .debug_line    0x0000c429      0xc19 ./Application/User/motorcontrol.o
 .debug_line    0x0000d042     0x1fa1 ./Application/User/register_interface.o
 .debug_line    0x0000efe3     0x15db ./Application/User/regular_conversion_manager.o
 .debug_line    0x000105be     0x11a2 ./Application/User/stm32_mc_common_it.o
 .debug_line    0x00011760     0x10da ./Application/User/stm32g4xx_hal_msp.o
 .debug_line    0x0001283a      0xe32 ./Application/User/stm32g4xx_mc_it.o
 .debug_line    0x0001366c     0x112b ./Application/User/usart_aspep_driver.o
 .debug_line    0x00014797      0x8a4 ./Drivers/CMSIS/system_stm32g4xx.o
 .debug_line    0x0001503b      0xd36 ./Drivers/STM32G4xx_HAL_Driver/stm32g4xx_hal.o
 .debug_line    0x00015d71     0x2e19 ./Drivers/STM32G4xx_HAL_Driver/stm32g4xx_hal_adc.o
 .debug_line    0x00018b8a     0x27de ./Drivers/STM32G4xx_HAL_Driver/stm32g4xx_hal_adc_ex.o
 .debug_line    0x0001b368      0xe37 ./Drivers/STM32G4xx_HAL_Driver/stm32g4xx_hal_cortex.o
 .debug_line    0x0001c19f     0x1407 ./Drivers/STM32G4xx_HAL_Driver/stm32g4xx_hal_dma.o
 .debug_line    0x0001d5a6     0x107e ./Drivers/STM32G4xx_HAL_Driver/stm32g4xx_hal_gpio.o
 .debug_line    0x0001e624      0xf67 ./Drivers/STM32G4xx_HAL_Driver/stm32g4xx_hal_pwr_ex.o
 .debug_line    0x0001f58b     0x156e ./Drivers/STM32G4xx_HAL_Driver/stm32g4xx_hal_rcc.o
 .debug_line    0x00020af9     0x15d8 ./Drivers/STM32G4xx_HAL_Driver/stm32g4xx_hal_rcc_ex.o
 .debug_line    0x000220d1     0x65a0 ./Drivers/STM32G4xx_HAL_Driver/stm32g4xx_hal_tim.o
 .debug_line    0x00028671     0x2645 ./Drivers/STM32G4xx_HAL_Driver/stm32g4xx_hal_tim_ex.o
 .debug_line    0x0002acb6     0x6f6d ./Drivers/STM32G4xx_HAL_Driver/stm32g4xx_hal_uart.o
 .debug_line    0x00031c23     0x12ae ./Drivers/STM32G4xx_HAL_Driver/stm32g4xx_hal_uart_ex.o
 .debug_line    0x00032ed1      0x9ef ./Middlewares/MotorControl/bus_voltage_sensor.o
 .debug_line    0x000338c0     0x1ffb ./Middlewares/MotorControl/g4xx_bemf_ADC_fdbk.o
 .debug_line    0x000358bb     0x1169 ./Middlewares/MotorControl/mcpa.o
 .debug_line    0x00036a24      0xb8a ./Middlewares/MotorControl/ntc_temperature_sensor.o
 .debug_line    0x000375ae      0xe29 ./Middlewares/MotorControl/pid_regulator.o
 .debug_line    0x000383d7     0x14c7 ./Middlewares/MotorControl/pwmc_sixstep.o
 .debug_line    0x0003989e      0xc00 ./Middlewares/MotorControl/r_divider_bus_voltage_sensor.o
 .debug_line    0x0003a49e      0xeb6 ./Middlewares/MotorControl/revup_ctrl_sixstep.o
 .debug_line    0x0003b354      0xeac ./Middlewares/MotorControl/speed_ctrl.o
 .debug_line    0x0003c200      0xb43 ./Middlewares/MotorControl/speed_pos_fdbk.o
 .debug_line    0x0003cd43      0xee6 ./Middlewares/MotorControl/virtual_speed_sensor.o

.debug_line_str
                0x00000000       0x95
 .debug_line_str
                0x00000000       0x95 ./Application/Startup/startup_stm32g431cbux.o

.debug_info     0x00000000    0x3e95a
 .debug_info    0x00000000       0x30 ./Application/Startup/startup_stm32g431cbux.o
 .debug_info    0x00000030     0x112b ./Application/User/aspep.o
 .debug_info    0x0000115b     0x2d00 ./Application/User/main.o
 .debug_info    0x00003e5b     0x1263 ./Application/User/mc_api.o
 .debug_info    0x000050be      0x1db ./Application/User/mc_app_hooks.o
 .debug_info    0x00005299     0x179e ./Application/User/mc_config.o
 .debug_info    0x00006a37      0xd95 ./Application/User/mc_config_common.o
 .debug_info    0x000077cc      0x56e ./Application/User/mc_configuration_registers.o
 .debug_info    0x00007d3a     0x1706 ./Application/User/mc_interface.o
 .debug_info    0x00009440      0x887 ./Application/User/mc_parameters.o
 .debug_info    0x00009cc7     0x2161 ./Application/User/mc_tasks.o
 .debug_info    0x0000be28     0x25dc ./Application/User/mc_tasks_sixstep.o
 .debug_info    0x0000e404     0x142c ./Application/User/mcp.o
 .debug_info    0x0000f830      0xaf2 ./Application/User/mcp_config.o
 .debug_info    0x00010322      0xfeb ./Application/User/motorcontrol.o
 .debug_info    0x0001130d     0x2ed0 ./Application/User/register_interface.o
 .debug_info    0x000141dd     0x162e ./Application/User/regular_conversion_manager.o
 .debug_info    0x0001580b     0x12b2 ./Application/User/stm32_mc_common_it.o
 .debug_info    0x00016abd     0x1ddb ./Application/User/stm32g4xx_hal_msp.o
 .debug_info    0x00018898     0x131c ./Application/User/stm32g4xx_mc_it.o
 .debug_info    0x00019bb4     0x1267 ./Application/User/usart_aspep_driver.o
 .debug_info    0x0001ae1b      0x5a7 ./Drivers/CMSIS/system_stm32g4xx.o
 .debug_info    0x0001b3c2      0xcd7 ./Drivers/STM32G4xx_HAL_Driver/stm32g4xx_hal.o
 .debug_info    0x0001c099     0x3508 ./Drivers/STM32G4xx_HAL_Driver/stm32g4xx_hal_adc.o
 .debug_info    0x0001f5a1     0x2d2c ./Drivers/STM32G4xx_HAL_Driver/stm32g4xx_hal_adc_ex.o
 .debug_info    0x000222cd      0xf8e ./Drivers/STM32G4xx_HAL_Driver/stm32g4xx_hal_cortex.o
 .debug_info    0x0002325b      0xa62 ./Drivers/STM32G4xx_HAL_Driver/stm32g4xx_hal_dma.o
 .debug_info    0x00023cbd      0x795 ./Drivers/STM32G4xx_HAL_Driver/stm32g4xx_hal_gpio.o
 .debug_info    0x00024452      0x993 ./Drivers/STM32G4xx_HAL_Driver/stm32g4xx_hal_pwr_ex.o
 .debug_info    0x00024de5      0xe7b ./Drivers/STM32G4xx_HAL_Driver/stm32g4xx_hal_rcc.o
 .debug_info    0x00025c60      0xd46 ./Drivers/STM32G4xx_HAL_Driver/stm32g4xx_hal_rcc_ex.o
 .debug_info    0x000269a6     0x500d ./Drivers/STM32G4xx_HAL_Driver/stm32g4xx_hal_tim.o
 .debug_info    0x0002b9b3     0x25d0 ./Drivers/STM32G4xx_HAL_Driver/stm32g4xx_hal_tim_ex.o
 .debug_info    0x0002df83     0x78c3 ./Drivers/STM32G4xx_HAL_Driver/stm32g4xx_hal_uart.o
 .debug_info    0x00035846     0x13de ./Drivers/STM32G4xx_HAL_Driver/stm32g4xx_hal_uart_ex.o
 .debug_info    0x00036c24      0x2c3 ./Middlewares/MotorControl/bus_voltage_sensor.o
 .debug_info    0x00036ee7     0x26dd ./Middlewares/MotorControl/g4xx_bemf_ADC_fdbk.o
 .debug_info    0x000395c4      0x715 ./Middlewares/MotorControl/mcpa.o
 .debug_info    0x00039cd9      0x505 ./Middlewares/MotorControl/ntc_temperature_sensor.o
 .debug_info    0x0003a1de      0x8ea ./Middlewares/MotorControl/pid_regulator.o
 .debug_info    0x0003aac8     0x1633 ./Middlewares/MotorControl/pwmc_sixstep.o
 .debug_info    0x0003c0fb      0x458 ./Middlewares/MotorControl/r_divider_bus_voltage_sensor.o
 .debug_info    0x0003c553      0xe71 ./Middlewares/MotorControl/revup_ctrl_sixstep.o
 .debug_info    0x0003d3c4      0x908 ./Middlewares/MotorControl/speed_ctrl.o
 .debug_info    0x0003dccc      0x4fe ./Middlewares/MotorControl/speed_pos_fdbk.o
 .debug_info    0x0003e1ca      0x790 ./Middlewares/MotorControl/virtual_speed_sensor.o

.debug_abbrev   0x00000000     0x7bb0
 .debug_abbrev  0x00000000       0x24 ./Application/Startup/startup_stm32g431cbux.o
 .debug_abbrev  0x00000024      0x39b ./Application/User/aspep.o
 .debug_abbrev  0x000003bf      0x3cc ./Application/User/main.o
 .debug_abbrev  0x0000078b      0x27f ./Application/User/mc_api.o
 .debug_abbrev  0x00000a0a       0x98 ./Application/User/mc_app_hooks.o
 .debug_abbrev  0x00000aa2      0x1b6 ./Application/User/mc_config.o
 .debug_abbrev  0x00000c58      0x17e ./Application/User/mc_config_common.o
 .debug_abbrev  0x00000dd6      0x10a ./Application/User/mc_configuration_registers.o
 .debug_abbrev  0x00000ee0      0x3b4 ./Application/User/mc_interface.o
 .debug_abbrev  0x00001294      0x131 ./Application/User/mc_parameters.o
 .debug_abbrev  0x000013c5      0x3e6 ./Application/User/mc_tasks.o
 .debug_abbrev  0x000017ab      0x40a ./Application/User/mc_tasks_sixstep.o
 .debug_abbrev  0x00001bb5      0x322 ./Application/User/mcp.o
 .debug_abbrev  0x00001ed7      0x1c7 ./Application/User/mcp_config.o
 .debug_abbrev  0x0000209e      0x24a ./Application/User/motorcontrol.o
 .debug_abbrev  0x000022e8      0x44b ./Application/User/register_interface.o
 .debug_abbrev  0x00002733      0x405 ./Application/User/regular_conversion_manager.o
 .debug_abbrev  0x00002b38      0x35e ./Application/User/stm32_mc_common_it.o
 .debug_abbrev  0x00002e96      0x2fd ./Application/User/stm32g4xx_hal_msp.o
 .debug_abbrev  0x00003193      0x2b2 ./Application/User/stm32g4xx_mc_it.o
 .debug_abbrev  0x00003445      0x2c0 ./Application/User/usart_aspep_driver.o
 .debug_abbrev  0x00003705      0x120 ./Drivers/CMSIS/system_stm32g4xx.o
 .debug_abbrev  0x00003825      0x2dd ./Drivers/STM32G4xx_HAL_Driver/stm32g4xx_hal.o
 .debug_abbrev  0x00003b02      0x355 ./Drivers/STM32G4xx_HAL_Driver/stm32g4xx_hal_adc.o
 .debug_abbrev  0x00003e57      0x3eb ./Drivers/STM32G4xx_HAL_Driver/stm32g4xx_hal_adc_ex.o
 .debug_abbrev  0x00004242      0x387 ./Drivers/STM32G4xx_HAL_Driver/stm32g4xx_hal_cortex.o
 .debug_abbrev  0x000045c9      0x2af ./Drivers/STM32G4xx_HAL_Driver/stm32g4xx_hal_dma.o
 .debug_abbrev  0x00004878      0x1f9 ./Drivers/STM32G4xx_HAL_Driver/stm32g4xx_hal_gpio.o
 .debug_abbrev  0x00004a71      0x281 ./Drivers/STM32G4xx_HAL_Driver/stm32g4xx_hal_pwr_ex.o
 .debug_abbrev  0x00004cf2      0x352 ./Drivers/STM32G4xx_HAL_Driver/stm32g4xx_hal_rcc.o
 .debug_abbrev  0x00005044      0x2ce ./Drivers/STM32G4xx_HAL_Driver/stm32g4xx_hal_rcc_ex.o
 .debug_abbrev  0x00005312      0x3c0 ./Drivers/STM32G4xx_HAL_Driver/stm32g4xx_hal_tim.o
 .debug_abbrev  0x000056d2      0x3d0 ./Drivers/STM32G4xx_HAL_Driver/stm32g4xx_hal_tim_ex.o
 .debug_abbrev  0x00005aa2      0x4b8 ./Drivers/STM32G4xx_HAL_Driver/stm32g4xx_hal_uart.o
 .debug_abbrev  0x00005f5a      0x360 ./Drivers/STM32G4xx_HAL_Driver/stm32g4xx_hal_uart_ex.o
 .debug_abbrev  0x000062ba      0x10c ./Middlewares/MotorControl/bus_voltage_sensor.o
 .debug_abbrev  0x000063c6      0x485 ./Middlewares/MotorControl/g4xx_bemf_ADC_fdbk.o
 .debug_abbrev  0x0000684b      0x2a4 ./Middlewares/MotorControl/mcpa.o
 .debug_abbrev  0x00006aef      0x23d ./Middlewares/MotorControl/ntc_temperature_sensor.o
 .debug_abbrev  0x00006d2c      0x1b1 ./Middlewares/MotorControl/pid_regulator.o
 .debug_abbrev  0x00006edd      0x321 ./Middlewares/MotorControl/pwmc_sixstep.o
 .debug_abbrev  0x000071fe      0x161 ./Middlewares/MotorControl/r_divider_bus_voltage_sensor.o
 .debug_abbrev  0x0000735f      0x2a3 ./Middlewares/MotorControl/revup_ctrl_sixstep.o
 .debug_abbrev  0x00007602      0x227 ./Middlewares/MotorControl/speed_ctrl.o
 .debug_abbrev  0x00007829      0x175 ./Middlewares/MotorControl/speed_pos_fdbk.o
 .debug_abbrev  0x0000799e      0x212 ./Middlewares/MotorControl/virtual_speed_sensor.o

.debug_aranges  0x00000000     0x1ac8
 .debug_aranges
                0x00000000       0x28 ./Application/Startup/startup_stm32g431cbux.o
 .debug_aranges
                0x00000028       0x60 ./Application/User/aspep.o
 .debug_aranges
                0x00000088       0x30 ./Application/User/main.o
 .debug_aranges
                0x000000b8       0xc8 ./Application/User/mc_api.o
 .debug_aranges
                0x00000180       0x28 ./Application/User/mc_app_hooks.o
 .debug_aranges
                0x000001a8       0x18 ./Application/User/mc_config.o
 .debug_aranges
                0x000001c0       0x18 ./Application/User/mc_config_common.o
 .debug_aranges
                0x000001d8       0x18 ./Application/User/mc_configuration_registers.o
 .debug_aranges
                0x000001f0       0xe8 ./Application/User/mc_interface.o
 .debug_aranges
                0x000002d8       0x18 ./Application/User/mc_parameters.o
 .debug_aranges
                0x000002f0       0x78 ./Application/User/mc_tasks.o
 .debug_aranges
                0x00000368       0x58 ./Application/User/mc_tasks_sixstep.o
 .debug_aranges
                0x000003c0       0x38 ./Application/User/mcp.o
 .debug_aranges
                0x000003f8       0x18 ./Application/User/mcp_config.o
 .debug_aranges
                0x00000410       0x20 ./Application/User/motorcontrol.o
 .debug_aranges
                0x00000430       0x50 ./Application/User/register_interface.o
 .debug_aranges
                0x00000480       0x68 ./Application/User/regular_conversion_manager.o
 .debug_aranges
                0x000004e8       0x38 ./Application/User/stm32_mc_common_it.o
 .debug_aranges
                0x00000520       0x58 ./Application/User/stm32g4xx_hal_msp.o
 .debug_aranges
                0x00000578       0x38 ./Application/User/stm32g4xx_mc_it.o
 .debug_aranges
                0x000005b0       0x48 ./Application/User/usart_aspep_driver.o
 .debug_aranges
                0x000005f8       0x28 ./Drivers/CMSIS/system_stm32g4xx.o
 .debug_aranges
                0x00000620      0x148 ./Drivers/STM32G4xx_HAL_Driver/stm32g4xx_hal.o
 .debug_aranges
                0x00000768      0x108 ./Drivers/STM32G4xx_HAL_Driver/stm32g4xx_hal_adc.o
 .debug_aranges
                0x00000870       0xf0 ./Drivers/STM32G4xx_HAL_Driver/stm32g4xx_hal_adc_ex.o
 .debug_aranges
                0x00000960       0xa8 ./Drivers/STM32G4xx_HAL_Driver/stm32g4xx_hal_cortex.o
 .debug_aranges
                0x00000a08       0x78 ./Drivers/STM32G4xx_HAL_Driver/stm32g4xx_hal_dma.o
 .debug_aranges
                0x00000a80       0x58 ./Drivers/STM32G4xx_HAL_Driver/stm32g4xx_hal_gpio.o
 .debug_aranges