D:/Comrado/ESC_BMS_Project/ALL DOCS/ALL DOCS/ESC/STM_B_G431_ESC/Comarado_ESC_6Step/Src/register_interface.c:32:9:RI_SetRegisterGlobal	4	static
D:/Comrado/ESC_BMS_Project/ALL DOCS/ALL DOCS/ESC/STM_B_G431_ESC/Comarado_ESC_6Step/Src/register_interface.c:166:9:RI_SetRegisterMotor1	80	static
D:/Comrado/ESC_BMS_Project/ALL DOCS/ALL DOCS/ESC/STM_B_G431_ESC/Comarado_ESC_6Step/Src/register_interface.c:458:9:RI_GetRegisterGlobal	8	static
D:/Comrado/ESC_BMS_Project/ALL DOCS/ALL DOCS/ESC/STM_B_G431_ESC/Comarado_ESC_6Step/Src/register_interface.c:603:11:RI_GetRegisterMotor1	80	static
D:/Comrado/ESC_BMS_Project/ALL DOCS/ALL DOCS/ESC/STM_B_G431_ESC/Comarado_ESC_6Step/Src/register_interface.c:994:9:RI_MovString	4	static
D:/Comrado/ESC_BMS_Project/ALL DOCS/ALL DOCS/ESC/STM_B_G431_ESC/Comarado_ESC_6Step/Src/register_interface.c:1020:9:RI_GetIDSize	0	static
D:/Comrado/ESC_BMS_Project/ALL DOCS/ALL DOCS/ESC/STM_B_G431_ESC/Comarado_ESC_6Step/Src/register_interface.c:1055:16:RI_GetPtrReg	0	static
