D:/Comrado/ESC_BMS_Project/ALL DOCS/ALL DOCS/ESC/STM_B_G431_ESC/Comarado_ESC_6Step/Src/stm32g4xx_mc_it.c:64:6:ADC1_2_IRQHandler	8	static
D:/Comrado/ESC_BMS_Project/ALL DOCS/ALL DOCS/ESC/STM_B_G431_ESC/Comarado_ESC_6Step/Src/stm32g4xx_mc_it.c:102:6:TIM2_IRQHandler	16	static
D:/Comrado/ESC_BMS_Project/ALL DOCS/ALL DOCS/ESC/STM_B_G431_ESC/Comarado_ESC_6Step/Src/stm32g4xx_mc_it.c:138:6:TIM1_UP_TIM16_IRQHandler	0	static
D:/Comrado/ESC_BMS_Project/ALL DOCS/ALL DOCS/ESC/STM_B_G431_ESC/Comarado_ESC_6Step/Src/stm32g4xx_mc_it.c:152:6:TIM1_BRK_TIM15_IRQHandler	8	static
