D:/Comrado/ESC_BMS_Project/ALL DOCS/ALL DOCS/ESC/STM_B_G431_ESC/Comarado_ESC_6Step/Src/usart_aspep_driver.c:44:6:UASPEP_INIT	8	static,ignoring_inline_asm
D:/Comrado/ESC_BMS_Project/ALL DOCS/ALL DOCS/ESC/STM_B_G431_ESC/Comarado_ESC_6Step/Src/usart_aspep_driver.c:56:6:UASPEP_TX_INIT	4	static,ignoring_inline_asm
D:/Comrado/ESC_BMS_Project/ALL DOCS/ALL DOCS/ESC/STM_B_G431_ESC/Comarado_ESC_6Step/Src/usart_aspep_driver.c:93:6:UASPEP_RX_INIT	4	static,ignoring_inline_asm
D:/Comrado/ESC_BMS_Project/ALL DOCS/ALL DOCS/ESC/STM_B_G431_ESC/Comarado_ESC_6Step/Src/usart_aspep_driver.c:130:6:UASPEP_CFG_TRANSMISSION	4	static
D:/Comrado/ESC_BMS_Project/ALL DOCS/ALL DOCS/ESC/STM_B_G431_ESC/Comarado_ESC_6Step/Src/usart_aspep_driver.c:153:6:UASPEP_CFG_RECEPTION	4	static
D:/Comrado/ESC_BMS_Project/ALL DOCS/ALL DOCS/ESC/STM_B_G431_ESC/Comarado_ESC_6Step/Src/usart_aspep_driver.c:169:6:UASPEP_IDLE_ENABLE	0	static,ignoring_inline_asm
