D:/Comrado/ESC_BMS_Project/ALL DOCS/ALL DOCS/ESC/STM_B_G431_ESC/Comarado_Motor_Profiler/MCSDK_v6.3.2-Full/MotorControl/MCSDK/MCLib/Any/Src/r_divider_bus_voltage_sensor.c:72:13:RVBS_Clear	8	static
D:/Comrado/ESC_BMS_Project/ALL DOCS/ALL DOCS/ESC/STM_B_G431_ESC/Comarado_Motor_Profiler/MCSDK_v6.3.2-Full/MotorControl/MCSDK/MCLib/Any/Src/r_divider_bus_voltage_sensor.c:49:13:RVBS_Init	8	static
D:/Comrado/ESC_BMS_Project/ALL DOCS/ALL DOCS/ESC/STM_B_G431_ESC/Comarado_Motor_Profiler/MCSDK_v6.3.2-Full/MotorControl/MCSDK/MCLib/Any/Src/r_divider_bus_voltage_sensor.c:163:17:RVBS_CheckFaultState	4	static
D:/Comrado/ESC_BMS_Project/ALL DOCS/ALL DOCS/ESC/STM_B_G431_ESC/Comarado_Motor_Profiler/MCSDK_v6.3.2-Full/MotorControl/MCSDK/MCLib/Any/Src/r_divider_bus_voltage_sensor.c:104:17:RVBS_CalcAvVbus	16	static
