Archive member included to satisfy reference by file (symbol)

C:/ST/STM32CubeIDE_1.10.1/STM32CubeIDE/plugins/com.st.stm32cube.ide.mcu.externaltools.gnu-tools-for-stm32.13.3.rel1.win32_1.0.0.202411081344/tools/bin/../lib/gcc/arm-none-eabi/13.3.1/../../../../arm-none-eabi/lib/thumb/v7e-m+fp/hard\libc_nano.a(libc_a-exit.o)
                              C:/ST/STM32CubeIDE_1.10.1/STM32CubeIDE/plugins/com.st.stm32cube.ide.mcu.externaltools.gnu-tools-for-stm32.13.3.rel1.win32_1.0.0.202411081344/tools/bin/../lib/gcc/arm-none-eabi/13.3.1/../../../../arm-none-eabi/lib/thumb/v7e-m+fp/hard/crt0.o (exit)
C:/ST/STM32CubeIDE_1.10.1/STM32CubeIDE/plugins/com.st.stm32cube.ide.mcu.externaltools.gnu-tools-for-stm32.13.3.rel1.win32_1.0.0.202411081344/tools/bin/../lib/gcc/arm-none-eabi/13.3.1/../../../../arm-none-eabi/lib/thumb/v7e-m+fp/hard\libc_nano.a(libc_a-findfp.o)
                              C:/ST/STM32CubeIDE_1.10.1/STM32CubeIDE/plugins/com.st.stm32cube.ide.mcu.externaltools.gnu-tools-for-stm32.13.3.rel1.win32_1.0.0.202411081344/tools/bin/../lib/gcc/arm-none-eabi/13.3.1/../../../../arm-none-eabi/lib/thumb/v7e-m+fp/hard\libc_nano.a(libc_a-exit.o) (__stdio_exit_handler)
C:/ST/STM32CubeIDE_1.10.1/STM32CubeIDE/plugins/com.st.stm32cube.ide.mcu.externaltools.gnu-tools-for-stm32.13.3.rel1.win32_1.0.0.202411081344/tools/bin/../lib/gcc/arm-none-eabi/13.3.1/../../../../arm-none-eabi/lib/thumb/v7e-m+fp/hard\libc_nano.a(libc_a-fwalk.o)
                              C:/ST/STM32CubeIDE_1.10.1/STM32CubeIDE/plugins/com.st.stm32cube.ide.mcu.externaltools.gnu-tools-for-stm32.13.3.rel1.win32_1.0.0.202411081344/tools/bin/../lib/gcc/arm-none-eabi/13.3.1/../../../../arm-none-eabi/lib/thumb/v7e-m+fp/hard\libc_nano.a(libc_a-findfp.o) (_fwalk_sglue)
C:/ST/STM32CubeIDE_1.10.1/STM32CubeIDE/plugins/com.st.stm32cube.ide.mcu.externaltools.gnu-tools-for-stm32.13.3.rel1.win32_1.0.0.202411081344/tools/bin/../lib/gcc/arm-none-eabi/13.3.1/../../../../arm-none-eabi/lib/thumb/v7e-m+fp/hard\libc_nano.a(libc_a-stdio.o)
                              C:/ST/STM32CubeIDE_1.10.1/STM32CubeIDE/plugins/com.st.stm32cube.ide.mcu.externaltools.gnu-tools-for-stm32.13.3.rel1.win32_1.0.0.202411081344/tools/bin/../lib/gcc/arm-none-eabi/13.3.1/../../../../arm-none-eabi/lib/thumb/v7e-m+fp/hard\libc_nano.a(libc_a-findfp.o) (__sread)
C:/ST/STM32CubeIDE_1.10.1/STM32CubeIDE/plugins/com.st.stm32cube.ide.mcu.externaltools.gnu-tools-for-stm32.13.3.rel1.win32_1.0.0.202411081344/tools/bin/../lib/gcc/arm-none-eabi/13.3.1/../../../../arm-none-eabi/lib/thumb/v7e-m+fp/hard\libc_nano.a(libc_a-memset.o)
                              C:/ST/STM32CubeIDE_1.10.1/STM32CubeIDE/plugins/com.st.stm32cube.ide.mcu.externaltools.gnu-tools-for-stm32.13.3.rel1.win32_1.0.0.202411081344/tools/bin/../lib/gcc/arm-none-eabi/13.3.1/../../../../arm-none-eabi/lib/thumb/v7e-m+fp/hard/crt0.o (memset)
C:/ST/STM32CubeIDE_1.10.1/STM32CubeIDE/plugins/com.st.stm32cube.ide.mcu.externaltools.gnu-tools-for-stm32.13.3.rel1.win32_1.0.0.202411081344/tools/bin/../lib/gcc/arm-none-eabi/13.3.1/../../../../arm-none-eabi/lib/thumb/v7e-m+fp/hard\libc_nano.a(libc_a-closer.o)
                              C:/ST/STM32CubeIDE_1.10.1/STM32CubeIDE/plugins/com.st.stm32cube.ide.mcu.externaltools.gnu-tools-for-stm32.13.3.rel1.win32_1.0.0.202411081344/tools/bin/../lib/gcc/arm-none-eabi/13.3.1/../../../../arm-none-eabi/lib/thumb/v7e-m+fp/hard\libc_nano.a(libc_a-stdio.o) (_close_r)
C:/ST/STM32CubeIDE_1.10.1/STM32CubeIDE/plugins/com.st.stm32cube.ide.mcu.externaltools.gnu-tools-for-stm32.13.3.rel1.win32_1.0.0.202411081344/tools/bin/../lib/gcc/arm-none-eabi/13.3.1/../../../../arm-none-eabi/lib/thumb/v7e-m+fp/hard\libc_nano.a(libc_a-reent.o)
                              C:/ST/STM32CubeIDE_1.10.1/STM32CubeIDE/plugins/com.st.stm32cube.ide.mcu.externaltools.gnu-tools-for-stm32.13.3.rel1.win32_1.0.0.202411081344/tools/bin/../lib/gcc/arm-none-eabi/13.3.1/../../../../arm-none-eabi/lib/thumb/v7e-m+fp/hard\libc_nano.a(libc_a-closer.o) (errno)
C:/ST/STM32CubeIDE_1.10.1/STM32CubeIDE/plugins/com.st.stm32cube.ide.mcu.externaltools.gnu-tools-for-stm32.13.3.rel1.win32_1.0.0.202411081344/tools/bin/../lib/gcc/arm-none-eabi/13.3.1/../../../../arm-none-eabi/lib/thumb/v7e-m+fp/hard\libc_nano.a(libc_a-impure.o)
                              C:/ST/STM32CubeIDE_1.10.1/STM32CubeIDE/plugins/com.st.stm32cube.ide.mcu.externaltools.gnu-tools-for-stm32.13.3.rel1.win32_1.0.0.202411081344/tools/bin/../lib/gcc/arm-none-eabi/13.3.1/../../../../arm-none-eabi/lib/thumb/v7e-m+fp/hard\libc_nano.a(libc_a-reent.o) (_impure_ptr)
C:/ST/STM32CubeIDE_1.10.1/STM32CubeIDE/plugins/com.st.stm32cube.ide.mcu.externaltools.gnu-tools-for-stm32.13.3.rel1.win32_1.0.0.202411081344/tools/bin/../lib/gcc/arm-none-eabi/13.3.1/../../../../arm-none-eabi/lib/thumb/v7e-m+fp/hard\libc_nano.a(libc_a-lseekr.o)
[...]
Memory Configuration

Name             Origin             Length             Attributes
RAM              0x20000000         0x00008000         xrw
FLASH            0x08000000         0x00020000         xr
*default*        0x00000000         0xffffffff

Linker script and memory map

LOAD C:/ST/STM32CubeIDE_1.10.1/STM32CubeIDE/plugins/com.st.stm32cube.ide.mcu.externaltools.gnu-tools-for-stm32.13.3.rel1.win32_1.0.0.202411081344/tools/bin/../lib/gcc/arm-none-eabi/13.3.1/thumb/v7e-m+fp/hard/crti.o
LOAD C:/ST/STM32CubeIDE_1.10.1/STM32CubeIDE/plugins/com.st.stm32cube.ide.mcu.externaltools.gnu-tools-for-stm32.13.3.rel1.win32_1.0.0.202411081344/tools/bin/../lib/gcc/arm-none-eabi/13.3.1/thumb/v7e-m+fp/hard/crtbegin.o
LOAD C:/ST/STM32CubeIDE_1.10.1/STM32CubeIDE/plugins/com.st.stm32cube.ide.mcu.externaltools.gnu-tools-for-stm32.13.3.rel1.win32_1.0.0.202411081344/tools/bin/../lib/gcc/arm-none-eabi/13.3.1/../../../../arm-none-eabi/lib/thumb/v7e-m+fp/hard/crt0.o
LOAD ./Application/Startup/startup_stm32g431cbux.o
LOAD ./Application/User/aspep.o
LOAD ./Application/User/main.o
LOAD ./Application/User/mc_api.o
LOAD ./Application/User/mc_app_hooks.o
LOAD ./Application/User/mc_config.o
LOAD ./Application/User/mc_config_common.o
LOAD ./Application/User/mc_configuration_registers.o
LOAD ./Application/User/mc_interface.o
LOAD ./Application/User/mc_math.o
LOAD ./Application/User/mc_parameters.o
LOAD ./Application/User/mc_perf.o
LOAD ./Application/User/mc_tasks.o
LOAD ./Application/User/mc_tasks_foc.o
LOAD ./Application/User/mcp.o
LOAD ./Application/User/mcp_config.o
LOAD ./Application/User/motorcontrol.o
LOAD ./Application/User/pwm_common.o
LOAD ./Application/User/pwm_curr_fdbk.o
LOAD ./Application/User/register_interface.o
LOAD ./Application/User/regular_conversion_manager.o
LOAD ./Application/User/stm32_mc_common_it.o
LOAD ./Application/User/stm32g4xx_hal_msp.o
LOAD ./Application/User/stm32g4xx_it.o
LOAD ./Application/User/stm32g4xx_mc_it.o
LOAD ./Application/User/syscalls.o
LOAD ./Application/User/sysmem.o
LOAD ./Application/User/usart_aspep_driver.o
LOAD ./Drivers/CMSIS/system_stm32g4xx.o
LOAD ./Drivers/STM32G4xx_HAL_Driver/stm32g4xx_hal.o
LOAD ./Drivers/STM32G4xx_HAL_Driver/stm32g4xx_hal_adc.o
LOAD ./Drivers/STM32G4xx_HAL_Driver/stm32g4xx_hal_adc_ex.o
LOAD ./Drivers/STM32G4xx_HAL_Driver/stm32g4xx_hal_cordic.o
LOAD ./Drivers/STM32G4xx_HAL_Driver/stm32g4xx_hal_cortex.o
LOAD ./Drivers/STM32G4xx_HAL_Driver/stm32g4xx_hal_dma.o
LOAD ./Drivers/STM32G4xx_HAL_Driver/stm32g4xx_hal_dma_ex.o
LOAD ./Drivers/STM32G4xx_HAL_Driver/stm32g4xx_hal_exti.o
LOAD ./Drivers/STM32G4xx_HAL_Driver/stm32g4xx_hal_flash.o
LOAD ./Drivers/STM32G4xx_HAL_Driver/stm32g4xx_hal_flash_ex.o
LOAD ./Drivers/STM32G4xx_HAL_Driver/stm32g4xx_hal_flash_ramfunc.o
LOAD ./Drivers/STM32G4xx_HAL_Driver/stm32g4xx_hal_gpio.o
LOAD ./Drivers/STM32G4xx_HAL_Driver/stm32g4xx_hal_opamp.o
LOAD ./Drivers/STM32G4xx_HAL_Driver/stm32g4xx_hal_opamp_ex.o
LOAD ./Drivers/STM32G4xx_HAL_Driver/stm32g4xx_hal_pwr.o
LOAD ./Drivers/STM32G4xx_HAL_Driver/stm32g4xx_hal_pwr_ex.o
LOAD ./Drivers/STM32G4xx_HAL_Driver/stm32g4xx_hal_rcc.o
LOAD ./Drivers/STM32G4xx_HAL_Driver/stm32g4xx_hal_rcc_ex.o
LOAD ./Drivers/STM32G4xx_HAL_Driver/stm32g4xx_hal_tim.o
LOAD ./Drivers/STM32G4xx_HAL_Driver/stm32g4xx_hal_tim_ex.o
LOAD ./Drivers/STM32G4xx_HAL_Driver/stm32g4xx_hal_uart.o
LOAD ./Drivers/STM32G4xx_HAL_Driver/stm32g4xx_hal_uart_ex.o
LOAD ./Drivers/STM32G4xx_HAL_Driver/stm32g4xx_ll_adc.o
LOAD ./Middlewares/MotorControl/bus_voltage_sensor.o
LOAD ./Middlewares/MotorControl/circle_limitation.o
LOAD ./Middlewares/MotorControl/digital_output.o
LOAD ./Middlewares/MotorControl/flux_weakening_ctrl.o
LOAD ./Middlewares/MotorControl/mcpa.o
LOAD ./Middlewares/MotorControl/ntc_temperature_sensor.o
LOAD ./Middlewares/MotorControl/open_loop.o
LOAD ./Middlewares/MotorControl/pid_regulator.o
LOAD ./Middlewares/MotorControl/pqd_motor_power_measurement.o
LOAD ./Middlewares/MotorControl/r3_2_g4xx_pwm_curr_fdbk.o
LOAD ./Middlewares/MotorControl/r_divider_bus_voltage_sensor.o
LOAD ./Middlewares/MotorControl/ramp_ext_mngr.o
LOAD ./Middlewares/MotorControl/revup_ctrl.o
LOAD ./Middlewares/MotorControl/speed_pos_fdbk.o
LOAD ./Middlewares/MotorControl/speed_torq_ctrl.o
LOAD ./Middlewares/MotorControl/sto_pll_speed_pos_fdbk.o
LOAD ./Middlewares/MotorControl/virtual_speed_sensor.o
START GROUP
LOAD C:/ST/STM32CubeIDE_1.10.1/STM32CubeIDE/plugins/com.st.stm32cube.ide.mcu.externaltools.gnu-tools-for-stm32.13.3.rel1.win32_1.0.0.202411081344/tools/bin/../lib/gcc/arm-none-eabi/13.3.1/../../../../arm-none-eabi/lib/thumb/v7e-m+fp/hard\libc_nano.a
LOAD C:/ST/STM32CubeIDE_1.10.1/STM32CubeIDE/plugins/com.st.stm32cube.ide.mcu.externaltools.gnu-tools-for-stm32.13.3.rel1.win32_1.0.0.202411081344/tools/bin/../lib/gcc/arm-none-eabi/13.3.1/../../../../arm-none-eabi/lib/thumb/v7e-m+fp/hard\libm.a
END GROUP
START GROUP
LOAD C:/ST/STM32CubeIDE_1.10.1/STM32CubeIDE/plugins/com.st.stm32cube.ide.mcu.externaltools.gnu-tools-for-stm32.13.3.rel1.win32_1.0.0.202411081344/tools/bin/../lib/gcc/arm-none-eabi/13.3.1/thumb/v7e-m+fp/hard\libgcc.a
LOAD C:/ST/STM32CubeIDE_1.10.1/STM32CubeIDE/plugins/com.st.stm32cube.ide.mcu.externaltools.gnu-tools-for-stm32.13.3.rel1.win32_1.0.0.202411081344/tools/bin/../lib/gcc/arm-none-eabi/13.3.1/../../../../arm-none-eabi/lib/thumb/v7e-m+fp/hard\libc_nano.a
END GROUP
START GROUP
LOAD C:/ST/STM32CubeIDE_1.10.1/STM32CubeIDE/plugins/com.st.stm32cube.ide.mcu.externaltools.gnu-tools-for-stm32.13.3.rel1.win32_1.0.0.202411081344/tools/bin/../lib/gcc/arm-none-eabi/13.3.1/thumb/v7e-m+fp/hard\libgcc.a
LOAD C:/ST/STM32CubeIDE_1.10.1/STM32CubeIDE/plugins/com.st.stm32cube.ide.mcu.externaltools.gnu-tools-for-stm32.13.3.rel1.win32_1.0.0.202411081344/tools/bin/../lib/gcc/arm-none-eabi/13.3.1/../../../../arm-none-eabi/lib/thumb/v7e-m+fp/hard\libc_nano.a
LOAD C:/ST/STM32CubeIDE_1.10.1/STM32CubeIDE/plugins/com.st.stm32cube.ide.mcu.externaltools.gnu-tools-for-stm32.13.3.rel1.win32_1.0.0.202411081344/tools/bin/../lib/gcc/arm-none-eabi/13.3.1/../../../../arm-none-eabi/lib/thumb/v7e-m+fp/hard\libnosys.a
END GROUP
START GROUP
LOAD C:/ST/STM32CubeIDE_1.10.1/STM32CubeIDE/plugins/com.st.stm32cube.ide.mcu.externaltools.gnu-tools-for-stm32.13.3.rel1.win32_1.0.0.202411081344/tools/bin/../lib/gcc/arm-none-eabi/13.3.1/thumb/v7e-m+fp/hard\libgcc.a
LOAD C:/ST/STM32CubeIDE_1.10.1/STM32CubeIDE/plugins/com.st.stm32cube.ide.mcu.externaltools.gnu-tools-for-stm32.13.3.rel1.win32_1.0.0.202411081344/tools/bin/../lib/gcc/arm-none-eabi/13.3.1/../../../../arm-none-eabi/lib/thumb/v7e-m+fp/hard\libc_nano.a
LOAD C:/ST/STM32CubeIDE_1.10.1/STM32CubeIDE/plugins/com.st.stm32cube.ide.mcu.externaltools.gnu-tools-for-stm32.13.3.rel1.win32_1.0.0.202411081344/tools/bin/../lib/gcc/arm-none-eabi/13.3.1/../../../../arm-none-eabi/lib/thumb/v7e-m+fp/hard\libnosys.a
END GROUP
LOAD C:/ST/STM32CubeIDE_1.10.1/STM32CubeIDE/plugins/com.st.stm32cube.ide.mcu.externaltools.gnu-tools-for-stm32.13.3.rel1.win32_1.0.0.202411081344/tools/bin/../lib/gcc/arm-none-eabi/13.3.1/thumb/v7e-m+fp/hard/crtend.o
LOAD C:/ST/STM32CubeIDE_1.10.1/STM32CubeIDE/plugins/com.st.stm32cube.ide.mcu.externaltools.gnu-tools-for-stm32.13.3.rel1.win32_1.0.0.202411081344/tools/bin/../lib/gcc/arm-none-eabi/13.3.1/thumb/v7e-m+fp/hard/crtn.o
                0x20008000                        _estack = (ORIGIN (RAM) + LENGTH (RAM))
                0x00000200                        _Min_Heap_Size = 0x200
                0x00000400                        _Min_Stack_Size = 0x400

.isr_vector     0x08000000      0x1d8
                0x08000000                        . = ALIGN (0x4)
 *(.isr_vector)
 .isr_vector    0x08000000      0x1d8 ./Application/Startup/startup_stm32g431cbux.o
                0x08000000                g_pfnVectors
                0x080001d8                        . = ALIGN (0x4)

.text           0x080001d8     0x938c
                0x080001d8                        . = ALIGN (0x4)
 *(.text)
 .text          0x080001d8       0x40 C:/ST/STM32CubeIDE_1.10.1/STM32CubeIDE/plugins/com.st.stm32cube.ide.mcu.externaltools.gnu-tools-for-stm32.13.3.rel1.win32_1.0.0.202411081344/tools/bin/../lib/gcc/arm-none-eabi/13.3.1/thumb/v7e-m+fp/hard/crtbegin.o
 .text          0x08000218       0x30 C:/ST/STM32CubeIDE_1.10.1/STM32CubeIDE/plugins/com.st.stm32cube.ide.mcu.externaltools.gnu-tools-for-stm32.13.3.rel1.win32_1.0.0.202411081344/tools/bin/../lib/gcc/arm-none-eabi/13.3.1/thumb/v7e-m+fp/hard\libgcc.a(_aeabi_uldivmod.o)
                0x08000218                __aeabi_uldivmod
 .text          0x08000248      0x2f8 C:/ST/STM32CubeIDE_1.10.1/STM32CubeIDE/plugins/com.st.stm32cube.ide.mcu.externaltools.gnu-tools-for-stm32.13.3.rel1.win32_1.0.0.202411081344/tools/bin/../lib/gcc/arm-none-eabi/13.3.1/thumb/v7e-m+fp/hard\libgcc.a(_udivmoddi4.o)
                0x08000248                __udivmoddi4
 .text          0x08000540        0x4 C:/ST/STM32CubeIDE_1.10.1/STM32CubeIDE/plugins/com.st.stm32cube.ide.mcu.externaltools.gnu-tools-for-stm32.13.3.rel1.win32_1.0.0.202411081344/tools/bin/../lib/gcc/arm-none-eabi/13.3.1/thumb/v7e-m+fp/hard\libgcc.a(_dvmd_tls.o)
                0x08000540                __aeabi_idiv0
                0x08000540                __aeabi_ldiv0
 *(.text*)
 .text.Reset_Handler
                0x08000544       0x50 ./Application/Startup/startup_stm32g431cbux.o
                0x08000544                Reset_Handler
 .text.Default_Handler
                0x08000594        0x2 ./Application/Startup/startup_stm32g431cbux.o
                0x08000594                RTC_Alarm_IRQHandler
                0x08000594                EXTI2_IRQHandler
                0x08000594                TIM8_TRG_COM_IRQHandler
                0x08000594                TIM8_CC_IRQHandler
                0x08000594                DebugMon_Handler
                0x08000594                TIM1_CC_IRQHandler
                0x08000594                USB_HP_IRQHandler
                0x08000594                CORDIC_IRQHandler
                0x08000594                PendSV_Handler
                0x08000594                NMI_Handler
                0x08000594                EXTI3_IRQHandler
                0x08000594                I2C3_ER_IRQHandler
                0x08000594                EXTI0_IRQHandler
                0x08000594                I2C2_EV_IRQHandler
                0x08000594                FPU_IRQHandler
                0x08000594                FDCAN1_IT1_IRQHandler
                0x08000594                UsageFault_Handler
                0x08000594                SPI1_IRQHandler
                0x08000594                TIM6_DAC_IRQHandler
                0x08000594                TIM8_UP_IRQHandler
                0x08000594                DMA2_Channel2_IRQHandler
                0x08000594                DMA1_Channel4_IRQHandler
                0x08000594                USART3_IRQHandler
                0x08000594                TIM4_IRQHandler
                0x08000594                DMA2_Channel1_IRQHandler
                0x08000594                I2C1_EV_IRQHandler
                0x08000594                DMA1_Channel6_IRQHandler
                0x08000594                UART4_IRQHandler
                0x08000594                DMA2_Channel4_IRQHandler
                0x08000594                TIM3_IRQHandler
                0x08000594                RCC_IRQHandler
                0x08000594                DMA1_Channel1_IRQHandler
                0x08000594                Default_Handler
                0x08000594                RTC_TAMP_LSECSS_IRQHandler
                0x08000594                FMAC_IRQHandler
                0x08000594                TIM7_IRQHandler
                0x08000594                UCPD1_IRQHandler
                0x08000594                I2C3_EV_IRQHandler
                0x08000594                EXTI9_5_IRQHandler
                0x08000594                RTC_WKUP_IRQHandler
                0x08000594                PVD_PVM_IRQHandler
                0x08000594                SPI2_IRQHandler
                0x08000594                MemManage_Handler
                0x08000594                SVC_Handler
                0x08000594                DMA2_Channel5_IRQHandler
                0x08000594                CRS_IRQHandler
                0x08000594                DMA1_Channel5_IRQHandler
                0x08000594                USB_LP_IRQHandler
                0x08000594                EXTI4_IRQHandler
                0x08000594                RNG_IRQHandler
                0x08000594                TIM1_TRG_COM_TIM17_IRQHandler
                0x08000594                DMA1_Channel3_IRQHandler
                0x08000594                WWDG_IRQHandler
                0x08000594                LPUART1_IRQHandler
                0x08000594                DMA2_Channel6_IRQHandler
                0x08000594                FDCAN1_IT0_IRQHandler
                0x08000594                TIM2_IRQHandler
                0x08000594                COMP1_2_3_IRQHandler
                0x08000594                EXTI1_IRQHandler
                0x08000594                I2C2_ER_IRQHandler
                0x08000594                DMA1_Channel2_IRQHandler
                0x08000594                TIM8_BRK_IRQHandler
                0x08000594                FLASH_IRQHandler
                0x08000594                BusFault_Handler
                0x08000594                USART1_IRQHandler
                0x08000594                SPI3_IRQHandler
                0x08000594                I2C1_ER_IRQHandler
                0x08000594                LPTIM1_IRQHandler
                0x08000594                DMAMUX_OVR_IRQHandler
                0x08000594                USBWakeUp_IRQHandler
                0x08000594                SAI1_IRQHandler
                0x08000594                DMA2_Channel3_IRQHandler
                0x08000594                COMP4_IRQHandler
 *fill*         0x08000596        0x2 
 .text.ASPEP_start
                0x08000598       0x28 ./Application/User/aspep.o
                0x08000598                ASPEP_start
 .text.ASPEP_sendBeacon
                0x080005c0       0x8c ./Application/User/aspep.o
                0x080005c0                ASPEP_sendBeacon
 .text.ASPEP_sendPing
                0x0800064c       0x8c ./Application/User/aspep.o
                0x0800064c                ASPEP_sendPing
 .text.ASPEP_getBuffer
                0x080006d8       0x60 ./Application/User/aspep.o
                0x080006d8                ASPEP_getBuffer
 .text.ASPEP_sendPacket
                0x08000738      0x118 ./Application/User/aspep.o
                0x08000738                ASPEP_sendPacket
 .text.ASPEP_HWDataTransmittedIT
                0x08000850       0x98 ./Application/User/aspep.o
                0x08000850                ASPEP_HWDataTransmittedIT
 .text.ASPEP_RXframeProcess
                0x080008e8      0x2b4 ./Application/User/aspep.o
                0x080008e8                ASPEP_RXframeProcess
 .text.ASPEP_HWDataReceivedIT
                0x08000b9c       0xa0 ./Application/User/aspep.o
                0x08000b9c                ASPEP_HWDataReceivedIT
 .text.ASPEP_HWReset
                0x08000c3c       0x14 ./Application/User/aspep.o
                0x08000c3c                ASPEP_HWReset
 .text.SystemClock_Config
                0x08000c50       0x78 ./Application/User/main.o
                0x08000c50                SystemClock_Config
 .text.startup.main
                0x08000cc8      0x4d0 ./Application/User/main.o
                0x08000cc8                main
 .text.Error_Handler
                0x08001198        0x4 ./Application/User/main.o
                0x08001198                Error_Handler
 .text.MC_StartMotor1
                0x0800119c        0xc ./Application/User/mc_api.o
                0x0800119c                MC_StartMotor1
 .text.MC_StopMotor1
                0x080011a8        0xc ./Application/User/mc_api.o
                0x080011a8                MC_StopMotor1
 .text.MC_GetSTMStateMotor1
                0x080011b4        0xc ./Application/User/mc_api.o
                0x080011b4                MC_GetSTMStateMotor1
 .text.MC_ProfilerCommand
                0x080011c0        0x4 ./Application/User/mc_api.o
                0x080011c0                MC_ProfilerCommand
 .text.MC_APP_BootHook
                0x080011c4        0x4 ./Application/User/mc_app_hooks.o
                0x080011c4                MC_APP_BootHook
 .text.MC_APP_PostMediumFrequencyHook_M1
                0x080011c8        0x4 ./Application/User/mc_app_hooks.o
                0x080011c8                MC_APP_PostMediumFrequencyHook_M1
 .text.MCI_ExecSpeedRamp
                0x080011cc       0x14 ./Application/User/mc_interface.o
                0x080011cc                MCI_ExecSpeedRamp
 .text.MCI_ExecTorqueRamp
                0x080011e0       0x14 ./Application/User/mc_interface.o
                0x080011e0                MCI_ExecTorqueRamp
 .text.MCI_SetCurrentReferences
                0x080011f4       0x14 ./Application/User/mc_interface.o
                0x080011f4                MCI_SetCurrentReferences
 .text.MCI_FaultProcessing
                0x08001208       0x18 ./Application/User/mc_interface.o
                0x08001208                MCI_FaultProcessing
 .text.MCI_ExecBufferedCommands
                0x08001220       0x78 ./Application/User/mc_interface.o
                0x08001220                MCI_ExecBufferedCommands
 .text.MCI_GetSTMState
                0x08001298        0x4 ./Application/User/mc_interface.o
                0x08001298                MCI_GetSTMState
 .text.MCI_GetOccurredFaults
                0x0800129c        0x4 ./Application/User/mc_interface.o
                0x0800129c                MCI_GetOccurredFaults
 .text.MCI_GetCurrentFaults
                0x080012a0        0x4 ./Application/User/mc_interface.o
                0x080012a0                MCI_GetCurrentFaults
 .text.MCI_StartMotor
                0x080012a4       0x2c ./Application/User/mc_interface.o
                0x080012a4                MCI_StartMotor
 .text.MCI_StopMotor
                0x080012d0       0x38 ./Application/User/mc_interface.o
                0x080012d0                MCI_StopMotor
 .text.MCI_FaultAcknowledged
                0x08001308       0x24 ./Application/User/mc_interface.o
                0x08001308                MCI_FaultAcknowledged
 .text.MCI_GetFaultState
                0x0800132c        0xc ./Application/User/mc_interface.o
                0x0800132c                MCI_GetFaultState
 .text.MCI_GetControlMode
                0x08001338        0x8 ./Application/User/mc_interface.o
                0x08001338                MCI_GetControlMode
 .text.MCI_GetImposedMotorDirection
                0x08001340       0x44 ./Application/User/mc_interface.o
                0x08001340                MCI_GetImposedMotorDirection
 .text.MCI_GetLastRampFinalSpeed
                0x08001384        0x8 ./Application/User/mc_interface.o
                0x08001384                MCI_GetLastRampFinalSpeed
 .text.MCI_GetLastRampFinalTorque
                0x0800138c        0x8 ./Application/User/mc_interface.o
                0x0800138c                MCI_GetLastRampFinalTorque
 .text.MCI_GetLastRampFinalDuration
                0x08001394        0x4 ./Application/User/mc_interface.o
                0x08001394                MCI_GetLastRampFinalDuration
 .text.MCI_StopRamp
                0x08001398        0xc ./Application/User/mc_interface.o
                0x08001398                MCI_StopRamp
 .text.MCI_GetAvrgMecSpeedUnit
                0x080013a4        0x8 ./Application/User/mc_interface.o
                0x080013a4                MCI_GetAvrgMecSpeedUnit
 .text.MCI_GetMecSpeedRefUnit
                0x080013ac        0x8 ./Application/User/mc_interface.o
                0x080013ac                MCI_GetMecSpeedRefUnit
 .text.MCI_GetIab
                0x080013b4       0x14 ./Application/User/mc_interface.o
                0x080013b4                MCI_GetIab
 .text.MCI_GetIalphabeta
                0x080013c8       0x14 ./Application/User/mc_interface.o
                0x080013c8                MCI_GetIalphabeta
 .text.MCI_GetIqd
                0x080013dc       0x14 ./Application/User/mc_interface.o
                0x080013dc                MCI_GetIqd
 .text.MCI_GetIqdref
                0x080013f0       0x14 ./Application/User/mc_interface.o
                0x080013f0                MCI_GetIqdref
 .text.MCI_GetVqd
                0x08001404       0x14 ./Application/User/mc_interface.o
                0x08001404                MCI_GetVqd
 .text.MCI_GetValphabeta
                0x08001418       0x14 ./Application/User/mc_interface.o
                0x08001418                MCI_GetValphabeta
 .text.MCI_GetTeref
                0x0800142c        0x8 ./Application/User/mc_interface.o
                0x0800142c                MCI_GetTeref
 .text.MCI_Clear_Iqdref
                0x08001434       0x14 ./Application/User/mc_interface.o
                0x08001434                MCI_Clear_Iqdref
 .text.MCM_Clarke
                0x08001448       0x54 ./Application/User/mc_math.o
                0x08001448                MCM_Clarke
 .text.MCM_Trig_Functions
                0x0800149c       0x20 ./Application/User/mc_math.o
                0x0800149c                MCM_Trig_Functions
 .text.MCM_Park
                0x080014bc       0x84 ./Application/User/mc_math.o
                0x080014bc                MCM_Park
 .text.MCM_Rev_Park
                0x08001540       0x3c ./Application/User/mc_math.o
                0x08001540                MCM_Rev_Park
 .text.MCM_Sqrt
                0x0800157c       0x20 ./Application/User/mc_math.o
                0x0800157c                MCM_Sqrt
 .text.MCboot   0x0800159c       0x6c ./Application/User/mc_tasks.o
                0x0800159c                MCboot
 .text.TSK_SetChargeBootCapDelayM1
                0x08001608        0xc ./Application/User/mc_tasks.o
                0x08001608                TSK_SetChargeBootCapDelayM1
 .text.TSK_ChargeBootCapDelayHasElapsedM1
                0x08001614       0x14 ./Application/User/mc_tasks.o
                0x08001614                TSK_ChargeBootCapDelayHasElapsedM1
 .text.TSK_SetStopPermanencyTimeM1
                0x08001628        0xc ./Application/User/mc_tasks.o
                0x08001628                TSK_SetStopPermanencyTimeM1
 .text.TSK_StopPermanencyTimeHasElapsedM1
                0x08001634       0x14 ./Application/User/mc_tasks.o
                0x08001634                TSK_StopPermanencyTimeHasElapsedM1
 .text.TSK_HighFrequencyTask
                0x08001648       0x2c ./Application/User/mc_tasks.o
                0x08001648                TSK_HighFrequencyTask
 .text.TSK_SafetyTask_PWMOFF
                0x08001674       0xa8 ./Application/User/mc_tasks.o
                0x08001674                TSK_SafetyTask_PWMOFF
 .text.TSK_SafetyTask
                0x0800171c       0x20 ./Application/User/mc_tasks.o
                0x0800171c                TSK_SafetyTask
 .text.MC_RunMotorControlTasks
                0x0800173c       0x8c ./Application/User/mc_tasks.o
                0x0800173c                MC_RunMotorControlTasks
 .text.TSK_HardwareFaultTask
                0x080017c8       0x1c ./Application/User/mc_tasks.o
                0x080017c8                TSK_HardwareFaultTask
 .text.UI_HandleStartStopButton_cb
                0x080017e4       0x18 ./Application/User/mc_tasks.o
                0x080017e4                UI_HandleStartStopButton_cb
 .text.mc_lock_pins
                0x080017fc      0x15c ./Application/User/mc_tasks.o
                0x080017fc                mc_lock_pins
 .text.FOC_Clear
                0x08001958       0x84 ./Application/User/mc_tasks_foc.o
                0x08001958                FOC_Clear
 .text.FOC_Init
                0x080019dc       0xfc ./Application/User/mc_tasks_foc.o
                0x080019dc                FOC_Init
 .text.FOC_InitAdditionalMethods
                0x08001ad8        0x4 ./Application/User/mc_tasks_foc.o
                0x08001ad8                FOC_InitAdditionalMethods
 .text.FOC_CalcCurrRef
                0x08001adc       0x78 ./Application/User/mc_tasks_foc.o
                0x08001adc                FOC_CalcCurrRef
 .text.TSK_MediumFrequencyTaskM1
                0x08001b54      0x30c ./Application/User/mc_tasks_foc.o
                0x08001b54                TSK_MediumFrequencyTaskM1
 .text.FOC_HighFrequencyTask
                0x08001e60      0x184 ./Application/User/mc_tasks_foc.o
                0x08001e60                FOC_HighFrequencyTask
 .text.RI_SetRegCommandParser
                0x08001fe4       0xe0 ./Application/User/mcp.o
                0x08001fe4                RI_SetRegCommandParser
 .text.RI_GetRegCommandParser
                0x080020c4       0x8c ./Application/User/mcp.o
                0x080020c4                RI_GetRegCommandParser
 .text.MCP_ReceivedPacket
                0x08002150      0x188 ./Application/User/mcp.o
                0x08002150                MCP_ReceivedPacket
 .text.MX_MotorControl_Init
                0x080022d8       0x3c ./Application/User/motorcontrol.o
                0x080022d8                MX_MotorControl_Init
 .text.startTimers
                0x08002314       0x9c ./Application/User/pwm_common.o
                0x08002314                startTimers
 .text.waitForPolarizationEnd
                0x080023b0       0x3c ./Application/User/pwm_common.o
                0x080023b0                waitForPolarizationEnd
 .text.PWMC_SetPhaseVoltage
                0x080023ec      0x290 ./Application/User/pwm_curr_fdbk.o
                0x080023ec                PWMC_SetPhaseVoltage
 .text.PWMC_SwitchOffPWM
                0x0800267c        0x4 ./Application/User/pwm_curr_fdbk.o
                0x0800267c                PWMC_SwitchOffPWM
 .text.PWMC_SwitchOnPWM
                0x08002680        0x4 ./Application/User/pwm_curr_fdbk.o
                0x08002680                PWMC_SwitchOnPWM
 .text.PWMC_CurrentReadingCalibr
                0x08002684       0x34 ./Application/User/pwm_curr_fdbk.o
                0x08002684                PWMC_CurrentReadingCalibr
 .text.PWMC_OVP_Handler
                0x080026b8       0x1c ./Application/User/pwm_curr_fdbk.o
                0x080026b8                PWMC_OVP_Handler
 .text.PWMC_IsFaultOccurred
                0x080026d4       0x38 ./Application/User/pwm_curr_fdbk.o
                0x080026d4                PWMC_IsFaultOccurred
 .text.RI_SetRegisterGlobal
                0x0800270c      0x100 ./Application/User/register_interface.o
                0x0800270c                RI_SetRegisterGlobal
 .text.RI_SetRegisterMotor1
                0x0800280c      0x628 ./Application/User/register_interface.o
                0x0800280c                RI_SetRegisterMotor1
 .text.RI_GetRegisterGlobal
                0x08002e34      0x134 ./Application/User/register_interface.o
                0x08002e34                RI_GetRegisterGlobal
 .text.RI_GetRegisterMotor1
                0x08002f68      0x850 ./Application/User/register_interface.o
                0x08002f68                RI_GetRegisterMotor1
 .text.RI_GetIDSize
                0x080037b8       0x18 ./Application/User/register_interface.o
                0x080037b8                RI_GetIDSize
 .text.RI_GetPtrReg
                0x080037d0      0x12c ./Application/User/register_interface.o
                0x080037d0                RI_GetPtrReg
 .text.RCM_RegisterRegConv
                0x080038fc      0x244 ./Application/User/regular_conversion_manager.o
                0x080038fc                RCM_RegisterRegConv
 .text.RCM_ExecRegularConv
                0x08003b40      0x190 ./Application/User/regular_conversion_manager.o
                0x08003b40                RCM_ExecRegularConv
 .text.RCM_ExecUserConv
                0x08003cd0       0x68 ./Application/User/regular_conversion_manager.o
                0x08003cd0                RCM_ExecUserConv
 .text.RCM_ExecNextConv
                0x08003d38       0x88 ./Application/User/regular_conversion_manager.o
                0x08003d38                RCM_ExecNextConv
 .text.RCM_ReadOngoingConv
                0x08003dc0       0x58 ./Application/User/regular_conversion_manager.o
                0x08003dc0                RCM_ReadOngoingConv
 .text.USART2_IRQHandler
                0x08003e18      0x120 ./Application/User/stm32_mc_common_it.o
                0x08003e18                USART2_IRQHandler
 .text.HardFault_Handler
                0x08003f38        0x8 ./Application/User/stm32_mc_common_it.o
                0x08003f38                HardFault_Handler
 .text.SysTick_Handler
                0x08003f40       0x44 ./Application/User/stm32_mc_common_it.o
                0x08003f40                SysTick_Handler
 .text.EXTI15_10_IRQHandler
                0x08003f84       0x18 ./Application/User/stm32_mc_common_it.o
                0x08003f84                EXTI15_10_IRQHandler
 .text.HAL_MspInit
                0x08003f9c       0x40 ./Application/User/stm32g4xx_hal_msp.o
                0x08003f9c                HAL_MspInit
 *fill*         0x08003fdc        0x4 
 .text.HAL_ADC_MspInit
                0x08003fe0      0x140 ./Application/User/stm32g4xx_hal_msp.o
                0x08003fe0                HAL_ADC_MspInit
 .text.HAL_CORDIC_MspInit
                0x08004120       0x2c ./Application/User/stm32g4xx_hal_msp.o
                0x08004120                HAL_CORDIC_MspInit
 *fill*         0x0800414c        0x4 
 .text.HAL_OPAMP_MspInit
                0x08004150       0xe8 ./Application/User/stm32g4xx_hal_msp.o
                0x08004150                HAL_OPAMP_MspInit
 .text.HAL_TIM_PWM_MspInit
                0x08004238       0x2c ./Application/User/stm32g4xx_hal_msp.o
                0x08004238                HAL_TIM_PWM_MspInit
 .text.HAL_TIM_MspPostInit
                0x08004264       0xbc ./Application/User/stm32g4xx_hal_msp.o
                0x08004264                HAL_TIM_MspPostInit
 .text.HAL_UART_MspInit
                0x08004320      0x10c ./Application/User/stm32g4xx_hal_msp.o
                0x08004320                HAL_UART_MspInit
 .text.ADC1_2_IRQHandler
                0x0800442c       0x10 ./Application/User/stm32g4xx_mc_it.o
                0x0800442c                ADC1_2_IRQHandler
 .text.TIM1_UP_TIM16_IRQHandler
                0x0800443c       0x18 ./Application/User/stm32g4xx_mc_it.o
                0x0800443c                TIM1_UP_TIM16_IRQHandler
 .text.TIM1_BRK_TIM15_IRQHandler
                0x08004454       0x3c ./Application/User/stm32g4xx_mc_it.o
                0x08004454                TIM1_BRK_TIM15_IRQHandler
 .text.UASPEP_INIT
                0x08004490       0x84 ./Application/User/usart_aspep_driver.o
                0x08004490                UASPEP_INIT
 .text.UASPEP_CFG_TRANSMISSION
                0x08004514       0x38 ./Application/User/usart_aspep_driver.o
                0x08004514                UASPEP_CFG_TRANSMISSION
 .text.UASPEP_CFG_RECEPTION
                0x0800454c       0x3c ./Application/User/usart_aspep_driver.o
                0x0800454c                UASPEP_CFG_RECEPTION
 .text.UASPEP_IDLE_ENABLE
                0x08004588       0x18 ./Application/User/usart_aspep_driver.o
                0x08004588                UASPEP_IDLE_ENABLE
 .text.SystemInit
                0x080045a0       0x14 ./Drivers/CMSIS/system_stm32g4xx.o
                0x080045a0                SystemInit
 .text.HAL_InitTick
                0x080045b4       0x4c ./Drivers/STM32G4xx_HAL_Driver/stm32g4xx_hal.o
                0x080045b4                HAL_InitTick
 .text.HAL_Init
                0x08004600       0x30 ./Drivers/STM32G4xx_HAL_Driver/stm32g4xx_hal.o
                0x08004600                HAL_Init
 .text.HAL_IncTick
                0x08004630       0x18 ./Drivers/STM32G4xx_HAL_Driver/stm32g4xx_hal.o
                0x08004630                HAL_IncTick
 .text.HAL_GetTick
                0x08004648        0xc ./Drivers/STM32G4xx_HAL_Driver/stm32g4xx_hal.o
                0x08004648                HAL_GetTick
 .text.HAL_ADC_Init
                0x08004654      0x1e8 ./Drivers/STM32G4xx_HAL_Driver/stm32g4xx_hal_adc.o
                0x08004654                HAL_ADC_Init
 .text.HAL_ADC_ConfigChannel
                0x0800483c      0x4e0 ./Drivers/STM32G4xx_HAL_Driver/stm32g4xx_hal_adc.o
                0x0800483c                HAL_ADC_ConfigChannel
 .text.HAL_ADCEx_InjectedConfigChannel
                0x08004d1c      0x5fc ./Drivers/STM32G4xx_HAL_Driver/stm32g4xx_hal_adc_ex.o
                0x08004d1c                HAL_ADCEx_InjectedConfigChannel
 .text.HAL_ADCEx_MultiModeConfigChannel
                0x08005318       0xc8 ./Drivers/STM32G4xx_HAL_Driver/stm32g4xx_hal_adc_ex.o
                0x08005318                HAL_ADCEx_MultiModeConfigChannel
 .text.HAL_CORDIC_Init
                0x080053e0       0x34 ./Drivers/STM32G4xx_HAL_Driver/stm32g4xx_hal_cordic.o
                0x080053e0                HAL_CORDIC_Init
 .text.HAL_NVIC_SetPriorityGrouping
                0x08005414       0x24 ./Drivers/STM32G4xx_HAL_Driver/stm32g4xx_hal_cortex.o
                0x08005414                HAL_NVIC_SetPriorityGrouping
 .text.HAL_NVIC_SetPriority
                0x08005438       0x78 ./Drivers/STM32G4xx_HAL_Driver/stm32g4xx_hal_cortex.o
                0x08005438                HAL_NVIC_SetPriority
 .text.HAL_NVIC_EnableIRQ
                0x080054b0       0x1c ./Drivers/STM32G4xx_HAL_Driver/stm32g4xx_hal_cortex.o
                0x080054b0                HAL_NVIC_EnableIRQ
 .text.HAL_NVIC_SystemReset
                0x080054cc       0x24 ./Drivers/STM32G4xx_HAL_Driver/stm32g4xx_hal_cortex.o
                0x080054cc                HAL_NVIC_SystemReset
 .text.HAL_SYSTICK_Config
                0x080054f0       0x34 ./Drivers/STM32G4xx_HAL_Driver/stm32g4xx_hal_cortex.o
                0x080054f0                HAL_SYSTICK_Config
 .text.HAL_SYSTICK_Callback
                0x08005524        0x4 ./Drivers/STM32G4xx_HAL_Driver/stm32g4xx_hal_cortex.o
                0x08005524                HAL_SYSTICK_Callback
 .text.HAL_SYSTICK_IRQHandler
                0x08005528        0x8 ./Drivers/STM32G4xx_HAL_Driver/stm32g4xx_hal_cortex.o
                0x08005528                HAL_SYSTICK_IRQHandler
 .text.HAL_DMA_Init
                0x08005530      0x124 ./Drivers/STM32G4xx_HAL_Driver/stm32g4xx_hal_dma.o
                0x08005530                HAL_DMA_Init
 .text.HAL_GPIO_Init
                0x08005654      0x37c ./Drivers/STM32G4xx_HAL_Driver/stm32g4xx_hal_gpio.o
                0x08005654                HAL_GPIO_Init
 .text.HAL_OPAMP_Init
                0x080059d0       0xf0 ./Drivers/STM32G4xx_HAL_Driver/stm32g4xx_hal_opamp.o
                0x080059d0                HAL_OPAMP_Init
 .text.HAL_PWREx_ControlVoltageScaling
                0x08005ac0       0xe4 ./Drivers/STM32G4xx_HAL_Driver/stm32g4xx_hal_pwr_ex.o
                0x08005ac0                HAL_PWREx_ControlVoltageScaling
 .text.HAL_PWREx_DisableUCPDDeadBattery
                0x08005ba4       0x10 ./Drivers/STM32G4xx_HAL_Driver/stm32g4xx_hal_pwr_ex.o
                0x08005ba4                HAL_PWREx_DisableUCPDDeadBattery
 .text.HAL_RCC_OscConfig
                0x08005bb4      0x48c ./Drivers/STM32G4xx_HAL_Driver/stm32g4xx_hal_rcc.o
                0x08005bb4                HAL_RCC_OscConfig
 .text.HAL_RCC_GetSysClockFreq
                0x08006040       0x70 ./Drivers/STM32G4xx_HAL_Driver/stm32g4xx_hal_rcc.o
                0x08006040                HAL_RCC_GetSysClockFreq
 .text.HAL_RCC_ClockConfig
                0x080060b0      0x208 ./Drivers/STM32G4xx_HAL_Driver/stm32g4xx_hal_rcc.o
                0x080060b0                HAL_RCC_ClockConfig
 .text.HAL_RCC_GetHCLKFreq
                0x080062b8        0xc ./Drivers/STM32G4xx_HAL_Driver/stm32g4xx_hal_rcc.o
                0x080062b8                HAL_RCC_GetHCLKFreq
 .text.HAL_RCC_GetPCLK1Freq
                0x080062c4       0x24 ./Drivers/STM32G4xx_HAL_Driver/stm32g4xx_hal_rcc.o
                0x080062c4                HAL_RCC_GetPCLK1Freq
 .text.HAL_RCC_GetPCLK2Freq
                0x080062e8       0x24 ./Drivers/STM32G4xx_HAL_Driver/stm32g4xx_hal_rcc.o
                0x080062e8                HAL_RCC_GetPCLK2Freq
 .text.HAL_RCC_EnableCSS
                0x0800630c       0x10 ./Drivers/STM32G4xx_HAL_Driver/stm32g4xx_hal_rcc.o
                0x0800630c                HAL_RCC_EnableCSS
 .text.HAL_RCCEx_PeriphCLKConfig
                0x0800631c      0x29c ./Drivers/STM32G4xx_HAL_Driver/stm32g4xx_hal_rcc_ex.o
                0x0800631c                HAL_RCCEx_PeriphCLKConfig
 .text.TIM_OC1_SetConfig
                0x080065b8       0x78 ./Drivers/STM32G4xx_HAL_Driver/stm32g4xx_hal_tim.o
 .text.TIM_OC3_SetConfig
                0x08006630       0x80 ./Drivers/STM32G4xx_HAL_Driver/stm32g4xx_hal_tim.o
 .text.TIM_OC4_SetConfig
                0x080066b0       0x84 ./Drivers/STM32G4xx_HAL_Driver/stm32g4xx_hal_tim.o
 .text.HAL_TIM_PWM_Init
                0x08006734       0xfc ./Drivers/STM32G4xx_HAL_Driver/stm32g4xx_hal_tim.o
                0x08006734                HAL_TIM_PWM_Init
 .text.TIM_OC2_SetConfig
                0x08006830       0x84 ./Drivers/STM32G4xx_HAL_Driver/stm32g4xx_hal_tim.o
                0x08006830                TIM_OC2_SetConfig
 .text.HAL_TIM_PWM_ConfigChannel
                0x080068b4      0x1cc ./Drivers/STM32G4xx_HAL_Driver/stm32g4xx_hal_tim.o
                0x080068b4                HAL_TIM_PWM_ConfigChannel
 .text.HAL_TIMEx_MasterConfigSynchronization
                0x08006a80       0xa4 ./Drivers/STM32G4xx_HAL_Driver/stm32g4xx_hal_tim_ex.o
                0x08006a80                HAL_TIMEx_MasterConfigSynchronization
 .text.HAL_TIMEx_ConfigBreakDeadTime
                0x08006b24       0x9c ./Drivers/STM32G4xx_HAL_Driver/stm32g4xx_hal_tim_ex.o
                0x08006b24                HAL_TIMEx_ConfigBreakDeadTime
 .text.UART_SetConfig
                0x08006bc0      0x278 ./Drivers/STM32G4xx_HAL_Driver/stm32g4xx_hal_uart.o
                0x08006bc0                UART_SetConfig
 .text.UART_AdvFeatureConfig
                0x08006e38       0xb0 ./Drivers/STM32G4xx_HAL_Driver/stm32g4xx_hal_uart.o
                0x08006e38                UART_AdvFeatureConfig
 .text.UART_CheckIdleState
                0x08006ee8      0x258 ./Drivers/STM32G4xx_HAL_Driver/stm32g4xx_hal_uart.o
                0x08006ee8                UART_CheckIdleState
 .text.HAL_UART_Init
                0x08007140       0x68 ./Drivers/STM32G4xx_HAL_Driver/stm32g4xx_hal_uart.o
                0x08007140                HAL_UART_Init
 .text.HAL_UARTEx_DisableFifoMode
                0x080071a8       0x3c ./Drivers/STM32G4xx_HAL_Driver/stm32g4xx_hal_uart_ex.o
                0x080071a8                HAL_UARTEx_DisableFifoMode
 .text.HAL_UARTEx_SetTxFifoThreshold
                0x080071e4       0x84 ./Drivers/STM32G4xx_HAL_Driver/stm32g4xx_hal_uart_ex.o
                0x080071e4                HAL_UARTEx_SetTxFifoThreshold
 .text.HAL_UARTEx_SetRxFifoThreshold
                0x08007268       0x84 ./Drivers/STM32G4xx_HAL_Driver/stm32g4xx_hal_uart_ex.o
                0x08007268                HAL_UARTEx_SetRxFifoThreshold
 .text.VBS_GetAvBusVoltage_V
                0x080072ec        0xc ./Middlewares/MotorControl/bus_voltage_sensor.o
                0x080072ec                VBS_GetAvBusVoltage_V
 .text.Circle_Limitation
                0x080072f8       0x5c ./Middlewares/MotorControl/circle_limitation.o
                0x080072f8                Circle_Limitation
 .text.FW_Init  0x08007354        0xc ./Middlewares/MotorControl/flux_weakening_ctrl.o
                0x08007354                FW_Init
 .text.FW_Clear
                0x08007360       0x18 ./Middlewares/MotorControl/flux_weakening_ctrl.o
                0x08007360                FW_Clear
 .text.FW_CalcCurrRef
                0x08007378       0xb0 ./Middlewares/MotorControl/flux_weakening_ctrl.o
                0x08007378                FW_CalcCurrRef
 .text.FW_DataProcess
                0x08007428       0x28 ./Middlewares/MotorControl/flux_weakening_ctrl.o
                0x08007428                FW_DataProcess
 .text.MCPA_dataLog
                0x08007450      0x17c ./Middlewares/MotorControl/mcpa.o
                0x08007450                MCPA_dataLog
 .text.MCPA_flushDataLog
                0x080075cc       0x5c ./Middlewares/MotorControl/mcpa.o
                0x080075cc                MCPA_flushDataLog
 .text.MCPA_cfgLog
                0x08007628       0xf4 ./Middlewares/MotorControl/mcpa.o
                0x08007628                MCPA_cfgLog
 .text.NTC_SetFaultState
                0x0800771c       0x2c ./Middlewares/MotorControl/ntc_temperature_sensor.o
                0x0800771c                NTC_SetFaultState
 .text.NTC_Init
                0x08007748       0x24 ./Middlewares/MotorControl/ntc_temperature_sensor.o
                0x08007748                NTC_Init
 .text.NTC_CalcAvTemp
                0x0800776c       0x30 ./Middlewares/MotorControl/ntc_temperature_sensor.o
                0x0800776c                NTC_CalcAvTemp
 .text.NTC_GetAvTemp_C
                0x0800779c       0x24 ./Middlewares/MotorControl/ntc_temperature_sensor.o
                0x0800779c                NTC_GetAvTemp_C
 .text.PID_HandleInit
                0x080077c0       0x10 ./Middlewares/MotorControl/pid_regulator.o
                0x080077c0                PID_HandleInit
 .text.PID_SetKP
                0x080077d0        0x4 ./Middlewares/MotorControl/pid_regulator.o
                0x080077d0                PID_SetKP
 .text.PID_SetKI
                0x080077d4        0x4 ./Middlewares/MotorControl/pid_regulator.o
                0x080077d4                PID_SetKI
 .text.PID_GetKP
                0x080077d8        0x8 ./Middlewares/MotorControl/pid_regulator.o
                0x080077d8                PID_GetKP
 .text.PID_GetKI
                0x080077e0        0x8 ./Middlewares/MotorControl/pid_regulator.o
                0x080077e0                PID_GetKI
 .text.PID_SetIntegralTerm
                0x080077e8        0x4 ./Middlewares/MotorControl/pid_regulator.o
                0x080077e8                PID_SetIntegralTerm
 .text.PID_GetKPDivisorPOW2
                0x080077ec        0x4 ./Middlewares/MotorControl/pid_regulator.o
                0x080077ec                PID_GetKPDivisorPOW2
 .text.PID_SetKPDivisorPOW2
                0x080077f0        0xc ./Middlewares/MotorControl/pid_regulator.o
                0x080077f0                PID_SetKPDivisorPOW2
 .text.PID_GetKIDivisor
                0x080077fc        0x4 ./Middlewares/MotorControl/pid_regulator.o
                0x080077fc                PID_GetKIDivisor
 .text.PID_GetKIDivisorPOW2
                0x08007800        0x4 ./Middlewares/MotorControl/pid_regulator.o
                0x08007800                PID_GetKIDivisorPOW2
 .text.PID_SetLowerIntegralTermLimit
                0x08007804        0x4 ./Middlewares/MotorControl/pid_regulator.o
                0x08007804                PID_SetLowerIntegralTermLimit
 .text.PID_SetUpperIntegralTermLimit
                0x08007808        0x4 ./Middlewares/MotorControl/pid_regulator.o
                0x08007808                PID_SetUpperIntegralTermLimit
 .text.PID_SetKIDivisorPOW2
                0x0800780c       0x28 ./Middlewares/MotorControl/pid_regulator.o
                0x0800780c                PID_SetKIDivisorPOW2
 .text.PID_SetKD
                0x08007834        0x4 ./Middlewares/MotorControl/pid_regulator.o
                0x08007834                PID_SetKD
 .text.PID_GetKD
                0x08007838        0x8 ./Middlewares/MotorControl/pid_regulator.o
                0x08007838                PID_GetKD
 .text.PID_GetKDDivisorPOW2
                0x08007840        0x4 ./Middlewares/MotorControl/pid_regulator.o
                0x08007840                PID_GetKDDivisorPOW2
 .text.PID_SetKDDivisorPOW2
                0x08007844        0xc ./Middlewares/MotorControl/pid_regulator.o
                0x08007844                PID_SetKDDivisorPOW2
 .text.PI_Controller
                0x08007850       0x80 ./Middlewares/MotorControl/pid_regulator.o
                0x08007850                PI_Controller
 .text.PQD_CalcElMotorPower
                0x080078d0       0x38 ./Middlewares/MotorControl/pqd_motor_power_measurement.o
                0x080078d0                PQD_CalcElMotorPower
 .text.PQD_GetAvrgElMotorPowerW
                0x08007908       0x34 ./Middlewares/MotorControl/pqd_motor_power_measurement.o
                0x08007908                PQD_GetAvrgElMotorPowerW
 .text.R3_2_ADCxInit
                0x0800793c       0xbc ./Middlewares/MotorControl/r3_2_g4xx_pwm_curr_fdbk.o
 .text.R3_2_GetPhaseCurrents
                0x080079f8      0x17c ./Middlewares/MotorControl/r3_2_g4xx_pwm_curr_fdbk.o
                0x080079f8                R3_2_GetPhaseCurrents
 .text.R3_2_SetADCSampPointPolarization
                0x08007b74       0x44 ./Middlewares/MotorControl/r3_2_g4xx_pwm_curr_fdbk.o
                0x08007b74                R3_2_SetADCSampPointPolarization
 .text.R3_2_HFCurrentsPolarizationAB
                0x08007bb8       0x54 ./Middlewares/MotorControl/r3_2_g4xx_pwm_curr_fdbk.o
 .text.R3_2_HFCurrentsPolarizationC
                0x08007c0c       0x4c ./Middlewares/MotorControl/r3_2_g4xx_pwm_curr_fdbk.o
 .text.R3_2_SwitchOnPWM
                0x08007c58       0x94 ./Middlewares/MotorControl/r3_2_g4xx_pwm_curr_fdbk.o
                0x08007c58                R3_2_SwitchOnPWM
 .text.R3_2_SwitchOffPWM
                0x08007cec       0x7c ./Middlewares/MotorControl/r3_2_g4xx_pwm_curr_fdbk.o
                0x08007cec                R3_2_SwitchOffPWM
 .text.R3_2_RLGetPhaseCurrents
                0x08007d68       0x54 ./Middlewares/MotorControl/r3_2_g4xx_pwm_curr_fdbk.o
 .text.R3_2_RLSwitchOnPWM
                0x08007dbc       0xb0 ./Middlewares/MotorControl/r3_2_g4xx_pwm_curr_fdbk.o
 .text.R3_2_TurnOnLowSides
                0x08007e6c       0x54 ./Middlewares/MotorControl/r3_2_g4xx_pwm_curr_fdbk.o
                0x08007e6c                R3_2_TurnOnLowSides
 .text.R3_2_SetAOReferenceVoltage
                0x08007ec0       0x94 ./Middlewares/MotorControl/r3_2_g4xx_pwm_curr_fdbk.o
 .text.R3_2_RLTurnOnLowSides
                0x08007f54       0x50 ./Middlewares/MotorControl/r3_2_g4xx_pwm_curr_fdbk.o
 .text.R3_2_Init
                0x08007fa4      0x27c ./Middlewares/MotorControl/r3_2_g4xx_pwm_curr_fdbk.o
                0x08007fa4                R3_2_Init
 .text.R3_2_SetOffsetCalib
                0x08008220       0x1c ./Middlewares/MotorControl/r3_2_g4xx_pwm_curr_fdbk.o
                0x08008220                R3_2_SetOffsetCalib
 .text.R3_2_GetOffsetCalib
                0x0800823c       0x10 ./Middlewares/MotorControl/r3_2_g4xx_pwm_curr_fdbk.o
                0x0800823c                R3_2_GetOffsetCalib
 .text.R3_2_CurrentReadingPolarization
                0x0800824c      0x148 ./Middlewares/MotorControl/r3_2_g4xx_pwm_curr_fdbk.o
                0x0800824c                R3_2_CurrentReadingPolarization
 .text.R3_2_SetADCSampPointSectX
                0x08008394       0x88 ./Middlewares/MotorControl/r3_2_g4xx_pwm_curr_fdbk.o
                0x08008394                R3_2_SetADCSampPointSectX
 .text.R3_2_TIMx_UP_IRQHandler
                0x0800841c       0x80 ./Middlewares/MotorControl/r3_2_g4xx_pwm_curr_fdbk.o
                0x0800841c                R3_2_TIMx_UP_IRQHandler
 .text.R3_2_RLDetectionModeEnable
                0x0800849c       0xd4 ./Middlewares/MotorControl/r3_2_g4xx_pwm_curr_fdbk.o
                0x0800849c                R3_2_RLDetectionModeEnable
 .text.R3_2_RLDetectionModeDisable
                0x08008570      0x12c ./Middlewares/MotorControl/r3_2_g4xx_pwm_curr_fdbk.o
                0x08008570                R3_2_RLDetectionModeDisable
 .text.R3_2_RLDetectionModeSetDuty
                0x0800869c       0x84 ./Middlewares/MotorControl/r3_2_g4xx_pwm_curr_fdbk.o
                0x0800869c                R3_2_RLDetectionModeSetDuty
 .text.R3_2_RLTurnOnLowSidesAndStart
                0x08008720       0x84 ./Middlewares/MotorControl/r3_2_g4xx_pwm_curr_fdbk.o
                0x08008720                R3_2_RLTurnOnLowSidesAndStart
 .text.RVBS_Clear
                0x080087a4       0x3c ./Middlewares/MotorControl/r_divider_bus_voltage_sensor.o
                0x080087a4                RVBS_Clear
 .text.RVBS_Init
                0x080087e0        0x8 ./Middlewares/MotorControl/r_divider_bus_voltage_sensor.o
                0x080087e0                RVBS_Init
 .text.RVBS_CheckFaultState
                0x080087e8       0x50 ./Middlewares/MotorControl/r_divider_bus_voltage_sensor.o
                0x080087e8                RVBS_CheckFaultState
 .text.RVBS_CalcAvVbus
                0x08008838       0x5c ./Middlewares/MotorControl/r_divider_bus_voltage_sensor.o
                0x08008838                RVBS_CalcAvVbus
 .text.REMNG_Init
                0x08008894       0x10 ./Middlewares/MotorControl/ramp_ext_mngr.o
                0x08008894                REMNG_Init
 .text.REMNG_Calc
                0x080088a4       0x44 ./Middlewares/MotorControl/ramp_ext_mngr.o
                0x080088a4                REMNG_Calc
 .text.REMNG_RampCompleted
                0x080088e8        0xc ./Middlewares/MotorControl/ramp_ext_mngr.o
                0x080088e8                REMNG_RampCompleted
 .text.getScalingFactor
                0x080088f4       0x38 ./Middlewares/MotorControl/ramp_ext_mngr.o
                0x080088f4                getScalingFactor
 .text.REMNG_ExecRamp
                0x0800892c       0x8c ./Middlewares/MotorControl/ramp_ext_mngr.o
                0x0800892c                REMNG_ExecRamp
 .text.RUC_Init
                0x080089b8       0x78 ./Middlewares/MotorControl/revup_ctrl.o
                0x080089b8                RUC_Init
 .text.RUC_Clear
                0x08008a30       0x98 ./Middlewares/MotorControl/revup_ctrl.o
                0x08008a30                RUC_Clear
 .text.RUC_Exec
                0x08008ac8       0x70 ./Middlewares/MotorControl/revup_ctrl.o
                0x08008ac8                RUC_Exec
 .text.RUC_FirstAccelerationStageReached
                0x08008b38       0x14 ./Middlewares/MotorControl/revup_ctrl.o
                0x08008b38                RUC_FirstAccelerationStageReached
 .text.SPD_GetAvrgMecSpeedUnit
                0x08008b4c        0x8 ./Middlewares/MotorControl/speed_pos_fdbk.o
                0x08008b4c                SPD_GetAvrgMecSpeedUnit
 .text.SPD_IsMecSpeedReliable
                0x08008b54       0x6c ./Middlewares/MotorControl/speed_pos_fdbk.o
                0x08008b54                SPD_IsMecSpeedReliable
 .text.SPD_GetS16Speed
                0x08008bc0       0x14 ./Middlewares/MotorControl/speed_pos_fdbk.o
                0x08008bc0                SPD_GetS16Speed
 .text.STC_Init
                0x08008bd4       0x2c ./Middlewares/MotorControl/speed_torq_ctrl.o
                0x08008bd4                STC_Init
 .text.STC_SetSpeedSensor
                0x08008c00        0x4 ./Middlewares/MotorControl/speed_torq_ctrl.o
                0x08008c00                STC_SetSpeedSensor
 .text.STC_Clear
                0x08008c04       0x10 ./Middlewares/MotorControl/speed_torq_ctrl.o
                0x08008c04                STC_Clear
 .text.STC_GetMecSpeedRefUnit
                0x08008c14        0x8 ./Middlewares/MotorControl/speed_torq_ctrl.o
                0x08008c14                STC_GetMecSpeedRefUnit
 .text.STC_SetControlMode
                0x08008c1c        0x8 ./Middlewares/MotorControl/speed_torq_ctrl.o
                0x08008c1c                STC_SetControlMode
 .text.STC_ExecRamp
                0x08008c24       0x90 ./Middlewares/MotorControl/speed_torq_ctrl.o
                0x08008c24                STC_ExecRamp
 .text.STC_CalcTorqueReference
                0x08008cb4       0x6c ./Middlewares/MotorControl/speed_torq_ctrl.o
                0x08008cb4                STC_CalcTorqueReference
 .text.STC_GetMecSpeedRefUnitDefault
                0x08008d20        0x8 ./Middlewares/MotorControl/speed_torq_ctrl.o
                0x08008d20                STC_GetMecSpeedRefUnitDefault
 .text.STC_GetDefaultIqdref
                0x08008d28        0xc ./Middlewares/MotorControl/speed_torq_ctrl.o
                0x08008d28                STC_GetDefaultIqdref
 .text.STC_ForceSpeedReferenceToCurrentSpeed
                0x08008d34       0x10 ./Middlewares/MotorControl/speed_torq_ctrl.o
                0x08008d34                STC_ForceSpeedReferenceToCurrentSpeed
 .text.STO_PLL_CalcElAngle
                0x08008d44      0x1e4 ./Middlewares/MotorControl/sto_pll_speed_pos_fdbk.o
                0x08008d44                STO_PLL_CalcElAngle
 .text.STO_PLL_CalcAvrgMecSpeedUnit
                0x08008f28      0x14c ./Middlewares/MotorControl/sto_pll_speed_pos_fdbk.o
                0x08008f28                STO_PLL_CalcAvrgMecSpeedUnit
 .text.STO_PLL_CalcAvrgElSpeedDpp
                0x08009074       0x58 ./Middlewares/MotorControl/sto_pll_speed_pos_fdbk.o
                0x08009074                STO_PLL_CalcAvrgElSpeedDpp
 .text.STO_PLL_Clear
                0x080090cc       0x4c ./Middlewares/MotorControl/sto_pll_speed_pos_fdbk.o
                0x080090cc                STO_PLL_Clear
 .text.STO_PLL_Init
                0x08009118       0x74 ./Middlewares/MotorControl/sto_pll_speed_pos_fdbk.o
                0x08009118                STO_PLL_Init
 .text.STO_PLL_IsObserverConverged
                0x0800918c       0xcc ./Middlewares/MotorControl/sto_pll_speed_pos_fdbk.o
                0x0800918c                STO_PLL_IsObserverConverged
 .text.STO_PLL_GetEstimatedBemf
                0x08009258        0x8 ./Middlewares/MotorControl/sto_pll_speed_pos_fdbk.o
                0x08009258                STO_PLL_GetEstimatedBemf
 .text.STO_PLL_GetEstimatedCurrent
                0x08009260       0x24 ./Middlewares/MotorControl/sto_pll_speed_pos_fdbk.o
                0x08009260                STO_PLL_GetEstimatedCurrent
 .text.STO_PLL_GetObserverGains
                0x08009284       0x10 ./Middlewares/MotorControl/sto_pll_speed_pos_fdbk.o
                0x08009284                STO_PLL_GetObserverGains
 .text.STO_PLL_SetObserverGains
                0x08009294        0x8 ./Middlewares/MotorControl/sto_pll_speed_pos_fdbk.o
                0x08009294                STO_PLL_SetObserverGains
 .text.STO_OTF_ResetPLL
                0x0800929c        0xc ./Middlewares/MotorControl/sto_pll_speed_pos_fdbk.o
                0x0800929c                STO_OTF_ResetPLL
 .text.STO_PLL_IsVarianceTight
                0x080092a8        0x8 ./Middlewares/MotorControl/sto_pll_speed_pos_fdbk.o
                0x080092a8                STO_PLL_IsVarianceTight
 .text.STO_PLL_ForceConvergency1
                0x080092b0        0xc ./Middlewares/MotorControl/sto_pll_speed_pos_fdbk.o
                0x080092b0                STO_PLL_ForceConvergency1
 .text.STO_PLL_ForceConvergency2
                0x080092bc        0xc ./Middlewares/MotorControl/sto_pll_speed_pos_fdbk.o
                0x080092bc                STO_PLL_ForceConvergency2
 .text.STO_SetDirection
                0x080092c8        0x8 ./Middlewares/MotorControl/sto_pll_speed_pos_fdbk.o
                0x080092c8                STO_SetDirection
 .text.VSS_Clear
                0x080092d0       0x1c ./Middlewares/MotorControl/virtual_speed_sensor.o
                0x080092d0                VSS_Clear
 .text.VSS_Init
                0x080092ec        0x8 ./Middlewares/MotorControl/virtual_speed_sensor.o
                0x080092ec                VSS_Init
 .text.VSS_CalcElAngle
                0x080092f4       0xa4 ./Middlewares/MotorControl/virtual_speed_sensor.o
                0x080092f4                VSS_CalcElAngle
 .text.VSS_CalcAvrgMecSpeedUnit
                0x08009398       0xa4 ./Middlewares/MotorControl/virtual_speed_sensor.o
                0x08009398                VSS_CalcAvrgMecSpeedUnit
 .text.VSS_SetMecAcceleration
                0x0800943c       0x78 ./Middlewares/MotorControl/virtual_speed_sensor.o
                0x0800943c                VSS_SetMecAcceleration
 .text.VSS_SetStartTransition
                0x080094b4       0x1c ./Middlewares/MotorControl/virtual_speed_sensor.o
                0x080094b4                VSS_SetStartTransition
 .text.VSS_TransitionEnded
                0x080094d0        0x8 ./Middlewares/MotorControl/virtual_speed_sensor.o
                0x080094d0                VSS_TransitionEnded
 .text.memset   0x080094d8       0x10 C:/ST/STM32CubeIDE_1.10.1/STM32CubeIDE/plugins/com.st.stm32cube.ide.mcu.externaltools.gnu-tools-for-stm32.13.3.rel1.win32_1.0.0.202411081344/tools/bin/../lib/gcc/arm-none-eabi/13.3.1/../../../../arm-none-eabi/lib/thumb/v7e-m+fp/hard\libc_nano.a(libc_a-memset.o)
                0x080094d8                memset
 .text.__libc_init_array
                0x080094e8       0x48 C:/ST/STM32CubeIDE_1.10.1/STM32CubeIDE/plugins/com.st.stm32cube.ide.mcu.externaltools.gnu-tools-for-stm32.13.3.rel1.win32_1.0.0.202411081344/tools/bin/../lib/gcc/arm-none-eabi/13.3.1/../../../../arm-none-eabi/lib/thumb/v7e-m+fp/hard\libc_nano.a(libc_a-init.o)
                0x080094e8                __libc_init_array
 .text.memcpy   0x08009530       0x1c C:/ST/STM32CubeIDE_1.10.1/STM32CubeIDE/plugins/com.st.stm32cube.ide.mcu.externaltools.gnu-tools-for-stm32.13.3.rel1.win32_1.0.0.202411081344/tools/bin/../lib/gcc/arm-none-eabi/13.3.1/../../../../arm-none-eabi/lib/thumb/v7e-m+fp/hard\libc_nano.a(libc_a-memcpy-stub.o)
                0x08009530                memcpy
 *(.glue_7)
 .glue_7        0x0800954c        0x0 linker stubs
 *(.glue_7t)
 .glue_7t       0x0800954c        0x0 linker stubs
 *(.eh_frame)
 .eh_frame      0x0800954c        0x0 C:/ST/STM32CubeIDE_1.10.1/STM32CubeIDE/plugins/com.st.stm32cube.ide.mcu.externaltools.gnu-tools-for-stm32.13.3.rel1.win32_1.0.0.202411081344/tools/bin/../lib/gcc/arm-none-eabi/13.3.1/thumb/v7e-m+fp/hard/crtbegin.o
 *(.init)
 .init          0x0800954c        0x4 C:/ST/STM32CubeIDE_1.10.1/STM32CubeIDE/plugins/com.st.stm32cube.ide.mcu.externaltools.gnu-tools-for-stm32.13.3.rel1.win32_1.0.0.202411081344/tools/bin/../lib/gcc/arm-none-eabi/13.3.1/thumb/v7e-m+fp/hard/crti.o
                0x0800954c                _init
 .init          0x08009550        0x8 C:/ST/STM32CubeIDE_1.10.1/STM32CubeIDE/plugins/com.st.stm32cube.ide.mcu.externaltools.gnu-tools-for-stm32.13.3.rel1.win32_1.0.0.202411081344/tools/bin/../lib/gcc/arm-none-eabi/13.3.1/thumb/v7e-m+fp/hard/crtn.o
 *(.fini)
 .fini          0x08009558        0x4 C:/ST/STM32CubeIDE_1.10.1/STM32CubeIDE/plugins/com.st.stm32cube.ide.mcu.externaltools.gnu-tools-for-stm32.13.3.rel1.win32_1.0.0.202411081344/tools/bin/../lib/gcc/arm-none-eabi/13.3.1/thumb/v7e-m+fp/hard/crti.o
                0x08009558                _fini
 .fini          0x0800955c        0x8 C:/ST/STM32CubeIDE_1.10.1/STM32CubeIDE/plugins/com.st.stm32cube.ide.mcu.externaltools.gnu-tools-for-stm32.13.3.rel1.win32_1.0.0.202411081344/tools/bin/../lib/gcc/arm-none-eabi/13.3.1/thumb/v7e-m+fp/hard/crtn.o
                0x08009564                        . = ALIGN (0x4)
                0x08009564                        _etext = .

.vfp11_veneer   0x08009564        0x0
 .vfp11_veneer  0x08009564        0x0 linker stubs

.v4_bx          0x08009564        0x0
 .v4_bx         0x08009564        0x0 linker stubs

.iplt           0x08009564        0x0
 .iplt          0x08009564        0x0 C:/ST/STM32CubeIDE_1.10.1/STM32CubeIDE/plugins/com.st.stm32cube.ide.mcu.externaltools.gnu-tools-for-stm32.13.3.rel1.win32_1.0.0.202411081344/tools/bin/../lib/gcc/arm-none-eabi/13.3.1/thumb/v7e-m+fp/hard/crtbegin.o

.rodata         0x08009564      0x318
                0x08009564                        . = ALIGN (0x4)
 *(.rodata)
 *(.rodata*)
 .rodata.CRC4_Lookup4
                0x08009564       0x10 ./Application/User/aspep.o
 .rodata.CRC4_Lookup8
                0x08009574      0x100 ./Application/User/aspep.o
 .rodata.M1_FOCConfig_reg
                0x08009674        0xe ./Application/User/mc_configuration_registers.o
 *fill*         0x08009682        0x2 
 .rodata.M1_MotorConfig_reg
                0x08009684       0x3c ./Application/User/mc_configuration_registers.o
 .rodata.M1_ApplicationConfig_reg
                0x080096c0       0x10 ./Application/User/mc_configuration_registers.o
 .rodata.globalConfig_reg
                0x080096d0        0xa ./Application/User/mc_configuration_registers.o
                0x080096d0                globalConfig_reg
 *fill*         0x080096da        0x2 
 .rodata.FIRMWARE_NAME
                0x080096dc       0x14 ./Application/User/mc_configuration_registers.o
                0x080096dc                FIRMWARE_NAME
 .rodata.M1_PWR_BOARD
                0x080096f0        0xd ./Application/User/mc_configuration_registers.o
 *fill*         0x080096fd        0x3 
 .rodata.CTL_BOARD
                0x08009700        0xd ./Application/User/mc_configuration_registers.o
                0x08009700                CTL_BOARD
 *fill*         0x0800970d        0x3 
 .rodata.R3_2_ParamsM1
                0x08009710       0xb0 ./Application/User/mc_parameters.o
                0x08009710                R3_2_ParamsM1
 .rodata.R3_3_OPAMPParamsM1
                0x080097c0       0x60 ./Application/User/mc_parameters.o
                0x080097c0                R3_3_OPAMPParamsM1
 .rodata.CSWTCH.54
                0x08009820       0x11 ./Application/User/register_interface.o
 *fill*         0x08009831        0x3 
 .rodata.CHANNEL_OFFSET_TAB
                0x08009834        0x6 ./Application/User/usart_aspep_driver.o
 *fill*         0x0800983a        0x2 
 .rodata.APBPrescTable
                0x0800983c        0x8 ./Drivers/CMSIS/system_stm32g4xx.o
                0x0800983c                APBPrescTable
 .rodata.AHBPrescTable
                0x08009844       0x10 ./Drivers/CMSIS/system_stm32g4xx.o
                0x08009844                AHBPrescTable
 .rodata.UARTPrescTable
                0x08009854       0x18 ./Drivers/STM32G4xx_HAL_Driver/stm32g4xx_hal_uart.o
                0x08009854                UARTPrescTable
 .rodata.denominator.0
                0x0800986c        0x8 ./Drivers/STM32G4xx_HAL_Driver/stm32g4xx_hal_uart_ex.o
 .rodata.numerator.1
                0x08009874        0x8 ./Drivers/STM32G4xx_HAL_Driver/stm32g4xx_hal_uart_ex.o
                0x0800987c                        . = ALIGN (0x4)

.ARM.extab      0x0800987c        0x0
                0x0800987c                        . = ALIGN (0x4)
 *(.ARM.extab* .gnu.linkonce.armextab.*)
                0x0800987c                        . = ALIGN (0x4)

.ARM            0x0800987c        0x8
                0x0800987c                        . = ALIGN (0x4)
                0x0800987c                        __exidx_start = .
 *(.ARM.exidx*)
 .ARM.exidx     0x0800987c        0x8 C:/ST/STM32CubeIDE_1.10.1/STM32CubeIDE/plugins/com.st.stm32cube.ide.mcu.externaltools.gnu-tools-for-stm32.13.3.rel1.win32_1.0.0.202411081344/tools/bin/../lib/gcc/arm-none-eabi/13.3.1/thumb/v7e-m+fp/hard\libgcc.a(_udivmoddi4.o)
                0x08009884                        __exidx_end = .
                0x08009884                        . = ALIGN (0x4)

.rel.dyn        0x08009884        0x0
 .rel.iplt      0x08009884        0x0 C:/ST/STM32CubeIDE_1.10.1/STM32CubeIDE/plugins/com.st.stm32cube.ide.mcu.externaltools.gnu-tools-for-stm32.13.3.rel1.win32_1.0.0.202411081344/tools/bin/../lib/gcc/arm-none-eabi/13.3.1/thumb/v7e-m+fp/hard/crtbegin.o

.preinit_array  0x08009884        0x0
                0x08009884                        . = ALIGN (0x4)
                0x08009884                        PROVIDE (__preinit_array_start = .)
 *(.preinit_array*)
                0x08009884                        PROVIDE (__preinit_array_end = .)
                0x08009884                        . = ALIGN (0x4)

.init_array     0x08009884        0x4
                0x08009884                        . = ALIGN (0x4)
                0x08009884                        PROVIDE (__init_array_start = .)
 *(SORT_BY_NAME(.init_array.*))
 *(.init_array*)
 .init_array    0x08009884        0x4 C:/ST/STM32CubeIDE_1.10.1/STM32CubeIDE/plugins/com.st.stm32cube.ide.mcu.externaltools.gnu-tools-for-stm32.13.3.rel1.win32_1.0.0.202411081344/tools/bin/../lib/gcc/arm-none-eabi/13.3.1/thumb/v7e-m+fp/hard/crtbegin.o
                0x08009888                        PROVIDE (__init_array_end = .)
                0x08009888                        . = ALIGN (0x4)

.fini_array     0x08009888        0x4
                0x08009888                        . = ALIGN (0x4)
                [!provide]                        PROVIDE (__fini_array_start = .)
 *(SORT_BY_NAME(.fini_array.*))
 *(.fini_array*)
 .fini_array    0x08009888        0x4 C:/ST/STM32CubeIDE_1.10.1/STM32CubeIDE/plugins/com.st.stm32cube.ide.mcu.externaltools.gnu-tools-for-stm32.13.3.rel1.win32_1.0.0.202411081344/tools/bin/../lib/gcc/arm-none-eabi/13.3.1/thumb/v7e-m+fp/hard/crtbegin.o
                [!provide]                        PROVIDE (__fini_array_end = .)
                0x0800988c                        . = ALIGN (0x4)
                0x0800988c                        _sidata = LOADADDR (.data)

.data           0x20000000      0x548 load address 0x0800988c
                0x20000000                        . = ALIGN (0x4)
                0x20000000                        _sdata = .
 *(.data)
 *(.data*)
 .data.Mci      0x20000000       0x28 ./Application/User/mc_config.o
                0x20000000                Mci
 .data.pFW      0x20000028        0x4 ./Application/User/mc_config.o
                0x20000028                pFW
 .data.pMPM     0x2000002c        0x4 ./Application/User/mc_config.o
                0x2000002c                pMPM
 .data.pPIDId   0x20000030        0x4 ./Application/User/mc_config.o
                0x20000030                pPIDId
 .data.pPIDIq   0x20000034        0x4 ./Application/User/mc_config.o
                0x20000034                pPIDIq
 .data.pSTC     0x20000038        0x4 ./Application/User/mc_config.o
                0x20000038                pSTC
 .data.CircleLimitationM1
                0x2000003c        0x4 ./Application/User/mc_config.o
                0x2000003c                CircleLimitationM1
 .data.RampExtMngrHFParamsM1
                0x20000040       0x18 ./Application/User/mc_config.o
                0x20000040                RampExtMngrHFParamsM1
 .data.STO_M1   0x20000058       0x14 ./Application/User/mc_config.o
                0x20000058                STO_M1
 .data.STO_PLL_M1
                0x2000006c      0x128 ./Application/User/mc_config.o
                0x2000006c                STO_PLL_M1
 .data.PWM_Handle_M1
                0x20000194       0xa4 ./Application/User/mc_config.o
                0x20000194                PWM_Handle_M1
 .data.RevUpControlM1
                0x20000238       0x78 ./Application/User/mc_config.o
                0x20000238                RevUpControlM1
 .data.SpeednTorqCtrlM1
                0x200002b0       0x34 ./Application/User/mc_config.o
                0x200002b0                SpeednTorqCtrlM1
 .data.PIDFluxWeakeningHandle_M1
                0x200002e4       0x2c ./Application/User/mc_config.o
                0x200002e4                PIDFluxWeakeningHandle_M1
 .data.FW_M1    0x20000310       0x20 ./Application/User/mc_config.o
                0x20000310                FW_M1
 .data.PIDIdHandle_M1
                0x20000330       0x2c ./Application/User/mc_config.o
                0x20000330                PIDIdHandle_M1
 .data.PIDIqHandle_M1
                0x2000035c       0x2c ./Application/User/mc_config.o
                0x2000035c                PIDIqHandle_M1
 .data.PIDSpeedHandle_M1
                0x20000388       0x2c ./Application/User/mc_config.o
                0x20000388                PIDSpeedHandle_M1
 .data.PQD_MotorPowMeasM1
                0x200003b4       0x10 ./Application/User/mc_config.o
                0x200003b4                PQD_MotorPowMeasM1
 .data.BusVoltageSensor_M1
                0x200003c4       0x1c ./Application/User/mc_config_common.o
                0x200003c4                BusVoltageSensor_M1
 .data.VbusRegConv_M1
                0x200003e0       0x10 ./Application/User/mc_config_common.o
                0x200003e0                VbusRegConv_M1
 .data.TempSensor_M1
                0x200003f0       0x1c ./Application/User/mc_config_common.o
                0x200003f0                TempSensor_M1
 .data.TempRegConv_M1
                0x2000040c       0x10 ./Application/User/mc_config_common.o
                0x2000040c                TempRegConv_M1
 .data.VirtualSpeedSensorM1
                0x2000041c       0x38 ./Application/User/mc_config_common.o
                0x2000041c                VirtualSpeedSensorM1
 .data.ApplicationConfig_reg
                0x20000454        0x4 ./Application/User/mc_configuration_registers.o
                0x20000454                ApplicationConfig_reg
 .data.MotorConfig_reg
                0x20000458        0x4 ./Application/User/mc_configuration_registers.o
                0x20000458                MotorConfig_reg
 .data.FOCConfig_reg
                0x2000045c        0x4 ./Application/User/mc_configuration_registers.o
                0x2000045c                FOCConfig_reg
 .data.PWR_BOARD_NAME
                0x20000460        0x4 ./Application/User/mc_configuration_registers.o
                0x20000460                PWR_BOARD_NAME
 .data.scaleParams_M1
                0x20000464       0x10 ./Application/User/mc_parameters.o
                0x20000464                scaleParams_M1
 .data.MCPA_UART_A
                0x20000474       0x2c ./Application/User/mcp_config.o
                0x20000474                MCPA_UART_A
 .data.MCP_Over_UartA
                0x200004a0       0x10 ./Application/User/mcp_config.o
                0x200004a0                MCP_Over_UartA
 .data.aspepOverUartA
                0x200004b0       0x74 ./Application/User/mcp_config.o
                0x200004b0                aspepOverUartA
 .data.UASPEP_A
                0x20000524       0x14 ./Application/User/mcp_config.o
 .data.SystickDividerCounter.0
                0x20000538        0x1 ./Application/User/stm32_mc_common_it.o
 *fill*         0x20000539        0x3 
 .data.SystemCoreClock
                0x2000053c        0x4 ./Drivers/CMSIS/system_stm32g4xx.o
                0x2000053c                SystemCoreClock
 .data.uwTickFreq
                0x20000540        0x4 ./Drivers/STM32G4xx_HAL_Driver/stm32g4xx_hal.o
                0x20000540                uwTickFreq
 .data.uwTickPrio
                0x20000544        0x4 ./Drivers/STM32G4xx_HAL_Driver/stm32g4xx_hal.o
                0x20000544                uwTickPrio
 *(.RamFunc)
 *(.RamFunc*)
                0x20000548                        . = ALIGN (0x4)
                0x20000548                        _edata = .

.igot.plt       0x20000548        0x0 load address 0x08009dd4
 .igot.plt      0x20000548        0x0 C:/ST/STM32CubeIDE_1.10.1/STM32CubeIDE/plugins/com.st.stm32cube.ide.mcu.externaltools.gnu-tools-for-stm32.13.3.rel1.win32_1.0.0.202411081344/tools/bin/../lib/gcc/arm-none-eabi/13.3.1/thumb/v7e-m+fp/hard/crtbegin.o
                0x20000548                        . = ALIGN (0x4)

.bss            0x20000548     0x16a8 load address 0x08009dd4
                0x20000548                        _sbss = .
                0x20000548                        __bss_start__ = _sbss
 *(.bss)
 .bss           0x20000548       0x1c C:/ST/STM32CubeIDE_1.10.1/STM32CubeIDE/plugins/com.st.stm32cube.ide.mcu.externaltools.gnu-tools-for-stm32.13.3.rel1.win32_1.0.0.202411081344/tools/bin/../lib/gcc/arm-none-eabi/13.3.1/thumb/v7e-m+fp/hard/crtbegin.o
 *(.bss*)
 .bss.hdma_usart2_tx
                0x20000564       0x60 ./Application/User/main.o
                0x20000564                hdma_usart2_tx
 .bss.hdma_usart2_rx
                0x200005c4       0x60 ./Application/User/main.o
                0x200005c4                hdma_usart2_rx
 .bss.huart2    0x20000624       0x94 ./Application/User/main.o
                0x20000624                huart2
 .bss.htim1     0x200006b8       0x4c ./Application/User/main.o
                0x200006b8                htim1
 .bss.hopamp3   0x20000704       0x3c ./Application/User/main.o
                0x20000704                hopamp3
 .bss.hopamp2   0x20000740       0x3c ./Application/User/main.o
                0x20000740                hopamp2
 .bss.hopamp1   0x2000077c       0x3c ./Application/User/main.o
                0x2000077c                hopamp1
 .bss.hcordic   0x200007b8       0x28 ./Application/User/main.o
                0x200007b8                hcordic
 .bss.hadc2     0x200007e0       0x6c ./Application/User/main.o
                0x200007e0                hadc2
 .bss.hadc1     0x2000084c       0x6c ./Application/User/main.o
                0x2000084c                hadc1
 .bss.pREMNG    0x200008b8        0x4 ./Application/User/mc_config.o
                0x200008b8                pREMNG
 .bss.FOCVars   0x200008bc       0x26 ./Application/User/mc_config.o
                0x200008bc                FOCVars
 *fill*         0x200008e2        0x2 
 .bss.pwmcHandle
                0x200008e4        0x4 ./Application/User/mc_config_common.o
                0x200008e4                pwmcHandle
 .bss.RealBusVoltageSensorFilterBufferM1
                0x200008e8        0xc ./Application/User/mc_config_common.o
 .bss.bMCBootCompleted
                0x200008f4        0x1 ./Application/User/mc_tasks.o
 *fill*         0x200008f5        0x1 
 .bss.hStopPermanencyCounterM1
                0x200008f6        0x2 ./Application/User/mc_tasks.o
 .bss.hBootCapDelayCounterM1
                0x200008f8        0x2 ./Application/User/mc_tasks.o
 .bss.hMFTaskCounterM1
                0x200008fa        0x2 ./Application/User/mc_tasks.o
 .bss.MCP_UserCallBack
                0x200008fc        0x8 ./Application/User/mcp_config.o
                0x200008fc                MCP_UserCallBack
 .bss.dataSizeTableBuffA
                0x20000904        0xa ./Application/User/mcp_config.o
 *fill*         0x2000090e        0x2 
 .bss.dataSizeTableA
                0x20000910        0xa ./Application/User/mcp_config.o
 *fill*         0x2000091a        0x2 
 .bss.dataPtrTableBuffA
                0x2000091c       0x28 ./Application/User/mcp_config.o
 .bss.dataPtrTableA
                0x20000944       0x28 ./Application/User/mcp_config.o
 .bss.MCPAsyncBuffUARTA_B
                0x2000096c      0x806 ./Application/User/mcp_config.o
 *fill*         0x20001172        0x2 
 .bss.MCPAsyncBuffUARTA_A
                0x20001174      0x806 ./Application/User/mcp_config.o
 *fill*         0x2000197a        0x2 
 .bss.MCPSyncRXBuff
                0x2000197c      0x102 ./Application/User/mcp_config.o
 *fill*         0x20001a7e        0x2 
 .bss.MCPSyncTxBuff
                0x20001a80      0x106 ./Application/User/mcp_config.o
 *fill*         0x20001b86        0x2 
 .bss.pMCI      0x20001b88        0x4 ./Application/User/motorcontrol.o
                0x20001b88                pMCI
 .bss.nullData16.0
                0x20001b8c        0x2 ./Application/User/register_interface.o
 *fill*         0x20001b8e        0x2 
 .bss.RCM_UserConvHandle
                0x20001b90        0x4 ./Application/User/regular_conversion_manager.o
 .bss.RCM_UserConvState
                0x20001b94        0x1 ./Application/User/regular_conversion_manager.o
 *fill*         0x20001b95        0x1 
 .bss.RCM_UserConvValue
                0x20001b96        0x2 ./Application/User/regular_conversion_manager.o
 .bss.RCM_currentHandle
                0x20001b98        0x1 ./Application/User/regular_conversion_manager.o
 *fill*         0x20001b99        0x3 
 .bss.RCM_NoInj_array
                0x20001b9c       0x18 ./Application/User/regular_conversion_manager.o
 .bss.RCM_CB_array
                0x20001bb4       0x20 ./Application/User/regular_conversion_manager.o
 .bss.RCM_handle_array
                0x20001bd4       0x10 ./Application/User/regular_conversion_manager.o
 .bss.HAL_RCC_ADC12_CLK_ENABLED
                0x20001be4        0x4 ./Application/User/stm32g4xx_hal_msp.o
 .bss.uwTick    0x20001be8        0x4 ./Drivers/STM32G4xx_HAL_Driver/stm32g4xx_hal.o
                0x20001be8                uwTick
 .bss.GLOBAL_TIMESTAMP
                0x20001bec        0x4 ./Middlewares/MotorControl/mcpa.o
                0x20001bec                GLOBAL_TIMESTAMP
 *(COMMON)
                0x20001bf0                        . = ALIGN (0x4)
                0x20001bf0                        _ebss = .
                0x20001bf0                        __bss_end__ = _ebss

._user_heap_stack
                0x20001bf0      0x600 load address 0x08009dd4
                0x20001bf0                        . = ALIGN (0x8)
                [!provide]                        PROVIDE (end = .)
                0x20001bf0                        PROVIDE (_end = .)
                0x20001df0                        . = (. + _Min_Heap_Size)
 *fill*         0x20001bf0      0x200 
                0x200021f0                        . = (. + _Min_Stack_Size)
 *fill*         0x20001df0      0x400 
                0x200021f0                        . = ALIGN (0x8)

/DISCARD/
 libc.a(*)
 libm.a(*)
 libgcc.a(*)

.ARM.attributes
                0x00000000       0x30
 *(.ARM.attributes)
 .ARM.attributes
                0x00000000       0x22 C:/ST/STM32CubeIDE_1.10.1/STM32CubeIDE/plugins/com.st.stm32cube.ide.mcu.externaltools.gnu-tools-for-stm32.13.3.rel1.win32_1.0.0.202411081344/tools/bin/../lib/gcc/arm-none-eabi/13.3.1/thumb/v7e-m+fp/hard/crti.o
 .ARM.attributes
                0x00000022       0x34 C:/ST/STM32CubeIDE_1.10.1/STM32CubeIDE/plugins/com.st.stm32cube.ide.mcu.externaltools.gnu-tools-for-stm32.13.3.rel1.win32_1.0.0.202411081344/tools/bin/../lib/gcc/arm-none-eabi/13.3.1/thumb/v7e-m+fp/hard/crtbegin.o
 .ARM.attributes
                0x00000056       0x21 ./Application/Startup/startup_stm32g431cbux.o
 .ARM.attributes
                0x00000077       0x30 ./Application/User/aspep.o
 .ARM.attributes
                0x000000a7       0x30 ./Application/User/main.o
 .ARM.attributes
                0x000000d7       0x30 ./Application/User/mc_api.o
 .ARM.attributes
                0x00000107       0x30 ./Application/User/mc_app_hooks.o
 .ARM.attributes
                0x00000137       0x30 ./Application/User/mc_config.o
 .ARM.attributes
                0x00000167       0x30 ./Application/User/mc_config_common.o
 .ARM.attributes
                0x00000197       0x30 ./Application/User/mc_configuration_registers.o
 .ARM.attributes
                0x000001c7       0x30 ./Application/User/mc_interface.o
 .ARM.attributes
                0x000001f7       0x30 ./Application/User/mc_math.o
 .ARM.attributes
                0x00000227       0x30 ./Application/User/mc_parameters.o
 .ARM.attributes
                0x00000257       0x30 ./Application/User/mc_tasks.o
 .ARM.attributes
                0x00000287       0x30 ./Application/User/mc_tasks_foc.o
 .ARM.attributes
                0x000002b7       0x30 ./Application/User/mcp.o
 .ARM.attributes
                0x000002e7       0x30 ./Application/User/mcp_config.o
 .ARM.attributes
                0x00000317       0x30 ./Application/User/motorcontrol.o
 .ARM.attributes
                0x00000347       0x30 ./Application/User/pwm_common.o
 .ARM.attributes
                0x00000377       0x30 ./Application/User/pwm_curr_fdbk.o
 .ARM.attributes
                0x000003a7       0x30 ./Application/User/register_interface.o
 .ARM.attributes
                0x000003d7       0x30 ./Application/User/regular_conversion_manager.o
 .ARM.attributes
                0x00000407       0x30 ./Application/User/stm32_mc_common_it.o
 .ARM.attributes
                0x00000437       0x30 ./Application/User/stm32g4xx_hal_msp.o
 .ARM.attributes
                0x00000467       0x30 ./Application/User/stm32g4xx_mc_it.o
 .ARM.attributes
                0x00000497       0x30 ./Application/User/usart_aspep_driver.o
 .ARM.attributes
                0x000004c7       0x30 ./Drivers/CMSIS/system_stm32g4xx.o
 .ARM.attributes
                0x000004f7       0x30 ./Drivers/STM32G4xx_HAL_Driver/stm32g4xx_hal.o
 .ARM.attributes
                0x00000527       0x30 ./Drivers/STM32G4xx_HAL_Driver/stm32g4xx_hal_adc.o
 .ARM.attributes
                0x00000557       0x30 ./Drivers/STM32G4xx_HAL_Driver/stm32g4xx_hal_adc_ex.o
 .ARM.attributes
                0x00000587       0x30 ./Drivers/STM32G4xx_HAL_Driver/stm32g4xx_hal_cordic.o
 .ARM.attributes
                0x000005b7       0x30 ./Drivers/STM32G4xx_HAL_Driver/stm32g4xx_hal_cortex.o
 .ARM.attributes
                0x000005e7       0x30 ./Drivers/STM32G4xx_HAL_Driver/stm32g4xx_hal_dma.o
 .ARM.attributes
                0x00000617       0x30 ./Drivers/STM32G4xx_HAL_Driver/stm32g4xx_hal_gpio.o
 .ARM.attributes
                0x00000647       0x30 ./Drivers/STM32G4xx_HAL_Driver/stm32g4xx_hal_opamp.o
 .ARM.attributes
                0x00000677       0x30 ./Drivers/STM32G4xx_HAL_Driver/stm32g4xx_hal_pwr_ex.o
 .ARM.attributes
                0x000006a7       0x30 ./Drivers/STM32G4xx_HAL_Driver/stm32g4xx_hal_rcc.o
 .ARM.attributes
                0x000006d7       0x30 ./Drivers/STM32G4xx_HAL_Driver/stm32g4xx_hal_rcc_ex.o
 .ARM.attributes
                0x00000707       0x30 ./Drivers/STM32G4xx_HAL_Driver/stm32g4xx_hal_tim.o
 .ARM.attributes
                0x00000737       0x30 ./Drivers/STM32G4xx_HAL_Driver/stm32g4xx_hal_tim_ex.o
 .ARM.attributes
                0x00000767       0x30 ./Drivers/STM32G4xx_HAL_Driver/stm32g4xx_hal_uart.o
 .ARM.attributes
                0x00000797       0x30 ./Drivers/STM32G4xx_HAL_Driver/stm32g4xx_hal_uart_ex.o
 .ARM.attributes
                0x000007c7       0x30 ./Middlewares/MotorControl/bus_voltage_sensor.o
 .ARM.attributes
                0x000007f7       0x30 ./Middlewares/MotorControl/circle_limitation.o
 .ARM.attributes
                0x00000827       0x30 ./Middlewares/MotorControl/flux_weakening_ctrl.o
 .ARM.attributes
                0x00000857       0x30 ./Middlewares/MotorControl/mcpa.o
 .ARM.attributes
                0x00000887       0x30 ./Middlewares/MotorControl/ntc_temperature_sensor.o
 .ARM.attributes
                0x000008b7       0x30 ./Middlewares/MotorControl/pid_regulator.o
 .ARM.attributes
                0x000008e7       0x30 ./Middlewares/MotorControl/pqd_motor_power_measurement.o
 .ARM.attributes
                0x00000917       0x30 ./Middlewares/MotorControl/r3_2_g4xx_pwm_curr_fdbk.o
 .ARM.attributes
                0x00000947       0x30 ./Middlewares/MotorControl/r_divider_bus_voltage_sensor.o
 .ARM.attributes
                0x00000977       0x30 ./Middlewares/MotorControl/ramp_ext_mngr.o
 .ARM.attributes
                0x000009a7       0x30 ./Middlewares/MotorControl/revup_ctrl.o
 .ARM.attributes
                0x000009d7       0x30 ./Middlewares/MotorControl/speed_pos_fdbk.o
 .ARM.attributes
                0x00000a07       0x30 ./Middlewares/MotorControl/speed_torq_ctrl.o
 .ARM.attributes
                0x00000a37       0x30 ./Middlewares/MotorControl/sto_pll_speed_pos_fdbk.o
 .ARM.attributes
                0x00000a67       0x30 ./Middlewares/MotorControl/virtual_speed_sensor.o
 .ARM.attributes
                0x00000a97       0x34 C:/ST/STM32CubeIDE_1.10.1/STM32CubeIDE/plugins/com.st.stm32cube.ide.mcu.externaltools.gnu-tools-for-stm32.13.3.rel1.win32_1.0.0.202411081344/tools/bin/../lib/gcc/arm-none-eabi/13.3.1/../../../../arm-none-eabi/lib/thumb/v7e-m+fp/hard\libc_nano.a(libc_a-memset.o)
 .ARM.attributes
                0x00000acb       0x34 C:/ST/STM32CubeIDE_1.10.1/STM32CubeIDE/plugins/com.st.stm32cube.ide.mcu.externaltools.gnu-tools-for-stm32.13.3.rel1.win32_1.0.0.202411081344/tools/bin/../lib/gcc/arm-none-eabi/13.3.1/../../../../arm-none-eabi/lib/thumb/v7e-m+fp/hard\libc_nano.a(libc_a-init.o)
 .ARM.attributes
                0x00000aff       0x34 C:/ST/STM32CubeIDE_1.10.1/STM32CubeIDE/plugins/com.st.stm32cube.ide.mcu.externaltools.gnu-tools-for-stm32.13.3.rel1.win32_1.0.0.202411081344/tools/bin/../lib/gcc/arm-none-eabi/13.3.1/../../../../arm-none-eabi/lib/thumb/v7e-m+fp/hard\libc_nano.a(libc_a-memcpy-stub.o)
 .ARM.attributes
                0x00000b33       0x22 C:/ST/STM32CubeIDE_1.10.1/STM32CubeIDE/plugins/com.st.stm32cube.ide.mcu.externaltools.gnu-tools-for-stm32.13.3.rel1.win32_1.0.0.202411081344/tools/bin/../lib/gcc/arm-none-eabi/13.3.1/thumb/v7e-m+fp/hard\libgcc.a(_aeabi_uldivmod.o)
 .ARM.attributes
                0x00000b55       0x34 C:/ST/STM32CubeIDE_1.10.1/STM32CubeIDE/plugins/com.st.stm32cube.ide.mcu.externaltools.gnu-tools-for-stm32.13.3.rel1.win32_1.0.0.202411081344/tools/bin/../lib/gcc/arm-none-eabi/13.3.1/thumb/v7e-m+fp/hard\libgcc.a(_udivmoddi4.o)
 .ARM.attributes
                0x00000b89       0x22 C:/ST/STM32CubeIDE_1.10.1/STM32CubeIDE/plugins/com.st.stm32cube.ide.mcu.externaltools.gnu-tools-for-stm32.13.3.rel1.win32_1.0.0.202411081344/tools/bin/../lib/gcc/arm-none-eabi/13.3.1/thumb/v7e-m+fp/hard\libgcc.a(_dvmd_tls.o)
 .ARM.attributes
                0x00000bab       0x22 C:/ST/STM32CubeIDE_1.10.1/STM32CubeIDE/plugins/com.st.stm32cube.ide.mcu.externaltools.gnu-tools-for-stm32.13.3.rel1.win32_1.0.0.202411081344/tools/bin/../lib/gcc/arm-none-eabi/13.3.1/thumb/v7e-m+fp/hard/crtn.o
OUTPUT(Comarado_ESC_v2.elf elf32-littlearm)
LOAD linker stubs
LOAD C:/ST/STM32CubeIDE_1.10.1/STM32CubeIDE/plugins/com.st.stm32cube.ide.mcu.externaltools.gnu-tools-for-stm32.13.3.rel1.win32_1.0.0.202411081344/tools/bin/../lib/gcc/arm-none-eabi/13.3.1/../../../../arm-none-eabi/lib/thumb/v7e-m+fp/hard\libc.a
LOAD C:/ST/STM32CubeIDE_1.10.1/STM32CubeIDE/plugins/com.st.stm32cube.ide.mcu.externaltools.gnu-tools-for-stm32.13.3.rel1.win32_1.0.0.202411081344/tools/bin/../lib/gcc/arm-none-eabi/13.3.1/../../../../arm-none-eabi/lib/thumb/v7e-m+fp/hard\libm.a
LOAD C:/ST/STM32CubeIDE_1.10.1/STM32CubeIDE/plugins/com.st.stm32cube.ide.mcu.externaltools.gnu-tools-for-stm32.13.3.rel1.win32_1.0.0.202411081344/tools/bin/../lib/gcc/arm-none-eabi/13.3.1/thumb/v7e-m+fp/hard\libgcc.a

.debug_line     0x00000000    0x491b8
 .debug_line    0x00000000       0x7b ./Application/Startup/startup_stm32g431cbux.o
 .debug_line    0x0000007b     0x1682 ./Application/User/aspep.o
 .debug_line    0x000016fd     0x17ce ./Application/User/main.o
 .debug_line    0x00002ecb     0x1123 ./Application/User/mc_api.o
 .debug_line    0x00003fee      0x99d ./Application/User/mc_app_hooks.o
 .debug_line    0x0000498b      0xcc0 ./Application/User/mc_config.o
 .debug_line    0x0000564b      0xcc7 ./Application/User/mc_config_common.o
 .debug_line    0x00006312      0xb58 ./Application/User/mc_configuration_registers.o
 .debug_line    0x00006e6a     0x1910 ./Application/User/mc_interface.o
 .debug_line    0x0000877a      0xbc6 ./Application/User/mc_math.o
 .debug_line    0x00009340      0xcb1 ./Application/User/mc_parameters.o
 .debug_line    0x00009ff1     0x132a ./Application/User/mc_tasks.o
 .debug_line    0x0000b31b     0x14e1 ./Application/User/mc_tasks_foc.o
 .debug_line    0x0000c7fc     0x11dd ./Application/User/mcp.o
 .debug_line    0x0000d9d9      0xa82 ./Application/User/mcp_config.o
 .debug_line    0x0000e45b      0xd00 ./Application/User/motorcontrol.o
 .debug_line    0x0000f15b      0xbc2 ./Application/User/pwm_common.o
 .debug_line    0x0000fd1d     0x129a ./Application/User/pwm_curr_fdbk.o
 .debug_line    0x00010fb7     0x26ae ./Application/User/register_interface.o
 .debug_line    0x00013665     0x16a6 ./Application/User/regular_conversion_manager.o
 .debug_line    0x00014d0b     0x1289 ./Application/User/stm32_mc_common_it.o
 .debug_line    0x00015f94     0x12db ./Application/User/stm32g4xx_hal_msp.o
 .debug_line    0x0001726f      0xdec ./Application/User/stm32g4xx_mc_it.o
 .debug_line    0x0001805b     0x1177 ./Application/User/usart_aspep_driver.o
 .debug_line    0x000191d2      0x8f0 ./Drivers/CMSIS/system_stm32g4xx.o
 .debug_line    0x00019ac2      0xd82 ./Drivers/STM32G4xx_HAL_Driver/stm32g4xx_hal.o
 .debug_line    0x0001a844     0x2e65 ./Drivers/STM32G4xx_HAL_Driver/stm32g4xx_hal_adc.o
 .debug_line    0x0001d6a9     0x282a ./Drivers/STM32G4xx_HAL_Driver/stm32g4xx_hal_adc_ex.o
 .debug_line    0x0001fed3     0x1395 ./Drivers/STM32G4xx_HAL_Driver/stm32g4xx_hal_cordic.o
 .debug_line    0x00021268      0xe83 ./Drivers/STM32G4xx_HAL_Driver/stm32g4xx_hal_cortex.o
 .debug_line    0x000220eb     0x1453 ./Drivers/STM32G4xx_HAL_Driver/stm32g4xx_hal_dma.o
 .debug_line    0x0002353e     0x10ca ./Drivers/STM32G4xx_HAL_Driver/stm32g4xx_hal_gpio.o
 .debug_line    0x00024608      0xd9b ./Drivers/STM32G4xx_HAL_Driver/stm32g4xx_hal_opamp.o
 .debug_line    0x000253a3      0xfb3 ./Drivers/STM32G4xx_HAL_Driver/stm32g4xx_hal_pwr_ex.o
 .debug_line    0x00026356     0x15ba ./Drivers/STM32G4xx_HAL_Driver/stm32g4xx_hal_rcc.o
 .debug_line    0x00027910     0x1624 ./Drivers/STM32G4xx_HAL_Driver/stm32g4xx_hal_rcc_ex.o
 .debug_line    0x00028f34     0x65ec ./Drivers/STM32G4xx_HAL_Driver/stm32g4xx_hal_tim.o
 .debug_line    0x0002f520     0x2691 ./Drivers/STM32G4xx_HAL_Driver/stm32g4xx_hal_tim_ex.o
 .debug_line    0x00031bb1     0x6fb9 ./Drivers/STM32G4xx_HAL_Driver/stm32g4xx_hal_uart.o
 .debug_line    0x00038b6a     0x12fa ./Drivers/STM32G4xx_HAL_Driver/stm32g4xx_hal_uart_ex.o
 .debug_line    0x00039e64      0xa3b ./Middlewares/MotorControl/bus_voltage_sensor.o
 .debug_line    0x0003a89f      0xad1 ./Middlewares/MotorControl/circle_limitation.o
 .debug_line    0x0003b370      0xc4e ./Middlewares/MotorControl/flux_weakening_ctrl.o
 .debug_line    0x0003bfbe     0x11a8 ./Middlewares/MotorControl/mcpa.o
 .debug_line    0x0003d166      0xbd6 ./Middlewares/MotorControl/ntc_temperature_sensor.o
 .debug_line    0x0003dd3c      0xe75 ./Middlewares/MotorControl/pid_regulator.o
 .debug_line    0x0003ebb1      0xad0 ./Middlewares/MotorControl/pqd_motor_power_measurement.o
 .debug_line    0x0003f681     0x321f ./Middlewares/MotorControl/r3_2_g4xx_pwm_curr_fdbk.o
 .debug_line    0x000428a0      0xc4c ./Middlewares/MotorControl/r_divider_bus_voltage_sensor.o
 .debug_line    0x000434ec      0xcaf ./Middlewares/MotorControl/ramp_ext_mngr.o
 .debug_line    0x0004419b     0x11d6 ./Middlewares/MotorControl/revup_ctrl.o
 .debug_line    0x00045371      0xb8f ./Middlewares/MotorControl/speed_pos_fdbk.o
 .debug_line    0x00045f00      0xe37 ./Middlewares/MotorControl/speed_torq_ctrl.o
 .debug_line    0x00046d37     0x154f ./Middlewares/MotorControl/sto_pll_speed_pos_fdbk.o
 .debug_line    0x00048286      0xf32 ./Middlewares/MotorControl/virtual_speed_sensor.o

.debug_line_str
                0x00000000       0x92
 .debug_line_str
                0x00000000       0x92 ./Application/Startup/startup_stm32g431cbux.o

.debug_info     0x00000000    0x4a420
 .debug_info    0x00000000       0x30 ./Application/Startup/startup_stm32g431cbux.o
 .debug_info    0x00000030     0x112b ./Application/User/aspep.o
 .debug_info    0x0000115b     0x2dfa ./Application/User/main.o
 .debug_info    0x00003f55     0x1bb6 ./Application/User/mc_api.o
 .debug_info    0x00005b0b      0x1db ./Application/User/mc_app_hooks.o
 .debug_info    0x00005ce6     0x23c0 ./Application/User/mc_config.o
 .debug_info    0x000080a6      0xdf2 ./Application/User/mc_config_common.o
 .debug_info    0x00008e98      0x56d ./Application/User/mc_configuration_registers.o
 .debug_info    0x00009405     0x21a2 ./Application/User/mc_interface.o
 .debug_info    0x0000b5a7      0x764 ./Application/User/mc_math.o
 .debug_info    0x0000bd0b      0xa24 ./Application/User/mc_parameters.o
 .debug_info    0x0000c72f     0x23ac ./Application/User/mc_tasks.o
 .debug_info    0x0000eadb     0x31ec ./Application/User/mc_tasks_foc.o
 .debug_info    0x00011cc7     0x15ba ./Application/User/mcp.o
 .debug_info    0x00013281      0xaf2 ./Application/User/mcp_config.o
 .debug_info    0x00013d73     0x1115 ./Application/User/motorcontrol.o
 .debug_info    0x00014e88      0x953 ./Application/User/pwm_common.o
 .debug_info    0x000157db     0x14a5 ./Application/User/pwm_curr_fdbk.o
 .debug_info    0x00016c80     0x34e7 ./Application/User/register_interface.o
 .debug_info    0x0001a167     0x1a6d ./Application/User/regular_conversion_manager.o
 .debug_info    0x0001bbd4     0x12b2 ./Application/User/stm32_mc_common_it.o
 .debug_info    0x0001ce86     0x21f1 ./Application/User/stm32g4xx_hal_msp.o
 .debug_info    0x0001f077     0x1256 ./Application/User/stm32g4xx_mc_it.o
 .debug_info    0x000202cd     0x1267 ./Application/User/usart_aspep_driver.o
 .debug_info    0x00021534      0x5a7 ./Drivers/CMSIS/system_stm32g4xx.o
 .debug_info    0x00021adb      0xcd7 ./Drivers/STM32G4xx_HAL_Driver/stm32g4xx_hal.o
 .debug_info    0x000227b2     0x3508 ./Drivers/STM32G4xx_HAL_Driver/stm32g4xx_hal_adc.o
 .debug_info    0x00025cba     0x2d2c ./Drivers/STM32G4xx_HAL_Driver/stm32g4xx_hal_adc_ex.o
 .debug_info    0x000289e6      0xdc3 ./Drivers/STM32G4xx_HAL_Driver/stm32g4xx_hal_cordic.o
 .debug_info    0x000297a9      0xf8e ./Drivers/STM32G4xx_HAL_Driver/stm32g4xx_hal_cortex.o
 .debug_info    0x0002a737      0xa62 ./Drivers/STM32G4xx_HAL_Driver/stm32g4xx_hal_dma.o
 .debug_info    0x0002b199      0x795 ./Drivers/STM32G4xx_HAL_Driver/stm32g4xx_hal_gpio.o
 .debug_info    0x0002b92e      0x84b ./Drivers/STM32G4xx_HAL_Driver/stm32g4xx_hal_opamp.o
 .debug_info    0x0002c179      0x993 ./Drivers/STM32G4xx_HAL_Driver/stm32g4xx_hal_pwr_ex.o
 .debug_info    0x0002cb0c      0xe7b ./Drivers/STM32G4xx_HAL_Driver/stm32g4xx_hal_rcc.o
 .debug_info    0x0002d987      0xd46 ./Drivers/STM32G4xx_HAL_Driver/stm32g4xx_hal_rcc_ex.o
 .debug_info    0x0002e6cd     0x500d ./Drivers/STM32G4xx_HAL_Driver/stm32g4xx_hal_tim.o
 .debug_info    0x000336da     0x25d0 ./Drivers/STM32G4xx_HAL_Driver/stm32g4xx_hal_tim_ex.o
 .debug_info    0x00035caa     0x78c3 ./Drivers/STM32G4xx_HAL_Driver/stm32g4xx_hal_uart.o
 .debug_info    0x0003d56d     0x13de ./Drivers/STM32G4xx_HAL_Driver/stm32g4xx_hal_uart_ex.o
 .debug_info    0x0003e94b      0x2c3 ./Middlewares/MotorControl/bus_voltage_sensor.o
 .debug_info    0x0003ec0e      0x387 ./Middlewares/MotorControl/circle_limitation.o
 .debug_info    0x0003ef95      0x87b ./Middlewares/MotorControl/flux_weakening_ctrl.o
 .debug_info    0x0003f810      0x715 ./Middlewares/MotorControl/mcpa.o