D:/Comrado/ESC_BMS_Project/ALL DOCS/ALL DOCS/ESC/STM_B_G431_ESC/Comarado_ESC_v2/MCSDK_v6.3.2-Full/MotorControl/MCSDK/MCLib/Any/Src/feed_forward_ctrl.c:94:13:FF_Init	4	static
D:/Comrado/ESC_BMS_Project/ALL DOCS/ALL DOCS/ESC/STM_B_G431_ESC/Comarado_ESC_v2/MCSDK_v6.3.2-Full/MotorControl/MCSDK/MCLib/Any/Src/feed_forward_ctrl.c:124:13:FF_Clear	0	static
D:/Comrado/ESC_BMS_Project/ALL DOCS/ALL DOCS/ESC/STM_B_G431_ESC/Comarado_ESC_v2/MCSDK_v6.3.2-Full/MotorControl/MCSDK/MCLib/Any/Src/feed_forward_ctrl.c:150:13:FF_VqdffComputation	16	static
D:/Comrado/ESC_BMS_Project/ALL DOCS/ALL DOCS/ESC/STM_B_G431_ESC/Comarado_ESC_v2/MCSDK_v6.3.2-Full/MotorControl/MCSDK/MCLib/Any/Src/feed_forward_ctrl.c:219:13:FF_VqdConditioning	24	static
D:/Comrado/ESC_BMS_Project/ALL DOCS/ALL DOCS/ESC/STM_B_G431_ESC/Comarado_ESC_v2/MCSDK_v6.3.2-Full/MotorControl/MCSDK/MCLib/Any/Src/feed_forward_ctrl.c:264:13:FF_DataProcess	4	static
D:/Comrado/ESC_BMS_Project/ALL DOCS/ALL DOCS/ESC/STM_B_G431_ESC/Comarado_ESC_v2/MCSDK_v6.3.2-Full/MotorControl/MCSDK/MCLib/Any/Src/feed_forward_ctrl.c:312:13:FF_InitFOCAdditionalMethods	16	static
D:/Comrado/ESC_BMS_Project/ALL DOCS/ALL DOCS/ESC/STM_B_G431_ESC/Comarado_ESC_v2/MCSDK_v6.3.2-Full/MotorControl/MCSDK/MCLib/Any/Src/feed_forward_ctrl.c:338:13:FF_SetFFConstants	16	static
D:/Comrado/ESC_BMS_Project/ALL DOCS/ALL DOCS/ESC/STM_B_G431_ESC/Comarado_ESC_v2/MCSDK_v6.3.2-Full/MotorControl/MCSDK/MCLib/Any/Src/feed_forward_ctrl.c:367:26:FF_GetFFConstants	0	static
D:/Comrado/ESC_BMS_Project/ALL DOCS/ALL DOCS/ESC/STM_B_G431_ESC/Comarado_ESC_v2/MCSDK_v6.3.2-Full/MotorControl/MCSDK/MCLib/Any/Src/feed_forward_ctrl.c:396:13:FF_GetVqdff	8	static
D:/Comrado/ESC_BMS_Project/ALL DOCS/ALL DOCS/ESC/STM_B_G431_ESC/Comarado_ESC_v2/MCSDK_v6.3.2-Full/MotorControl/MCSDK/MCLib/Any/Src/feed_forward_ctrl.c:421:13:FF_GetVqdAvPIout	8	static
