D:/Comrado/ESC_BMS_Project/ALL DOCS/ALL DOCS/ESC/STM_B_G431_ESC/Comarado_Motor_Profiler/Drivers/STM32G4xx_HAL_Driver/Src/stm32g4xx_hal_dac_ex.c:131:19:HAL_DACEx_DualStart	16	static
D:/Comrado/ESC_BMS_Project/ALL DOCS/ALL DOCS/ESC/STM_B_G431_ESC/Comarado_Motor_Profiler/Drivers/STM32G4xx_HAL_Driver/Src/stm32g4xx_hal_dac_ex.c:193:19:HAL_DACEx_DualStop	0	static
D:/Comrado/ESC_BMS_Project/ALL DOCS/ALL DOCS/ESC/STM_B_G431_ESC/Comarado_Motor_Profiler/Drivers/STM32G4xx_HAL_Driver/Src/stm32g4xx_hal_dac_ex.c:232:19:HAL_DACEx_DualStart_DMA	32	static
D:/Comrado/ESC_BMS_Project/ALL DOCS/ALL DOCS/ESC/STM_B_G431_ESC/Comarado_Motor_Profiler/Drivers/STM32G4xx_HAL_Driver/Src/stm32g4xx_hal_dac_ex.c:360:19:HAL_DACEx_DualStop_DMA	8	static
D:/Comrado/ESC_BMS_Project/ALL DOCS/ALL DOCS/ESC/STM_B_G431_ESC/Comarado_Motor_Profiler/Drivers/STM32G4xx_HAL_Driver/Src/stm32g4xx_hal_dac_ex.c:444:19:HAL_DACEx_TriangleWaveGenerate	4	static
D:/Comrado/ESC_BMS_Project/ALL DOCS/ALL DOCS/ESC/STM_B_G431_ESC/Comarado_Motor_Profiler/Drivers/STM32G4xx_HAL_Driver/Src/stm32g4xx_hal_dac_ex.c:503:19:HAL_DACEx_NoiseWaveGenerate	4	static
D:/Comrado/ESC_BMS_Project/ALL DOCS/ALL DOCS/ESC/STM_B_G431_ESC/Comarado_Motor_Profiler/Drivers/STM32G4xx_HAL_Driver/Src/stm32g4xx_hal_dac_ex.c:559:19:HAL_DACEx_SawtoothWaveGenerate	4	static
D:/Comrado/ESC_BMS_Project/ALL DOCS/ALL DOCS/ESC/STM_B_G431_ESC/Comarado_Motor_Profiler/Drivers/STM32G4xx_HAL_Driver/Src/stm32g4xx_hal_dac_ex.c:629:19:HAL_DACEx_SawtoothWaveDataReset	4	static
D:/Comrado/ESC_BMS_Project/ALL DOCS/ALL DOCS/ESC/STM_B_G431_ESC/Comarado_Motor_Profiler/Drivers/STM32G4xx_HAL_Driver/Src/stm32g4xx_hal_dac_ex.c:691:19:HAL_DACEx_SawtoothWaveDataStep	4	static
D:/Comrado/ESC_BMS_Project/ALL DOCS/ALL DOCS/ESC/STM_B_G431_ESC/Comarado_Motor_Profiler/Drivers/STM32G4xx_HAL_Driver/Src/stm32g4xx_hal_dac_ex.c:754:19:HAL_DACEx_DualSetValue	0	static
D:/Comrado/ESC_BMS_Project/ALL DOCS/ALL DOCS/ESC/STM_B_G431_ESC/Comarado_Motor_Profiler/Drivers/STM32G4xx_HAL_Driver/Src/stm32g4xx_hal_dac_ex.c:796:13:HAL_DACEx_ConvCpltCallbackCh2	0	static
D:/Comrado/ESC_BMS_Project/ALL DOCS/ALL DOCS/ESC/STM_B_G431_ESC/Comarado_Motor_Profiler/Drivers/STM32G4xx_HAL_Driver/Src/stm32g4xx_hal_dac_ex.c:1114:6:DAC_DMAConvCpltCh2	8	static
D:/Comrado/ESC_BMS_Project/ALL DOCS/ALL DOCS/ESC/STM_B_G431_ESC/Comarado_Motor_Profiler/Drivers/STM32G4xx_HAL_Driver/Src/stm32g4xx_hal_dac_ex.c:812:13:HAL_DACEx_ConvHalfCpltCallbackCh2	0	static
D:/Comrado/ESC_BMS_Project/ALL DOCS/ALL DOCS/ESC/STM_B_G431_ESC/Comarado_Motor_Profiler/Drivers/STM32G4xx_HAL_Driver/Src/stm32g4xx_hal_dac_ex.c:1133:6:DAC_DMAHalfConvCpltCh2	8	static
D:/Comrado/ESC_BMS_Project/ALL DOCS/ALL DOCS/ESC/STM_B_G431_ESC/Comarado_Motor_Profiler/Drivers/STM32G4xx_HAL_Driver/Src/stm32g4xx_hal_dac_ex.c:828:13:HAL_DACEx_ErrorCallbackCh2	0	static
D:/Comrado/ESC_BMS_Project/ALL DOCS/ALL DOCS/ESC/STM_B_G431_ESC/Comarado_Motor_Profiler/Drivers/STM32G4xx_HAL_Driver/Src/stm32g4xx_hal_dac_ex.c:1150:6:DAC_DMAErrorCh2	8	static
D:/Comrado/ESC_BMS_Project/ALL DOCS/ALL DOCS/ESC/STM_B_G431_ESC/Comarado_Motor_Profiler/Drivers/STM32G4xx_HAL_Driver/Src/stm32g4xx_hal_dac_ex.c:844:13:HAL_DACEx_DMAUnderrunCallbackCh2	0	static
D:/Comrado/ESC_BMS_Project/ALL DOCS/ALL DOCS/ESC/STM_B_G431_ESC/Comarado_Motor_Profiler/Drivers/STM32G4xx_HAL_Driver/Src/stm32g4xx_hal_dac_ex.c:871:19:HAL_DACEx_SelfCalibrate	48	static
D:/Comrado/ESC_BMS_Project/ALL DOCS/ALL DOCS/ESC/STM_B_G431_ESC/Comarado_Motor_Profiler/Drivers/STM32G4xx_HAL_Driver/Src/stm32g4xx_hal_dac_ex.c:1002:19:HAL_DACEx_SetUserTrimming	8	static
D:/Comrado/ESC_BMS_Project/ALL DOCS/ALL DOCS/ESC/STM_B_G431_ESC/Comarado_Motor_Profiler/Drivers/STM32G4xx_HAL_Driver/Src/stm32g4xx_hal_dac_ex.c:1047:10:HAL_DACEx_GetTrimOffset	0	static
D:/Comrado/ESC_BMS_Project/ALL DOCS/ALL DOCS/ESC/STM_B_G431_ESC/Comarado_Motor_Profiler/Drivers/STM32G4xx_HAL_Driver/Src/stm32g4xx_hal_dac_ex.c:1081:10:HAL_DACEx_DualGetValue	0	static
