D:/Comrado/ESC_BMS_Project/ALL DOCS/ALL DOCS/ESC/STM_B_G431_ESC/Comarado_ESC_v2/Src/stm32g4xx_hal_msp.c:68:6:HAL_MspInit	16	static
D:/Comrado/ESC_BMS_Project/ALL DOCS/ALL DOCS/ESC/STM_B_G431_ESC/Comarado_ESC_v2/Src/stm32g4xx_hal_msp.c:98:6:HAL_ADC_MspInit	120	static
D:/Comrado/ESC_BMS_Project/ALL DOCS/ALL DOCS/ESC/STM_B_G431_ESC/Comarado_ESC_v2/Src/stm32g4xx_hal_msp.c:187:6:HAL_ADC_MspDeInit	8	static
D:/Comrado/ESC_BMS_Project/ALL DOCS/ALL DOCS/ESC/STM_B_G431_ESC/Comarado_ESC_v2/Src/stm32g4xx_hal_msp.c:261:6:HAL_CORDIC_MspInit	8	static
D:/Comrado/ESC_BMS_Project/ALL DOCS/ALL DOCS/ESC/STM_B_G431_ESC/Comarado_ESC_v2/Src/stm32g4xx_hal_msp.c:283:6:HAL_CORDIC_MspDeInit	0	static
D:/Comrado/ESC_BMS_Project/ALL DOCS/ALL DOCS/ESC/STM_B_G431_ESC/Comarado_ESC_v2/Src/stm32g4xx_hal_msp.c:305:6:HAL_OPAMP_MspInit	48	static
D:/Comrado/ESC_BMS_Project/ALL DOCS/ALL DOCS/ESC/STM_B_G431_ESC/Comarado_ESC_v2/Src/stm32g4xx_hal_msp.c:380:6:HAL_OPAMP_MspDeInit	0	static
D:/Comrado/ESC_BMS_Project/ALL DOCS/ALL DOCS/ESC/STM_B_G431_ESC/Comarado_ESC_v2/Src/stm32g4xx_hal_msp.c:442:6:HAL_TIM_PWM_MspInit	8	static
D:/Comrado/ESC_BMS_Project/ALL DOCS/ALL DOCS/ESC/STM_B_G431_ESC/Comarado_ESC_v2/Src/stm32g4xx_hal_msp.c:458:6:HAL_TIM_MspPostInit	56	static
D:/Comrado/ESC_BMS_Project/ALL DOCS/ALL DOCS/ESC/STM_B_G431_ESC/Comarado_ESC_v2/Src/stm32g4xx_hal_msp.c:511:6:HAL_TIM_PWM_MspDeInit	8	static
D:/Comrado/ESC_BMS_Project/ALL DOCS/ALL DOCS/ESC/STM_B_G431_ESC/Comarado_ESC_v2/Src/stm32g4xx_hal_msp.c:537:6:HAL_UART_MspInit	112	static
D:/Comrado/ESC_BMS_Project/ALL DOCS/ALL DOCS/ESC/STM_B_G431_ESC/Comarado_ESC_v2/Src/stm32g4xx_hal_msp.c:618:6:HAL_UART_MspDeInit	8	static
